Argument values: path=C:\Users\alex3\Projects\AI sem 1\sem-1\BIA\Evolutionary Design\Framsticks55, lib=None, sim=eval-allcriteria.sim;deterministic.sim;sample-period-2.sim;only-body.sim;uneven-ground.sim, genformat=0, initialgenotype=None, opt=vertpos, popsize=100, generations=300, tournament=10, pmut=0.9, pxov=0.2, hof_size=1, hof_savefile=C:\Users\alex3\Projects\AI sem 1\sem-1\BIA\Evolutionary Design\runs\2026-09-07_224747\gens\HoF-f0-9.gen, save_stats=C:\Users\alex3\Projects\AI sem 1\sem-1\BIA\Evolutionary Design\stats, max_numparts=30, max_numjoints=None, max_numneurons=None, max_numconnections=None, max_numgenochars=None
Using Framsticks version: 5.5
Home (writable) dir     : C:\Users\alex3\Projects\AI sem 1\sem-1\BIA\Evolutionary Design\Framsticks55\data
Resources dir           : C:\Users\alex3\Projects\AI sem 1\sem-1\BIA\Evolutionary Design\Framsticks55\data

Available objects: ['CheckpointEvent', 'Collision', 'CrCollision', 'Creature', 'CreatureSettings', 'CreatureSignals', 'CreatureSnapshot', 'Dictionary', 'ExpProperties', 'ExpState', 'ExtValue', 'File', 'FunctionReference', 'GenMan', 'GenManStats', 'GenePool', 'GenePools', 'Geno', 'GenoConverters', 'Genotype', 'Interface', 'Joint', 'Loader', 'Math', 'MechJoint', 'MechPart', 'MessageCatcher', 'Model', 'ModelGeometry', 'ModelSymmetry', 'Neuro', 'NeuroClass', 'NeuroClassLibrary', 'NeuroDef', 'NeuroSignals', 'NeuronsSimEnabled', 'ODE', 'Orient', 'Part', 'Population', 'Populations', 'Ref', 'Signal', 'SignalView', 'SimilMeasure', 'SimilMeasureDistribution', 'SimilMeasureGreedy', 'SimilMeasureHungarian', 'Simulator', 'SlaveSimulators', 'StopEvent', 'String', 'UserScripts', 'Vector', 'WireframeAppearance', 'World', 'WorldMap', 'WorldSignals', 'XYZ', '__builtins__', '__cached__', '__doc__', '__file__', '__loader__', '__name__', '__package__', '__spec__', 'c_api', 'ctypes', 'home_dir', 'init', 'os', 're', 'res_dir', 'sim_params', 'stats', 'sys']

Basic tests OK. Using settings: ['eval-allcriteria.sim', 'deterministic.sim', 'sample-period-2.sim', 'only-body.sim', 'uneven-ground.sim']

Simulator.load: Loading from 'eval-allcriteria.sim'
Loader.load: Comments read from file follow:
Loader.load:  Sample settings for evaluating many criteria of performance of a Framsticks creature.
Loader.load:  See the "evalcount" parameter if you want to speed the evaluation up or have a more stable result.
Loader.load:  Other important parameters are "Energy0" and "perfperiod".
Loader.load:  Put this file in the "data" subdirectory within the Framsticks distribution.
Simulator.load: Loaded genepool settings, 2 population settings, simulator settings from 'eval-allcriteria.sim'
Simulator.load: Loading from 'deterministic.sim'
Loader.load: Comments read from file follow:
Loader.load:  Parameter values that make the evaluation of a Framsticks creature deterministic.
Loader.load:  The values turn off random noise, so evaluation of the same genotype will always yield the same performance.
Loader.load:  The advantage is that you do not need to evaluate a genotype many times, and performance values are reliable.
Loader.load:  The disadvantage is that evolved creatures are "overfitting", i.e. rely entirely on the specific environment,
Loader.load:  and their behavior may be different in any other environment or (even slightly) changed conditions or parameter values,
Loader.load:  so each creature evolved using these settings must be later inspected using exactly the same setup.
Loader.load: 
Loader.load:  Before loading this file, load base settings, e.g. "eval-allcriteria.sim".
Loader.load:  Put this file in the "data" subdirectory within the Framsticks distribution.
Simulator.load: Loaded simulator settings from 'deterministic.sim'
Simulator.load: Loading from 'sample-period-2.sim'
Loader.load: Comments read from file follow:
Loader.load:  Very low "performance sampling period" in the first population to sample performance very often during lifespan
Loader.load:  and avoid overlooking some behavior. Averaged performance of sampled values is returned as the final value.
Loader.load:  See http://www.framsticks.com/a/al_params.html#exper-perfcalc
Loader.load: 
Loader.load:  Before loading this file, load base settings, e.g. "eval-allcriteria.sim".
Loader.load:  Put this file in the "data" subdirectory within the Framsticks distribution.
Simulator.load: Loaded population settings from 'sample-period-2.sim'
Simulator.load: Loading from 'only-body.sim'
Loader.load: Comments read from file follow:
Loader.load:  Turns off mutations in f0, f1, f4, fH related to brain (disables adding and modifying neurons)
Simulator.load: Loaded simulator settings from 'only-body.sim'
Simulator.load: Loading from 'uneven-ground.sim'
Loader.load: Comments read from file follow:
Loader.load:  Produces a microscopically uneven underlying heightfield, where the resting height ("vertpos") is sensitive to the shape of structures,
Loader.load:  because individual Parts settle at different elevations depending on the (world-centered) geometry of the structure.
Simulator.load: Loaded simulator settings from 'uneven-ground.sim'
gen	nevals	avg         	stddev    	min         	max         
0  	100   	-0.000966667	1.0842e-19	-0.000966667	-0.000966667
1  	90    	-0.000966667	9.42809e-06	-0.001      	-0.000933333
2  	97    	-0.000893967	0.000636523	-0.001      	0.00543665  
3  	92    	-0.000256223	0.0026351  	-0.000966667	0.0193181   
4  	92    	0.0146042   	0.0331968  	-0.000966667	0.153128    
5  	93    	0.0731074   	0.0575436  	-0.000933333	0.172443    
6  	88    	0.127945    	0.0545578  	-0.000933333	0.202567    
7  	91    	0.157015    	0.0605646  	-0.000933333	0.312673    
8  	91    	0.193326    	0.0872856  	-0.000933333	0.411945    
9  	91    	0.266651    	0.115166   	-0.000933333	0.454036    
10 	93    	0.303943    	0.137367   	-0.000933333	0.533552    
11 	95    	0.359916    	0.152313   	-0.000933333	0.533566    
12 	86    	0.3976      	0.178544   	-0.000933333	0.631462    
13 	94    	0.41524     	0.185783   	-0.000933333	0.631462    
14 	93    	0.397893    	0.212942   	-0.000933333	0.632525    
15 	95    	0.467846    	0.216101   	-0.000933333	0.771144    
16 	93    	0.555303    	0.162878   	0.140551    	0.771144    
17 	95    	0.55466     	0.224545   	0.104472    	0.771223    
18 	91    	0.596523    	0.243635   	0.0289994   	0.779081    
19 	90    	0.605627    	0.248635   	0.104484    	0.793149    
20 	92    	0.630138    	0.234745   	0.0402906   	0.793149    
21 	87    	0.643846    	0.229636   	0.0372846   	0.793149    
22 	92    	0.657102    	0.218619   	0.178028    	0.819365    
23 	93    	0.654637    	0.228686   	0.0372846   	0.819365    
24 	94    	0.592394    	0.263309   	0.129958    	0.819375    
25 	91    	0.623963    	0.245974   	0.0509204   	0.83563     
26 	93    	0.60948     	0.269821   	0.123848    	0.838271    
27 	92    	0.611984    	0.253471   	0.142703    	0.850264    
28 	89    	0.646991    	0.258156   	0.129536    	0.850264    
29 	97    	0.654631    	0.248575   	0.16458     	0.850511    
30 	91    	0.661718    	0.260343   	0.137733    	0.856308    
31 	97    	0.608258    	0.277285   	0.0481611   	0.856308    
32 	92    	0.651153    	0.263313   	0.0481611   	0.864452    
33 	90    	0.620744    	0.279993   	0.0630765   	0.864452    
34 	93    	0.675136    	0.264572   	0.092552    	0.88271     
35 	93    	0.68196     	0.261917   	0.092552    	0.896625    
36 	92    	0.648263    	0.285894   	0.0917745   	0.896625    
37 	90    	0.652762    	0.301422   	0.0684401   	0.904999    
38 	93    	0.604578    	0.31996    	0.0684401   	0.914784    
39 	90    	0.667385    	0.305035   	0.141915    	0.914784    
40 	91    	0.637137    	0.319497   	0.0642274   	0.914937    
41 	91    	0.608425    	0.316836   	0.06393     	0.914937    
42 	91    	0.650169    	0.326919   	0.0641312   	0.914937    
43 	90    	0.682605    	0.30339    	0.0642195   	0.914937    
44 	93    	0.649003    	0.31323    	0.0642195   	0.915753    
45 	92    	0.618821    	0.319804   	0.0642195   	0.915753    
46 	94    	0.635281    	0.310134   	0.0642195   	0.915756    
47 	91    	0.673067    	0.307252   	0.0566556   	0.915778    
48 	93    	0.669276    	0.319326   	0.0640015   	0.915778    
49 	89    	0.63501     	0.317169   	0.0642492   	0.915778    
50 	88    	0.685067    	0.317936   	0.0568528   	0.92556     
51 	95    	0.661269    	0.305618   	0.0895109   	0.92556     
52 	91    	0.712858    	0.294439   	0.0713827   	0.928949    
Problem "'NoneType' object is not subscriptable" so could not evaluate genotype "//0
p:1.0, fr=0.15, ing=0.113
p:fr=1.521, ing=0.239
p:0.967, -0.368, 1.866, fr=0.39, ing=0.182
p:1.791, -1.11, 2.162, ing=0.157
p:0.9797126209592998, 1.404921676862346, 0.9409123517309548, fr=0.066
p:0.4474069013158204, -0.642437780812901, 1.811384720337127, fr=0.592, ing=0.429
p:0.6074087926164136, 0.485034272646375, 3.6386327124542994, fr=0.344
p:1.791, -1.11, 2.162
j:2, 0, rotstif=0.979
j:1, 0
j:4, 0, stif=0.999, rotstif=0.924
j:2, 4, rotstif=0.943
j:5, 0
j:3, 2, rotstif=0.892
j:6, 2
j:7, 3
", hence assigned it a special ("infeasible solution") fitness value: [-999999.0]
53 	92    	0.666101    	0.331006   	0.05901     	0.928949    
Selection: ignoring 1 infeasible solution in a population of size 100
54 	91    	0.684301    	0.3156     	0.0709762   	0.928949    
55 	91    	0.634403    	0.315907   	0.0792013   	0.935326    
56 	93    	0.642298    	0.332645   	0.0651214   	0.935394    
57 	92    	0.662654    	0.332865   	0.0711736   	0.936294    
58 	93    	0.668272    	0.328934   	0.0712872   	0.936294    
59 	90    	0.713321    	0.316173   	0.0712682   	0.938323    
60 	91    	0.664842    	0.328764   	0.0712421   	0.938583    
61 	85    	0.631513    	0.344259   	0.0809255   	0.939186    
62 	94    	0.618311    	0.336325   	0.0712421   	0.939186    
63 	95    	0.631594    	0.338959   	0.0734012   	0.942177    
64 	90    	0.729267    	0.302009   	0.0939568   	0.942177    
65 	92    	0.732854    	0.312398   	0.073285    	0.942177    
66 	94    	0.625757    	0.343304   	0.0884356   	0.942574    
67 	91    	0.654136    	0.341359   	0.0706255   	0.942624    
68 	91    	0.66248     	0.328796   	0.09347     	0.942667    
69 	94    	0.635483    	0.339882   	0.0895062   	0.94279     
70 	91    	0.648734    	0.331      	0.0893215   	0.94402     
71 	91    	0.704871    	0.324571   	0.0911836   	0.945337    
72 	93    	0.721033    	0.322153   	0.0864125   	0.947812    
73 	91    	0.656332    	0.347261   	0.0751944   	0.947986    
74 	94    	0.673539    	0.34018    	0.0905777   	0.950376    
75 	89    	0.69765     	0.330677   	0.140912    	0.955456    
76 	91    	0.679345    	0.337412   	0.0743525   	0.955456    
77 	95    	0.683864    	0.334449   	0.0861722   	0.955619    
78 	86    	0.650465    	0.350727   	0.0810578   	0.955619    
79 	89    	0.654594    	0.349018   	0.0749934   	0.955619    
80 	92    	0.671991    	0.341745   	0.0745616   	0.956271    
81 	91    	0.675305    	0.346643   	0.0745634   	0.959562    
82 	94    	0.662331    	0.34343    	0.082504    	0.959562    
83 	92    	0.609618    	0.355357   	0.0806754   	0.959977    
84 	95    	0.685671    	0.344959   	0.0819061   	0.960204    
85 	91    	0.700621    	0.334175   	0.0739293   	0.960615    
86 	88    	0.686036    	0.33876    	0.0745991   	0.963447    
87 	93    	0.609819    	0.356793   	0.0819122   	0.964294    
88 	94    	0.696993    	0.342695   	0.0815237   	0.964294    
89 	94    	0.623024    	0.356639   	0.0803606   	0.964424    
90 	92    	0.665009    	0.362776   	0.0728602   	0.964424    
91 	93    	0.634925    	0.362591   	0.073384    	0.970228    
92 	94    	0.706233    	0.348053   	0.0702509   	0.970228    
93 	89    	0.648296    	0.361953   	0.079839    	0.970228    
94 	87    	0.73045     	0.340644   	0.079839    	0.970331    
95 	90    	0.682238    	0.359387   	0.0733346   	0.970343    
96 	88    	0.71461     	0.351969   	0.0736139   	0.97091     
97 	91    	0.675731    	0.348656   	0.160186    	0.97091     
98 	92    	0.680325    	0.359665   	0.0780672   	0.970954    
99 	94    	0.669005    	0.357549   	0.0733821   	0.971018    
100	93    	0.679001    	0.352775   	0.0733372   	0.971159    
101	98    	0.637483    	0.370677   	0.0733372   	0.971159    
102	92    	0.741642    	0.330477   	0.0804315   	0.971257    
103	93    	0.658744    	0.356007   	0.0736084   	0.971257    
104	90    	0.640408    	0.362288   	0.0803841   	0.971257    
105	92    	0.695238    	0.348976   	0.0803841   	0.971264    
106	94    	0.663317    	0.361809   	0.0803603   	0.971276    
107	84    	0.683164    	0.338732   	0.0803603   	0.971276    
108	94    	0.724649    	0.340672   	0.08041     	0.971293    
109	93    	0.665911    	0.351667   	0.0860158   	0.971293    
110	93    	0.642613    	0.362855   	0.0735735   	0.971293    
111	88    	0.709923    	0.354244   	0.080432    	0.971293    
112	94    	0.640166    	0.35189    	0.080432    	0.971305    
113	95    	0.613254    	0.364977   	0.0735735   	0.971307    
114	89    	0.68607     	0.361524   	0.0735735   	0.971316    
115	93    	0.688933    	0.356527   	0.0860229   	0.971316    
116	92    	0.692535    	0.347668   	0.0889958   	0.971316    
117	94    	0.652233    	0.350167   	0.169097    	0.971317    
118	91    	0.683355    	0.360502   	0.073297    	0.971317    
119	92    	0.68904     	0.348804   	0.0804473   	0.971317    
120	96    	0.66117     	0.363991   	0.0804719   	0.971317    
121	92    	0.714067    	0.343261   	0.0890096   	0.974166    
122	93    	0.666818    	0.368237   	0.0804719   	0.974166    
123	91    	0.677748    	0.363174   	0.0733393   	0.974166    
124	94    	0.676614    	0.359418   	0.0706526   	0.974813    
125	95    	0.645793    	0.364072   	0.0724578   	0.975216    
126	88    	0.681567    	0.36092    	0.079809    	0.97543     
127	91    	0.733762    	0.340391   	0.0824976   	0.97543     
128	94    	0.648387    	0.372306   	0.0825983   	0.97543     
129	94    	0.692494    	0.355889   	0.0686565   	0.975435    
130	89    	0.667189    	0.358105   	0.0684162   	0.975462    
131	90    	0.636491    	0.359509   	0.0823868   	0.984724    
132	93    	0.652982    	0.356943   	0.0808969   	0.984724    
133	92    	0.627928    	0.372587   	0.0684162   	0.984724    
134	92    	0.6859      	0.368873   	0.0754877   	0.984724    
135	91    	0.692195    	0.353588   	0.0825639   	0.984824    
136	90    	0.59476     	0.365073   	0.079064    	0.984755    
137	85    	0.66082     	0.367765   	0.068987    	0.984783    
138	93    	0.676388    	0.371001   	0.0825595   	0.984834    
139	93    	0.669688    	0.365849   	0.0825614   	0.984893    
140	87    	0.677602    	0.369797   	0.0690011   	0.984893    
141	93    	0.647583    	0.366239   	0.0792663   	0.984893    
142	93    	0.668637    	0.373387   	0.0792663   	0.9849      
143	93    	0.676536    	0.373611   	0.0796      	0.9849      
144	88    	0.63516     	0.369239   	0.0802029   	0.9849      
145	95    	0.696818    	0.359331   	0.0825305   	0.984913    
146	86    	0.733608    	0.346608   	0.0829121   	0.984913    
147	92    	0.702181    	0.369535   	0.0790957   	0.984971    
148	92    	0.726689    	0.360365   	0.0796376   	0.984971    
149	87    	0.669659    	0.375508   	0.068302    	0.984973    
150	95    	0.680538    	0.371204   	0.0790957   	0.984973    
151	88    	0.713972    	0.347874   	0.0690576   	0.985002    
152	93    	0.606072    	0.370088   	0.0790957   	0.9851      
153	92    	0.695331    	0.365548   	0.0690599   	0.986948    
154	91    	0.636109    	0.388917   	0.0690599   	0.986953    
155	97    	0.675986    	0.367938   	0.0691124   	0.987082    
156	97    	0.655024    	0.371301   	0.0800857   	0.98719     
157	89    	0.685072    	0.369989   	0.0798615   	0.98719     
158	86    	0.713288    	0.362309   	0.0767477   	0.987207    
159	90    	0.699282    	0.367221   	0.0696276   	0.987278    
160	91    	0.640894    	0.376788   	0.069225    	0.987278    
161	92    	0.639942    	0.384275   	0.0695532   	0.987312    
162	92    	0.719672    	0.358869   	0.0696252   	0.987312    
163	92    	0.668145    	0.384826   	0.0690569   	0.987355    
164	84    	0.666791    	0.371815   	0.0690921   	0.987355    
165	91    	0.672132    	0.37226    	0.0690921   	0.987388    
166	95    	0.697213    	0.365244   	0.069092    	0.987388    
167	97    	0.662537    	0.368885   	0.0801586   	0.987388    
168	93    	0.632895    	0.366478   	0.0689331   	0.987388    
169	94    	0.690816    	0.373322   	0.0690921   	0.987388    
170	89    	0.638228    	0.370184   	0.0802448   	0.987388    
171	89    	0.640059    	0.379303   	0.0722623   	0.987388    
172	93    	0.653298    	0.378555   	0.0802448   	0.987391    
173	91    	0.664727    	0.366234   	0.0690583   	0.987392    
174	91    	0.697732    	0.365725   	0.0690583   	0.987392    
175	93    	0.579449    	0.372234   	0.0690583   	0.987392    
176	84    	0.683804    	0.360376   	0.0690949   	0.987392    
177	96    	0.681233    	0.365185   	0.0825043   	0.987392    
178	94    	0.653556    	0.363538   	0.0690949   	0.987392    
179	93    	0.632001    	0.375529   	0.0690949   	0.987393    
180	92    	0.682057    	0.365615   	0.0683584   	0.987393    
181	94    	0.681596    	0.365135   	0.0802196   	0.987393    
182	97    	0.682617    	0.364868   	0.0690949   	0.987393    
183	89    	0.708071    	0.355413   	0.0686051   	0.987393    
184	90    	0.641295    	0.382099   	0.0801881   	0.987393    
185	93    	0.654692    	0.376085   	0.0801313   	0.987393    
186	92    	0.690535    	0.36087    	0.068686    	0.987393    
187	95    	0.686697    	0.366235   	0.0801881   	0.987393    
188	93    	0.598684    	0.378427   	0.0801881   	0.987393    
189	87    	0.671651    	0.380583   	0.0801761   	0.987393    
190	90    	0.698971    	0.362993   	0.0799796   	0.987393    
191	93    	0.648368    	0.363141   	0.0801332   	0.987393    
192	91    	0.680073    	0.359033   	0.0686867   	0.987393    
193	97    	0.600528    	0.376434   	0.0801881   	0.987393    
194	95    	0.68002     	0.364728   	0.0801881   	0.987393    
195	92    	0.668253    	0.369325   	0.0801877   	0.987393    
196	94    	0.692793    	0.359129   	0.164533    	0.987393    
197	91    	0.583137    	0.378717   	0.080187    	0.987393    
198	93    	0.672618    	0.365329   	0.0801332   	0.987393    
199	87    	0.718327    	0.355396   	0.0801881   	0.987393    
200	90    	0.667295    	0.383815   	0.0686867   	0.987393    
201	91    	0.649044    	0.371547   	0.0680174   	0.987393    
202	93    	0.649954    	0.358456   	0.0825777   	0.987393    
203	87    	0.676575    	0.368957   	0.0825842   	0.987393    
204	96    	0.642749    	0.371622   	0.0801122   	0.98745     
205	90    	0.664948    	0.3705     	0.0680967   	0.98745     
206	92    	0.607879    	0.385729   	0.0801881   	0.98745     
207	94    	0.654101    	0.365018   	0.0802184   	0.98745     
208	95    	0.675416    	0.372818   	0.0680284   	0.98745     
209	88    	0.622947    	0.374755   	0.0808162   	0.98745     
210	91    	0.677489    	0.370623   	0.0808162   	0.987452    
211	96    	0.56477     	0.376428   	0.0686806   	0.987452    
212	90    	0.628192    	0.381326   	0.0681471   	0.987452    
213	92    	0.668092    	0.376506   	0.0693557   	0.987452    
214	92    	0.678279    	0.373509   	0.0693187   	0.987452    
215	92    	0.69034     	0.373639   	0.080833    	0.987452    
216	96    	0.643102    	0.376986   	0.080833    	0.987452    
217	93    	0.702093    	0.361599   	0.0808322   	0.987452    
218	91    	0.704485    	0.373812   	0.0693236   	0.987452    
219	93    	0.644823    	0.37232    	0.0808322   	0.987452    
220	97    	0.690111    	0.357833   	0.080833    	0.987452    
221	90    	0.7145      	0.36529    	0.080833    	0.987456    
222	90    	0.705195    	0.369715   	0.080833    	0.987456    
223	95    	0.684325    	0.372357   	0.0695061   	0.987456    
224	91    	0.683739    	0.375163   	0.0695664   	0.987456    
225	88    	0.726269    	0.367226   	0.069273    	0.987456    
226	91    	0.744507    	0.345938   	0.069273    	0.987456    
227	95    	0.657633    	0.36794    	0.069273    	0.987456    
228	94    	0.646645    	0.372295   	0.069273    	0.987456    
229	94    	0.677815    	0.370495   	0.080846    	0.987456    
230	95    	0.739647    	0.348562   	0.069273    	0.987456    
231	98    	0.676348    	0.3678     	0.0693744   	0.987456    
232	96    	0.646668    	0.375312   	0.069273    	0.987456    
233	90    	0.656514    	0.369088   	0.080846    	0.987456    
234	92    	0.675755    	0.375131   	0.080846    	0.987456    
235	96    	0.657324    	0.374937   	0.064884    	0.987456    
236	94    	0.667626    	0.371803   	0.080846    	0.987456    
237	93    	0.72427     	0.359899   	0.069273    	0.987456    
238	91    	0.675624    	0.37018    	0.0808457   	0.987456    
239	91    	0.720322    	0.359289   	0.069273    	0.987456    
240	93    	0.664791    	0.372637   	0.080846    	0.987456    
241	94    	0.735258    	0.343191   	0.0825748   	0.987456    
242	95    	0.557979    	0.360946   	0.0695252   	0.987456    
243	91    	0.685312    	0.367337   	0.069273    	0.987456    
244	91    	0.686331    	0.373186   	0.0692733   	0.990978    
245	91    	0.731792    	0.352956   	0.080846    	0.990978    
246	94    	0.622446    	0.371656   	0.069273    	0.990978    
247	91    	0.722939    	0.359471   	0.0695783   	0.991026    
248	95    	0.675355    	0.375399   	0.0700303   	0.991698    
249	90    	0.629392    	0.373195   	0.0700303   	0.991716    
250	91    	0.69331     	0.37708    	0.0728955   	0.991716    
251	91    	0.639695    	0.375056   	0.0728955   	0.992151    
252	96    	0.691589    	0.364275   	0.092202    	0.992151    
253	93    	0.633771    	0.379565   	0.0726858   	0.992151    
254	93    	0.660561    	0.384906   	0.0799571   	0.992151    
255	93    	0.719929    	0.361918   	0.0709335   	0.992154    
256	90    	0.667072    	0.36835    	0.0729077   	0.992165    
257	91    	0.619919    	0.376436   	0.0801679   	0.992165    
258	93    	0.638551    	0.381881   	0.0728961   	0.992165    
259	91    	0.709364    	0.358812   	0.0729178   	0.992167    
260	95    	0.632976    	0.380098   	0.0801828   	0.992167    
261	92    	0.681704    	0.363093   	0.0729139   	0.992167    
262	89    	0.707473    	0.367443   	0.0801942   	0.992207    
263	92    	0.655198    	0.37841    	0.0666573   	0.992207    
264	94    	0.736082    	0.355538   	0.0802144   	0.992207    
265	96    	0.65643     	0.384015   	0.0728003   	0.992207    
266	94    	0.70703     	0.35873    	0.0802144   	0.992207    
267	92    	0.681658    	0.368527   	0.0857515   	0.992207    
268	92    	0.63543     	0.383689   	0.0724761   	0.992207    
269	96    	0.685275    	0.377948   	0.0717714   	0.992207    
270	96    	0.661286    	0.379975   	0.0801496   	0.992207    
271	91    	0.748134    	0.340879   	0.0806335   	0.992207    
272	96    	0.709942    	0.369513   	0.0717756   	0.992207    
273	86    	0.686873    	0.353054   	0.0827678   	0.992207    
274	87    	0.705924    	0.365296   	0.0713583   	0.992207    
275	88    	0.753023    	0.347785   	0.105904    	0.992207    
276	94    	0.63949     	0.377001   	0.0806341   	0.992207    
277	93    	0.670511    	0.37515    	0.0717714   	0.992207    
278	95    	0.692347    	0.370909   	0.0700921   	0.992207    
279	95    	0.66581     	0.373799   	0.0807956   	0.992207    
280	88    	0.657733    	0.36936    	0.0807208   	0.992207    
281	83    	0.696834    	0.36132    	0.0717778   	0.992207    
282	93    	0.720921    	0.363632   	0.0717714   	0.992207    
283	94    	0.649533    	0.376861   	0.0809243   	0.992207    
284	90    	0.617753    	0.371656   	0.0806341   	0.992207    
285	91    	0.672925    	0.378633   	0.0806341   	0.992207    
286	89    	0.710641    	0.359402   	0.0717714   	0.992207    
287	92    	0.688686    	0.37488    	0.0713999   	0.992207    
288	94    	0.685974    	0.378093   	0.0713569   	0.992209    
289	91    	0.745831    	0.360609   	0.08075     	0.992209    
290	84    	0.68082     	0.374884   	0.0807474   	0.992209    
291	90    	0.721419    	0.357429   	0.0764686   	0.992209    
292	87    	0.674492    	0.372928   	0.0795438   	0.992209    
293	95    	0.656677    	0.377528   	0.0807769   	0.992209    
294	85    	0.681406    	0.371033   	0.0713594   	0.992209    
295	94    	0.666436    	0.37547    	0.0713623   	0.992209    
296	89    	0.736805    	0.354989   	0.0827607   	0.992209    
297	95    	0.653096    	0.379935   	0.0714434   	0.992209    
298	94    	0.672377    	0.367582   	0.0807838   	0.992209    
299	95    	0.675839    	0.368564   	0.08075     	0.992209    
300	87    	0.722233    	0.350099   	0.0827606   	0.992209    
Best individuals:
(0.9922089893595143,) 	<--	 //0
p:1.0, fr=0.134, ing=0.106
p:fr=3.937, ing=0.139
p:0.967, -0.368, 1.866, fr=0.873, ing=0.519
p:1.721, -0.746, 3.259, fr=1.769, ing=0.559
p:0.950626412564136, 1.4046562818722195, 0.940461425993795, fr=0.066, ing=0.108
p:0.5456811700358171, -0.7510168413693638, 1.7968773315726256, fr=0.446, ing=0.072
p:0.5199077811912842, 0.24370787235702307, 3.716708531016471, fr=1.332, ing=0.116
j:2, 0, rotstif=0.825
j:1, 0, stif=0.999, rotstif=0.562
j:4, 0, rotstif=0.938
j:2, 4, rotstif=0.94
j:5, 0, rotstif=0.692
j:3, 2, stif=0.999, rotstif=0.747
j:6, 2, rotstif=0.828

Saved 'C:\Users\alex3\Projects\AI sem 1\sem-1\BIA\Evolutionary Design\runs\2026-09-07_224747\gens\HoF-f0-9.gen' (1)
C:\Users\alex3\Projects\AI sem 1\sem-1\BIA\Evolutionary Design\stats\2026-09-07_23\HoF-f0-9.logbook.pkl
[CRITICAL] AppFilesystem.setup: Home directory could not be created: 'C:\Users\alex3\Projects\AI sem 1\sem-1\BIA\Evolutionary Design\Framsticks55\data'
VMNeuronManager.autoload: Neuro classes added: Delay Light Nn PIDP PIDV SeeLight SeeLight2 S0 S1 Thr 
UserScripts.autoload: 20 user scripts added.
