Argument values: path=C:\Users\alex3\Projects\AI sem 1\sem-1\BIA\Evolutionary Design\Framsticks55, lib=None, sim=eval-allcriteria.sim;deterministic.sim;sample-period-2.sim;only-body.sim;uneven-ground.sim, genformat=0, initialgenotype=None, opt=vertpos, popsize=100, generations=300, tournament=10, pmut=0.9, pxov=0.2, hof_size=1, hof_savefile=C:\Users\alex3\Projects\AI sem 1\sem-1\BIA\Evolutionary Design\runs\2026-09-07_224747\gens\HoF-f0-1.gen, save_stats=C:\Users\alex3\Projects\AI sem 1\sem-1\BIA\Evolutionary Design\stats, max_numparts=30, max_numjoints=None, max_numneurons=None, max_numconnections=None, max_numgenochars=None
Using Framsticks version: 5.5
Home (writable) dir     : C:\Users\alex3\Projects\AI sem 1\sem-1\BIA\Evolutionary Design\Framsticks55\data
Resources dir           : C:\Users\alex3\Projects\AI sem 1\sem-1\BIA\Evolutionary Design\Framsticks55\data

Available objects: ['CheckpointEvent', 'Collision', 'CrCollision', 'Creature', 'CreatureSettings', 'CreatureSignals', 'CreatureSnapshot', 'Dictionary', 'ExpProperties', 'ExpState', 'ExtValue', 'File', 'FunctionReference', 'GenMan', 'GenManStats', 'GenePool', 'GenePools', 'Geno', 'GenoConverters', 'Genotype', 'Interface', 'Joint', 'Loader', 'Math', 'MechJoint', 'MechPart', 'MessageCatcher', 'Model', 'ModelGeometry', 'ModelSymmetry', 'Neuro', 'NeuroClass', 'NeuroClassLibrary', 'NeuroDef', 'NeuroSignals', 'NeuronsSimEnabled', 'ODE', 'Orient', 'Part', 'Population', 'Populations', 'Ref', 'Signal', 'SignalView', 'SimilMeasure', 'SimilMeasureDistribution', 'SimilMeasureGreedy', 'SimilMeasureHungarian', 'Simulator', 'SlaveSimulators', 'StopEvent', 'String', 'UserScripts', 'Vector', 'WireframeAppearance', 'World', 'WorldMap', 'WorldSignals', 'XYZ', '__builtins__', '__cached__', '__doc__', '__file__', '__loader__', '__name__', '__package__', '__spec__', 'c_api', 'ctypes', 'home_dir', 'init', 'os', 're', 'res_dir', 'sim_params', 'stats', 'sys']

Basic tests OK. Using settings: ['eval-allcriteria.sim', 'deterministic.sim', 'sample-period-2.sim', 'only-body.sim', 'uneven-ground.sim']

Simulator.load: Loading from 'eval-allcriteria.sim'
Loader.load: Comments read from file follow:
Loader.load:  Sample settings for evaluating many criteria of performance of a Framsticks creature.
Loader.load:  See the "evalcount" parameter if you want to speed the evaluation up or have a more stable result.
Loader.load:  Other important parameters are "Energy0" and "perfperiod".
Loader.load:  Put this file in the "data" subdirectory within the Framsticks distribution.
Simulator.load: Loaded genepool settings, 2 population settings, simulator settings from 'eval-allcriteria.sim'
Simulator.load: Loading from 'deterministic.sim'
Loader.load: Comments read from file follow:
Loader.load:  Parameter values that make the evaluation of a Framsticks creature deterministic.
Loader.load:  The values turn off random noise, so evaluation of the same genotype will always yield the same performance.
Loader.load:  The advantage is that you do not need to evaluate a genotype many times, and performance values are reliable.
Loader.load:  The disadvantage is that evolved creatures are "overfitting", i.e. rely entirely on the specific environment,
Loader.load:  and their behavior may be different in any other environment or (even slightly) changed conditions or parameter values,
Loader.load:  so each creature evolved using these settings must be later inspected using exactly the same setup.
Loader.load: 
Loader.load:  Before loading this file, load base settings, e.g. "eval-allcriteria.sim".
Loader.load:  Put this file in the "data" subdirectory within the Framsticks distribution.
Simulator.load: Loaded simulator settings from 'deterministic.sim'
Simulator.load: Loading from 'sample-period-2.sim'
Loader.load: Comments read from file follow:
Loader.load:  Very low "performance sampling period" in the first population to sample performance very often during lifespan
Loader.load:  and avoid overlooking some behavior. Averaged performance of sampled values is returned as the final value.
Loader.load:  See http://www.framsticks.com/a/al_params.html#exper-perfcalc
Loader.load: 
Loader.load:  Before loading this file, load base settings, e.g. "eval-allcriteria.sim".
Loader.load:  Put this file in the "data" subdirectory within the Framsticks distribution.
Simulator.load: Loaded population settings from 'sample-period-2.sim'
Simulator.load: Loading from 'only-body.sim'
Loader.load: Comments read from file follow:
Loader.load:  Turns off mutations in f0, f1, f4, fH related to brain (disables adding and modifying neurons)
Simulator.load: Loaded simulator settings from 'only-body.sim'
Simulator.load: Loading from 'uneven-ground.sim'
Loader.load: Comments read from file follow:
Loader.load:  Produces a microscopically uneven underlying heightfield, where the resting height ("vertpos") is sensitive to the shape of structures,
Loader.load:  because individual Parts settle at different elevations depending on the (world-centered) geometry of the structure.
Simulator.load: Loaded simulator settings from 'uneven-ground.sim'
gen	nevals	avg         	stddev    	min         	max         
0  	100   	-0.000966667	1.0842e-19	-0.000966667	-0.000966667
1  	89    	-0.000969   	1.08064e-05	-0.001      	-0.000933333
2  	88    	-0.000960667	1.72434e-05	-0.001      	-0.000933333
3  	94    	-0.000531121	0.0039177  	-0.001      	0.0384206   
4  	93    	0.00319946  	0.012086   	-0.000966667	0.0557504   
5  	92    	0.0303161   	0.0313699  	-0.000933333	0.24026     
6  	88    	0.067669    	0.0586987  	-0.000933333	0.241914    
Problem "'NoneType' object is not subscriptable" so could not evaluate genotype "//0
p:1.865, 0.275, -0.448
p:-0.215, 0.435, -0.021
p:1.0
p:1.865, 0.275, -0.448
p:2.15, 0.888, -0.86
j:0, 3, rotstif=0.992
j:1, 2
j:3, 2, stif=0.823
j:4, 3
j:0, 2
", hence assigned it a special ("infeasible solution") fitness value: [-999999.0]
7  	90    	0.163006    	0.0825072  	-0.000966667	0.324227    
Selection: ignoring 1 infeasible solution in a population of size 100
8  	93    	0.221809    	0.0712833  	-0.000933333	0.324412    
9  	90    	0.251894    	0.0972237  	-0.000933333	0.371757    
10 	99    	0.281411    	0.118106   	-0.000933333	0.718964    
11 	95    	0.32227     	0.12835    	-0.000933333	0.718964    
12 	92    	0.367334    	0.208881   	-0.000933333	0.718964    
13 	96    	0.493485    	0.249175   	-0.000933333	0.935363    
14 	91    	0.579203    	0.256416   	0.0119129   	0.935363    
15 	93    	0.658806    	0.287076   	-0.0009     	0.957189    
16 	89    	0.736204    	0.313235   	0.0697769   	0.961776    
17 	90    	0.718574    	0.323921   	0.0697632   	0.990004    
18 	94    	0.750486    	0.324905   	0.0636372   	0.990392    
19 	93    	0.726791    	0.352415   	0.0573969   	1.03249     
20 	93    	0.759683    	0.345885   	0.057401    	1.03249     
21 	91    	0.811265    	0.339969   	0.0455292   	1.04971     
22 	94    	0.842928    	0.336994   	0.0407871   	1.0687      
23 	88    	0.893307    	0.322309   	0.0407871   	1.12902     
24 	95    	0.875124    	0.352161   	0.0333647   	1.14669     
25 	91    	0.916381    	0.360914   	0.0557003   	1.16799     
26 	94    	0.908416    	0.396012   	0.020898    	1.18432     
27 	90    	0.978132    	0.384634   	0.0617031   	1.21954     
28 	87    	0.949466    	0.413241   	0.0786652   	1.22268     
29 	96    	1.00406     	0.366271   	0.116303    	1.36792     
30 	89    	1.01364     	0.365138   	0.171567    	1.36792     
31 	92    	0.935305    	0.46395    	0.0809654   	1.36792     
32 	86    	1.00707     	0.471854   	0.164682    	1.40005     
33 	87    	1.00626     	0.503873   	0.165988    	1.48293     
34 	92    	1.02383     	0.519137   	0.179237    	1.52714     
35 	92    	1.03214     	0.528507   	0.173413    	1.52714     
36 	92    	1.195       	0.46742    	0.24203     	1.52816     
37 	96    	1.17533     	0.497703   	0.251737    	1.60673     
38 	94    	1.1837      	0.496502   	0.24154     	1.60733     
39 	90    	1.22403     	0.516253   	0.264274    	1.62043     
40 	94    	1.20287     	0.558097   	0.261227    	1.62204     
41 	94    	1.2309      	0.532095   	0.236006    	1.62204     
42 	97    	1.23835     	0.547283   	0.236655    	1.62211     
43 	91    	1.26114     	0.540245   	0.236424    	1.62212     
44 	91    	1.22124     	0.554209   	0.263741    	1.62238     
45 	93    	1.24292     	0.546171   	0.236031    	1.63178     
46 	93    	1.2456      	0.535675   	0.236008    	1.63228     
47 	92    	1.22225     	0.562822   	0.232592    	1.63228     
48 	88    	1.30348     	0.531869   	0.232594    	1.63228     
49 	89    	1.26224     	0.553217   	0.235207    	1.63415     
50 	93    	1.1903      	0.568382   	0.235414    	1.65024     
51 	87    	1.28479     	0.529705   	0.271178    	1.65024     
52 	92    	1.20087     	0.581689   	0.234654    	1.65146     
53 	88    	1.20491     	0.570475   	0.312713    	1.67897     
54 	90    	1.27006     	0.560457   	0.234597    	1.67897     
55 	91    	1.22916     	0.599574   	0.217265    	1.82987     
56 	89    	1.22692     	0.6317     	0.197973    	1.82987     
57 	95    	1.1941      	0.682523   	0.151967    	1.82987     
58 	90    	1.43212     	0.633116   	0.258776    	1.83914     
59 	91    	1.3942      	0.660242   	0.258752    	1.85682     
60 	98    	1.36741     	0.673745   	0.229181    	1.85811     
61 	87    	1.51111     	0.614399   	0.189384    	1.9015      
62 	90    	1.4268      	0.645043   	0.205097    	1.9015      
63 	92    	1.44824     	0.675587   	0.222594    	1.90559     
64 	90    	1.33099     	0.713686   	0.214468    	1.90559     
65 	91    	1.37622     	0.7187     	0.225617    	1.91722     
66 	91    	1.30524     	0.734355   	0.190657    	1.91722     
67 	92    	1.43305     	0.692123   	0.22559     	1.91722     
68 	91    	1.39147     	0.720144   	0.190657    	1.92281     
69 	90    	1.48316     	0.685167   	0.244996    	1.92281     
70 	94    	1.38581     	0.729494   	0.190657    	1.92281     
71 	94    	1.4227      	0.714711   	0.190665    	1.92995     
72 	90    	1.50759     	0.672614   	0.19288     	1.92995     
73 	94    	1.39316     	0.738169   	0.206487    	1.94213     
74 	92    	1.38574     	0.7256     	0.192154    	1.94384     
75 	91    	1.36096     	0.738326   	0.242753    	1.95347     
76 	95    	1.30891     	0.768587   	0.229945    	1.95347     
77 	95    	1.38836     	0.761441   	0.198744    	1.95529     
78 	93    	1.37032     	0.763301   	0.193227    	1.95529     
79 	90    	1.46541     	0.722116   	0.219638    	1.95556     
80 	95    	1.17616     	0.792257   	0.220086    	1.95624     
81 	91    	1.35467     	0.74271    	0.244062    	1.95689     
82 	91    	1.23216     	0.774081   	0.220157    	1.95689     
83 	94    	1.21902     	0.782633   	0.220571    	1.95689     
84 	92    	1.34876     	0.729888   	0.227234    	1.9578      
85 	90    	1.40539     	0.732516   	0.240174    	1.961       
86 	89    	1.35777     	0.750053   	0.219021    	1.961       
87 	94    	1.38906     	0.729024   	0.241807    	1.96104     
88 	92    	1.3541      	0.760452   	0.229353    	1.96133     
89 	90    	1.38728     	0.752033   	0.192695    	1.96133     
90 	93    	1.34269     	0.750503   	0.192401    	1.96133     
91 	92    	1.28604     	0.764639   	0.192882    	1.96141     
92 	87    	1.41224     	0.727138   	0.254457    	1.96172     
93 	88    	1.45311     	0.718062   	0.228503    	1.96233     
94 	93    	1.39381     	0.723132   	0.254624    	1.96508     
95 	93    	1.3136      	0.764156   	0.241671    	1.96508     
96 	93    	1.2812      	0.767182   	0.241715    	1.96998     
97 	95    	1.26626     	0.762482   	0.234925    	1.96998     
98 	95    	1.44319     	0.733487   	0.23496     	1.96998     
99 	94    	1.32542     	0.736278   	0.243655    	1.96998     
100	96    	1.22536     	0.758851   	0.234974    	1.97087     
101	87    	1.49647     	0.721354   	0.234974    	1.97087     
102	95    	1.38887     	0.745654   	0.234974    	1.97096     
103	91    	1.33027     	0.757507   	0.238453    	1.97279     
104	91    	1.3116      	0.765472   	0.241596    	1.97279     
105	87    	1.41207     	0.749175   	0.23771     	1.97472     
106	88    	1.38657     	0.728625   	0.23474     	1.97472     
107	95    	1.22482     	0.770303   	0.188274    	1.97472     
108	93    	1.28399     	0.765891   	0.231975    	1.97472     
109	88    	1.44599     	0.711444   	0.188886    	1.97472     
110	91    	1.38246     	0.730819   	0.241407    	1.97472     
111	91    	1.26495     	0.75478    	0.188949    	1.97472     
112	90    	1.28834     	0.751979   	0.243172    	1.97472     
113	89    	1.34379     	0.73827    	0.230447    	1.97472     
114	86    	1.20639     	0.751164   	0.234809    	1.97472     
115	95    	1.1402      	0.76116    	0.18892     	1.97472     
116	94    	1.25557     	0.76243    	0.231975    	1.97472     
117	97    	1.06365     	0.762301   	0.189682    	1.97472     
118	90    	1.29465     	0.747728   	0.189682    	1.97495     
119	91    	1.43509     	0.730611   	0.231541    	1.97495     
120	93    	1.27282     	0.775685   	0.23478     	1.975       
121	89    	1.29978     	0.738226   	0.230569    	1.975       
122	95    	1.27327     	0.760699   	0.188982    	1.975       
123	93    	1.34786     	0.761778   	0.234742    	1.975       
124	89    	1.23211     	0.785126   	0.188982    	1.975       
125	92    	1.29553     	0.749936   	0.241645    	1.975       
126	91    	1.25875     	0.74586    	0.230464    	1.975       
127	93    	1.27414     	0.75608    	0.189332    	1.975       
128	93    	1.3201      	0.743561   	0.231486    	1.975       
129	88    	1.31384     	0.753774   	0.188818    	1.975       
130	86    	1.1724      	0.774602   	0.234721    	1.975       
131	93    	1.3739      	0.742747   	0.266291    	1.975       
132	92    	1.38889     	0.723994   	0.233393    	1.975       
133	95    	1.21005     	0.760612   	0.234734    	1.975       
134	89    	1.32074     	0.751433   	0.266267    	1.975       
135	84    	1.38514     	0.729832   	0.234732    	1.975       
136	91    	1.42925     	0.709052   	0.231492    	1.975       
137	92    	1.38944     	0.721624   	0.24143     	1.975       
138	90    	1.5124      	0.687702   	0.234796    	1.975       
139	84    	1.34451     	0.750047   	0.234798    	1.975       
140	95    	1.23464     	0.766083   	0.234815    	1.975       
141	92    	1.31094     	0.757023   	0.241216    	1.975       
142	94    	1.37368     	0.739254   	0.230848    	1.975       
143	94    	1.30649     	0.757632   	0.189264    	1.975       
144	98    	1.35286     	0.737177   	0.241352    	1.975       
145	93    	1.44608     	0.715241   	0.189188    	1.975       
146	94    	1.4417      	0.718969   	0.240603    	1.975       
147	95    	1.4002      	0.72506    	0.24388     	1.975       
148	92    	1.333       	0.745251   	0.231492    	1.975       
149	92    	1.35288     	0.738859   	0.241365    	1.975       
150	92    	1.33818     	0.745482   	0.188746    	1.975       
151	95    	1.24269     	0.738345   	0.189331    	1.975       
152	92    	1.31087     	0.753823   	0.188651    	1.975       
153	90    	1.26596     	0.755411   	0.234792    	1.975       
154	87    	1.23587     	0.775026   	0.189215    	1.975       
155	93    	1.35549     	0.747457   	0.241431    	1.975       
156	90    	1.40718     	0.723733   	0.267968    	1.975       
157	87    	1.4037      	0.745577   	0.189092    	1.975       
158	91    	1.29274     	0.750655   	0.189264    	1.975       
159	92    	1.33155     	0.725459   	0.188746    	1.975       
160	90    	1.293       	0.761719   	0.232959    	1.975       
161	93    	1.43294     	0.725692   	0.232291    	1.975       
162	94    	1.32231     	0.755816   	0.188263    	1.975       
163	93    	1.35713     	0.730133   	0.241306    	1.975       
164	93    	1.24018     	0.737603   	0.188599    	1.975       
165	94    	1.29372     	0.740323   	0.241289    	1.975       
166	97    	1.21226     	0.761405   	0.189245    	1.975       
167	93    	1.35012     	0.754037   	0.189245    	1.975       
168	92    	1.33772     	0.740766   	0.189254    	1.975       
169	91    	1.23992     	0.760782   	0.189245    	1.975       
170	96    	1.26268     	0.749821   	0.188878    	1.975       
171	96    	1.4029      	0.709628   	0.26742     	1.975       
172	91    	1.35221     	0.727393   	0.241321    	1.975       
173	96    	1.40577     	0.729848   	0.234849    	1.975       
174	87    	1.30361     	0.750898   	0.189277    	1.975       
175	95    	1.17954     	0.756507   	0.233314    	1.975       
176	90    	1.32524     	0.752128   	0.241238    	1.975       
177	95    	1.28173     	0.771213   	0.234887    	1.975       
178	95    	1.31724     	0.73396    	0.189325    	1.975       
179	94    	1.22796     	0.758992   	0.241463    	1.975       
180	95    	1.38134     	0.738764   	0.188778    	1.975       
181	92    	1.18139     	0.744063   	0.188893    	1.975       
182	91    	1.24006     	0.774628   	0.242128    	1.975       
183	91    	1.25009     	0.741887   	0.241257    	1.975       
184	92    	1.37803     	0.750027   	0.243611    	1.975       
185	90    	1.32919     	0.757776   	0.189112    	1.975       
186	96    	1.37188     	0.740443   	0.234889    	1.975       
187	92    	1.41646     	0.736728   	0.189112    	1.975       
188	91    	1.42881     	0.711872   	0.234896    	1.975       
189	97    	1.40965     	0.721032   	0.238842    	1.975       
190	97    	1.2325      	0.751781   	0.189305    	1.975       
191	94    	1.26773     	0.750026   	0.18915     	1.975       
192	94    	1.2102      	0.747362   	0.189061    	1.97712     
193	94    	1.22089     	0.758466   	0.189418    	1.97793     
194	90    	1.27972     	0.766624   	0.189061    	1.97793     
195	91    	1.34222     	0.735464   	0.232587    	1.97793     
196	94    	1.33207     	0.743283   	0.189421    	1.97793     
197	92    	1.38298     	0.740089   	0.269719    	1.97793     
198	90    	1.34431     	0.747247   	0.232587    	1.97793     
199	92    	1.27955     	0.732296   	0.232602    	1.97816     
200	93    	1.27763     	0.77032    	0.189409    	1.97823     
201	94    	1.33431     	0.762109   	0.189421    	1.97823     
202	90    	1.14225     	0.779875   	0.189421    	1.97828     
203	95    	1.35159     	0.753241   	0.235993    	1.97828     
204	93    	1.34227     	0.748031   	0.232814    	1.97829     
205	93    	1.30186     	0.773888   	0.189423    	1.97829     
206	93    	1.30054     	0.761342   	0.188889    	1.97829     
207	95    	1.20067     	0.778432   	0.189268    	1.97829     
208	90    	1.32635     	0.758364   	0.189423    	1.97829     
209	93    	1.34571     	0.732643   	0.241749    	1.97829     
210	94    	1.32442     	0.742755   	0.269837    	1.97829     
211	89    	1.30695     	0.749789   	0.236001    	1.97829     
212	87    	1.41349     	0.746255   	0.235935    	1.97829     
213	92    	1.31078     	0.77264    	0.247014    	1.97829     
214	95    	1.42793     	0.716616   	0.270044    	1.97838     
215	90    	1.2826      	0.76853    	0.235218    	1.97838     
216	94    	1.34123     	0.775777   	0.188811    	1.97838     
217	93    	1.27385     	0.75113    	0.245756    	1.97838     
218	98    	1.32298     	0.768012   	0.235881    	1.97838     
219	88    	1.21486     	0.761739   	0.237762    	1.97838     
220	92    	1.32964     	0.754389   	0.232777    	1.97838     
221	89    	1.39072     	0.751097   	0.189274    	1.97844     
222	97    	1.25629     	0.773242   	0.232763    	1.97844     
223	92    	1.25342     	0.75844    	0.236053    	1.97844     
224	94    	1.29246     	0.756685   	0.242524    	1.97844     
225	92    	1.26178     	0.774859   	0.188488    	1.97844     
226	90    	1.25711     	0.743577   	0.244198    	1.97844     
227	92    	1.35298     	0.754883   	0.188319    	1.97844     
228	95    	1.37049     	0.752805   	0.188873    	1.97844     
229	93    	1.35663     	0.74373    	0.188319    	1.97844     
230	89    	1.31499     	0.760425   	0.235735    	1.97844     
231	89    	1.26823     	0.762003   	0.188488    	1.97844     
232	89    	1.41732     	0.74729    	0.246236    	1.97844     
233	91    	1.40332     	0.748605   	0.188488    	1.97844     
234	92    	1.1818      	0.764172   	0.188366    	1.97844     
235	95    	1.19792     	0.775797   	0.18902     	1.97844     
236	90    	1.32044     	0.754809   	0.189025    	1.97844     
237	96    	1.37596     	0.745939   	0.265126    	1.97844     
238	92    	1.41299     	0.730542   	0.188469    	1.97844     
239	90    	1.38615     	0.726254   	0.269564    	1.97844     
240	92    	1.30296     	0.760802   	0.18898     	1.97844     
241	91    	1.32253     	0.758083   	0.23618     	1.97844     
242	94    	1.20641     	0.771751   	0.233412    	1.97844     
243	92    	1.46351     	0.730523   	0.24412     	1.97844     
244	87    	1.41521     	0.74071    	0.231109    	1.97844     
245	93    	1.23996     	0.761278   	0.235754    	1.97844     
246	97    	1.19979     	0.76777    	0.235754    	1.97844     
247	86    	1.29086     	0.760483   	0.24427     	1.97844     
248	93    	1.42173     	0.716551   	0.235754    	1.97844     
249	89    	1.40236     	0.75632    	0.235754    	1.97844     
250	88    	1.35961     	0.74754    	0.188444    	1.97844     
251	96    	1.23101     	0.781859   	0.188432    	1.97844     
252	94    	1.33164     	0.749811   	0.238853    	1.97844     
253	94    	1.29855     	0.757993   	0.24242     	1.97845     
254	94    	1.09644     	0.76597    	0.235754    	1.97845     
255	94    	1.38708     	0.738657   	0.235769    	1.97845     
256	92    	1.4101      	0.727794   	0.188446    	1.97845     
257	93    	1.32892     	0.76458    	0.189161    	1.97845     
258	90    	1.29339     	0.769707   	0.232727    	1.97845     
259	94    	1.46089     	0.718365   	0.189259    	1.97845     
260	92    	1.39858     	0.742376   	0.241679    	1.97845     
261	93    	1.41629     	0.745754   	0.189219    	1.97845     
262	95    	1.25002     	0.763123   	0.189106    	1.97845     
263	92    	1.42972     	0.734525   	0.235838    	1.97845     
264	93    	1.42331     	0.723632   	0.232727    	1.97845     
265	96    	1.23204     	0.781229   	0.189078    	1.97845     
266	96    	1.39578     	0.750239   	0.232661    	1.97845     
267	95    	1.26827     	0.750654   	0.189259    	1.97845     
268	92    	1.31284     	0.762422   	0.232532    	1.97845     
269	92    	1.40228     	0.732241   	0.235753    	1.97845     
270	96    	1.1823      	0.766963   	0.189246    	1.97845     
271	90    	1.26374     	0.757898   	0.189219    	1.97845     
272	98    	1.28137     	0.764183   	0.270229    	1.97845     
273	89    	1.31284     	0.762044   	0.189263    	1.97845     
274	96    	1.26699     	0.764764   	0.242234    	1.97845     
275	93    	1.27403     	0.76293    	0.232729    	1.97845     
276	93    	1.28365     	0.770011   	0.189263    	1.97845     
277	90    	1.15373     	0.766469   	0.189158    	1.97845     
278	95    	1.32415     	0.751945   	0.235764    	1.97845     
279	92    	1.36153     	0.741156   	0.189162    	1.97845     
280	93    	1.2855      	0.761759   	0.188969    	1.97845     
281	95    	1.3273      	0.74468    	0.189348    	1.97845     
282	93    	1.34058     	0.753308   	0.270282    	1.97845     
283	90    	1.35805     	0.768894   	0.189282    	1.97845     
284	89    	1.34581     	0.752924   	0.189289    	1.97845     
285	93    	1.25917     	0.742518   	0.235797    	1.97845     
286	92    	1.29948     	0.772381   	0.244272    	1.97845     
287	89    	1.41008     	0.734934   	0.189187    	1.97845     
288	92    	1.30569     	0.757823   	0.188956    	1.97845     
289	88    	1.43488     	0.73049    	0.269262    	1.97845     
290	94    	1.29444     	0.760431   	0.234422    	1.97845     
291	87    	1.35874     	0.751663   	0.231506    	1.97845     
292	92    	1.17015     	0.774831   	0.235789    	1.97845     
293	91    	1.37104     	0.762266   	0.189297    	1.97845     
294	93    	1.34413     	0.757975   	0.241825    	1.97845     
295	89    	1.3339      	0.774081   	0.233365    	1.97845     
296	91    	1.22644     	0.772651   	0.241101    	1.97845     
297	90    	1.37114     	0.741783   	0.23576     	1.97845     
298	94    	1.42471     	0.732413   	0.188272    	1.97845     
299	95    	1.18115     	0.766937   	0.235871    	1.97845     
300	94    	1.23388     	0.778269   	0.188233    	1.97845     
Best individuals:
(1.9784546915850725,) 	<--	 //0
p:-0.05, 0.183, 0.135, fr=0.22, ing=0.459
p:-0.36894380681010747, 0.7702142985195437, -1.7498486028622238, fr=1.475, ing=0.539
p:-0.455, 0.696, 2.694, fr=0.373, ing=0.394
p:-1.441, 1.485, 3.555, fr=0.63, ing=0.616
p:1.8328047359564597, 0.29884992946164357, 0.7989466545616885, fr=0.131, ing=0.31
p:2.11630203516022, 0.1999412860126891, -1.1781841963420296, fr=0.576, ing=0.106
p:0.21517818629405133, -1.0495323190671073, -1.4173352253842777, fr=0.324, ing=0.247
p:-1.0560142421237901, -0.5558182166018728, 1.6974605682900687, fr=0.063, ing=0.498
j:0, 4, stif=0.766, rotstif=0.684
j:6, 0, rotstif=0.696
j:1, 0, stif=0.967, rotstif=0.933
j:7, 0, rotstif=0.842
j:2, 7, rotstif=0.923
j:3, 2, rotstif=0.819
j:5, 4, stif=0.774, rotstif=0.885

Saved 'C:\Users\alex3\Projects\AI sem 1\sem-1\BIA\Evolutionary Design\runs\2026-09-07_224747\gens\HoF-f0-1.gen' (1)
C:\Users\alex3\Projects\AI sem 1\sem-1\BIA\Evolutionary Design\stats\2026-09-07_23\HoF-f0-1.logbook.pkl
VMNeuronManager.autoload: Neuro classes added: Delay Light Nn PIDP PIDV SeeLight SeeLight2 S0 S1 Thr 
UserScripts.autoload: 20 user scripts added.
