Argument values: path=C:\Users\alex3\Projects\AI sem 1\sem-1\BIA\Evolutionary Design\Framsticks55, lib=None, sim=eval-allcriteria.sim;deterministic.sim;sample-period-2.sim;only-body.sim;uneven-ground.sim, genformat=0, initialgenotype=None, opt=vertpos, popsize=100, generations=300, tournament=10, pmut=0.9, pxov=0.2, hof_size=1, hof_savefile=C:\Users\alex3\Projects\AI sem 1\sem-1\BIA\Evolutionary Design\runs\2026-09-07_224747\gens\HoF-f0-0.gen, save_stats=C:\Users\alex3\Projects\AI sem 1\sem-1\BIA\Evolutionary Design\stats, max_numparts=30, max_numjoints=None, max_numneurons=None, max_numconnections=None, max_numgenochars=None
Using Framsticks version: 5.5
Home (writable) dir     : C:\Users\alex3\Projects\AI sem 1\sem-1\BIA\Evolutionary Design\Framsticks55\data
Resources dir           : C:\Users\alex3\Projects\AI sem 1\sem-1\BIA\Evolutionary Design\Framsticks55\data

Available objects: ['CheckpointEvent', 'Collision', 'CrCollision', 'Creature', 'CreatureSettings', 'CreatureSignals', 'CreatureSnapshot', 'Dictionary', 'ExpProperties', 'ExpState', 'ExtValue', 'File', 'FunctionReference', 'GenMan', 'GenManStats', 'GenePool', 'GenePools', 'Geno', 'GenoConverters', 'Genotype', 'Interface', 'Joint', 'Loader', 'Math', 'MechJoint', 'MechPart', 'MessageCatcher', 'Model', 'ModelGeometry', 'ModelSymmetry', 'Neuro', 'NeuroClass', 'NeuroClassLibrary', 'NeuroDef', 'NeuroSignals', 'NeuronsSimEnabled', 'ODE', 'Orient', 'Part', 'Population', 'Populations', 'Ref', 'Signal', 'SignalView', 'SimilMeasure', 'SimilMeasureDistribution', 'SimilMeasureGreedy', 'SimilMeasureHungarian', 'Simulator', 'SlaveSimulators', 'StopEvent', 'String', 'UserScripts', 'Vector', 'WireframeAppearance', 'World', 'WorldMap', 'WorldSignals', 'XYZ', '__builtins__', '__cached__', '__doc__', '__file__', '__loader__', '__name__', '__package__', '__spec__', 'c_api', 'ctypes', 'home_dir', 'init', 'os', 're', 'res_dir', 'sim_params', 'stats', 'sys']

Basic tests OK. Using settings: ['eval-allcriteria.sim', 'deterministic.sim', 'sample-period-2.sim', 'only-body.sim', 'uneven-ground.sim']

Simulator.load: Loading from 'eval-allcriteria.sim'
Loader.load: Comments read from file follow:
Loader.load:  Sample settings for evaluating many criteria of performance of a Framsticks creature.
Loader.load:  See the "evalcount" parameter if you want to speed the evaluation up or have a more stable result.
Loader.load:  Other important parameters are "Energy0" and "perfperiod".
Loader.load:  Put this file in the "data" subdirectory within the Framsticks distribution.
Simulator.load: Loaded genepool settings, 2 population settings, simulator settings from 'eval-allcriteria.sim'
Simulator.load: Loading from 'deterministic.sim'
Loader.load: Comments read from file follow:
Loader.load:  Parameter values that make the evaluation of a Framsticks creature deterministic.
Loader.load:  The values turn off random noise, so evaluation of the same genotype will always yield the same performance.
Loader.load:  The advantage is that you do not need to evaluate a genotype many times, and performance values are reliable.
Loader.load:  The disadvantage is that evolved creatures are "overfitting", i.e. rely entirely on the specific environment,
Loader.load:  and their behavior may be different in any other environment or (even slightly) changed conditions or parameter values,
Loader.load:  so each creature evolved using these settings must be later inspected using exactly the same setup.
Loader.load: 
Loader.load:  Before loading this file, load base settings, e.g. "eval-allcriteria.sim".
Loader.load:  Put this file in the "data" subdirectory within the Framsticks distribution.
Simulator.load: Loaded simulator settings from 'deterministic.sim'
Simulator.load: Loading from 'sample-period-2.sim'
Loader.load: Comments read from file follow:
Loader.load:  Very low "performance sampling period" in the first population to sample performance very often during lifespan
Loader.load:  and avoid overlooking some behavior. Averaged performance of sampled values is returned as the final value.
Loader.load:  See http://www.framsticks.com/a/al_params.html#exper-perfcalc
Loader.load: 
Loader.load:  Before loading this file, load base settings, e.g. "eval-allcriteria.sim".
Loader.load:  Put this file in the "data" subdirectory within the Framsticks distribution.
Simulator.load: Loaded population settings from 'sample-period-2.sim'
Simulator.load: Loading from 'only-body.sim'
Loader.load: Comments read from file follow:
Loader.load:  Turns off mutations in f0, f1, f4, fH related to brain (disables adding and modifying neurons)
Simulator.load: Loaded simulator settings from 'only-body.sim'
Simulator.load: Loading from 'uneven-ground.sim'
Loader.load: Comments read from file follow:
Loader.load:  Produces a microscopically uneven underlying heightfield, where the resting height ("vertpos") is sensitive to the shape of structures,
Loader.load:  because individual Parts settle at different elevations depending on the (world-centered) geometry of the structure.
Simulator.load: Loaded simulator settings from 'uneven-ground.sim'
gen	nevals	avg         	stddev    	min         	max         
0  	100   	-0.000966667	1.0842e-19	-0.000966667	-0.000966667
1  	93    	-0.000966   	1.24544e-05	-0.001      	-0.000933333
2  	91    	0.00312771  	0.0312282  	-0.001      	0.296512    
3  	94    	0.0205396   	0.0633124  	-0.001      	0.296512    
4  	95    	0.117305    	0.10271    	-0.000966667	0.322865    
5  	94    	0.227493    	0.10061    	-0.000933333	0.420371    
6  	90    	0.270067    	0.108851   	-0.000933333	0.420371    
7  	93    	0.298094    	0.130864   	-0.000933333	0.4779      
8  	92    	0.337345    	0.125758   	-0.000933333	0.546666    
9  	93    	0.340382    	0.151502   	-0.000933333	0.57095     
10 	94    	0.421616    	0.167612   	-0.000933333	0.640395    
11 	94    	0.504228    	0.175559   	-0.0009     	0.724505    
12 	90    	0.558087    	0.198406   	0.00678367  	0.842188    
13 	97    	0.581171    	0.245967   	0.00241129  	0.865191    
14 	91    	0.625124    	0.302477   	-0.0009     	0.88808     
15 	94    	0.621515    	0.321154   	-0.000866667	0.892942    
16 	92    	0.699864    	0.309314   	0.0403563   	0.903905    
17 	95    	0.744691    	0.246812   	0.119003    	0.977427    
18 	91    	0.67147     	0.313982   	-0.000866667	0.977427    
19 	91    	0.691476    	0.315906   	0.0158473   	1.09064     
20 	95    	0.736793    	0.323984   	0.0169017   	1.09219     
Problem "'NoneType' object is not subscriptable" so could not evaluate genotype "//0
p:0.5282504726733912, -1.7143540570820586, -0.23707843912398996
p:0.0614505608721915, -0.07979254385533485, 0.0952536619214317
p:0.9050638101018409, -0.15130823806128957, 0.19895323274309873, fr=0.959, ing=0.016
p:0.5282504726733912, -1.7143540570820586, -0.23707843912398996
p:0.195, -1.283, 1.687
p:0.20479881359461966, -1.0757527510486131, 1.6302103537978674, ing=0.438
p:1.007, -1.03, 2.391
j:4, 0
j:0, 2
j:0, 1, stif=0.827
j:1, 2, stif=0.922, rotstif=0.976
j:3, 0
j:5, 0, rotstif=0.85
j:6, 5
", hence assigned it a special ("infeasible solution") fitness value: [-999999.0]
21 	96    	0.663137    	0.372868   	0.0579704   	1.09219     
Selection: ignoring 1 infeasible solution in a population of size 100
22 	93    	0.785171    	0.377759   	0.114974    	1.0925      
23 	90    	0.778303    	0.403485   	0.0903749   	1.09784     
24 	93    	0.841063    	0.388997   	0.0903935   	1.11026     
25 	89    	0.776659    	0.425813   	0.0903361   	1.11026     
26 	90    	0.855666    	0.394634   	0.0862224   	1.11104     
27 	93    	0.813157    	0.410468   	0.102274    	1.14598     
28 	91    	0.782815    	0.428463   	0.0883044   	1.14598     
29 	93    	0.744634    	0.430955   	0.103616    	1.14619     
30 	93    	0.823411    	0.421264   	0.0873967   	1.16303     
31 	93    	0.876523    	0.397739   	0.0841018   	1.16303     
32 	93    	0.832016    	0.438629   	0.0842895   	1.16303     
33 	94    	0.799647    	0.455485   	0.0986192   	1.16756     
34 	95    	0.808197    	0.455343   	0.0928766   	1.16767     
35 	94    	0.785557    	0.464355   	0.0957397   	1.16767     
36 	95    	0.812208    	0.449119   	0.0957358   	1.16784     
37 	94    	0.763291    	0.473923   	0.0957369   	1.16784     
38 	90    	0.893956    	0.432422   	0.118985    	1.16799     
39 	88    	0.88408     	0.426865   	0.0991163   	1.16818     
40 	89    	0.777716    	0.460744   	0.138652    	1.16818     
41 	95    	0.811978    	0.459311   	0.110949    	1.16819     
42 	92    	0.6618      	0.471979   	0.103015    	1.16841     
43 	93    	0.811185    	0.452835   	0.0689746   	1.16841     
44 	93    	0.743531    	0.477972   	0.0766022   	1.16841     
45 	92    	0.730828    	0.473833   	0.0689804   	1.16844     
46 	87    	0.777428    	0.454496   	0.0991128   	1.16844     
47 	91    	0.802632    	0.453904   	0.0771765   	1.16844     
48 	93    	0.758141    	0.473653   	0.111009    	1.16844     
49 	94    	0.797876    	0.468085   	0.111009    	1.16844     
50 	95    	0.813887    	0.452719   	0.0991174   	1.16844     
51 	97    	0.746246    	0.464378   	0.0957149   	1.17509     
52 	91    	0.772594    	0.461747   	0.0604834   	1.17546     
53 	93    	0.800564    	0.45806    	0.0994875   	1.17546     
54 	92    	0.808652    	0.461946   	0.0813042   	1.17547     
55 	93    	0.86478     	0.447762   	0.0822583   	1.18351     
56 	94    	0.750408    	0.468118   	0.0903238   	1.18351     
57 	90    	0.888941    	0.433447   	0.097848    	1.18351     
58 	93    	0.737518    	0.471787   	0.0944377   	1.18352     
59 	93    	0.861274    	0.425186   	0.0944377   	1.18745     
60 	93    	0.819231    	0.4568     	0.0944377   	1.20555     
61 	92    	0.805955    	0.457308   	0.0944377   	1.20555     
62 	94    	0.782019    	0.482745   	0.0780553   	1.20579     
63 	92    	0.78627     	0.470927   	0.0479591   	1.20579     
64 	90    	0.816858    	0.476889   	0.0770316   	1.20623     
65 	90    	0.823085    	0.479784   	0.0769674   	1.20623     
66 	97    	0.685534    	0.49138    	0.0769681   	1.20962     
67 	94    	0.77246     	0.487016   	0.0694226   	1.2098      
68 	91    	0.797387    	0.477856   	0.0736396   	1.23129     
69 	95    	0.868953    	0.457301   	0.0517722   	1.23129     
70 	86    	0.921335    	0.432429   	0.0595289   	1.2325      
71 	92    	0.804116    	0.492889   	0.0457547   	1.2325      
72 	91    	0.881827    	0.481983   	0.051669    	1.23265     
73 	93    	0.919612    	0.449947   	0.0595315   	1.23267     
74 	93    	0.946099    	0.4557     	0.0516793   	1.23267     
75 	96    	0.737397    	0.49754    	0.0516793   	1.23283     
76 	92    	0.756334    	0.500129   	0.0800898   	1.23283     
77 	96    	0.871601    	0.481452   	0.0516501   	1.23283     
78 	89    	0.832364    	0.493241   	0.0516604   	1.23288     
79 	88    	0.867832    	0.492782   	0.0516985   	1.23288     
80 	96    	0.854287    	0.48575    	0.0516604   	1.23289     
81 	92    	0.886604    	0.477726   	0.0344103   	1.23309     
82 	96    	0.885326    	0.471393   	0.0517054   	1.23325     
83 	94    	0.828515    	0.489488   	0.0517054   	1.23325     
84 	94    	0.905815    	0.470687   	0.0516717   	1.24835     
85 	96    	0.8895      	0.460486   	0.117595    	1.2531      
86 	91    	0.914787    	0.458695   	0.0550986   	1.2531      
87 	97    	0.904978    	0.485385   	0.0484577   	1.262       
88 	90    	0.897693    	0.482189   	0.0903111   	1.26211     
89 	90    	0.791174    	0.518302   	0.0484577   	1.26211     
90 	96    	0.854702    	0.497831   	0.0326691   	1.26211     
91 	96    	0.842467    	0.507552   	0.110066    	1.27811     
92 	92    	0.847564    	0.501369   	0.0723678   	1.27959     
93 	95    	0.869448    	0.484126   	0.106435    	1.27962     
94 	85    	0.887067    	0.486858   	0.0901154   	1.27963     
95 	90    	0.857774    	0.488192   	0.0855044   	1.2817      
96 	93    	0.812179    	0.507592   	0.0785638   	1.29878     
97 	86    	0.912332    	0.492154   	0.0756604   	1.29878     
98 	92    	0.900286    	0.486718   	0.0580878   	1.29878     
99 	92    	0.892872    	0.510079   	0.0580878   	1.32        
100	91    	0.879721    	0.50834    	0.0580877   	1.32001     
101	94    	0.84634     	0.515441   	0.0579967   	1.32001     
102	94    	0.918263    	0.503575   	0.0579967   	1.32001     
103	91    	0.932405    	0.499237   	0.0727477   	1.32001     
104	91    	0.971969    	0.499464   	0.0579889   	1.32001     
105	95    	0.817146    	0.51849    	0.0873526   	1.32602     
106	91    	0.843527    	0.543454   	0.0579508   	1.32847     
107	95    	0.954566    	0.522003   	0.0550961   	1.32847     
108	91    	0.954879    	0.498497   	0.120974    	1.32849     
109	93    	0.763196    	0.52816    	0.0746334   	1.33084     
110	90    	0.927954    	0.498066   	0.0709801   	1.33084     
111	92    	0.856624    	0.52607    	0.0766554   	1.33084     
112	91    	0.9208      	0.532536   	0.0767634   	1.33225     
113	88    	0.969055    	0.509016   	0.0857715   	1.33225     
114	92    	0.879101    	0.524769   	0.0916819   	1.33227     
115	91    	0.94089     	0.521892   	0.0916606   	1.33428     
116	87    	0.873022    	0.552232   	0.075527    	1.33428     
117	92    	0.974506    	0.510618   	0.0761468   	1.33456     
118	94    	0.933166    	0.521676   	0.0761399   	1.33456     
119	90    	0.952032    	0.530381   	0.0503232   	1.33505     
120	97    	0.87771     	0.533237   	0.0762564   	1.33506     
121	94    	0.881224    	0.556912   	0.0762564   	1.33506     
122	94    	0.956242    	0.498974   	0.0519005   	1.33667     
123	94    	0.97295     	0.502399   	0.0769054   	1.34282     
124	92    	0.876253    	0.539489   	0.0766412   	1.34425     
125	89    	1.10314     	0.436829   	0.113898    	1.34425     
126	95    	1.00577     	0.503851   	0.0734068   	1.34425     
127	92    	1.04563     	0.462765   	0.0903895   	1.34428     
128	93    	0.932488    	0.5244     	0.0733944   	1.34428     
129	94    	0.918881    	0.531757   	0.075955    	1.34428     
130	92    	1.00018     	0.487926   	0.0734029   	1.34431     
131	90    	1.0069      	0.493616   	0.0759498   	1.35191     
132	91    	0.978131    	0.520749   	0.0568582   	1.35191     
133	94    	0.95676     	0.509369   	0.0709301   	1.3522      
134	85    	0.895436    	0.547805   	0.0658337   	1.3522      
135	91    	0.968506    	0.521461   	0.0659274   	1.35221     
136	93    	0.896809    	0.541814   	0.0714111   	1.35221     
137	95    	1.0128      	0.482166   	0.0659052   	1.35224     
138	91    	1.04881     	0.46812    	0.0909971   	1.35224     
139	92    	0.822469    	0.55268    	0.0659316   	1.35226     
140	93    	0.923652    	0.533207   	0.0659216   	1.35226     
141	92    	1.03393     	0.481106   	0.0714638   	1.35706     
142	90    	0.960098    	0.520643   	0.0659295   	1.35706     
143	90    	0.979492    	0.512749   	0.0658299   	1.35732     
144	91    	0.815003    	0.568654   	0.0465602   	1.35789     
145	91    	0.992509    	0.52597    	0.0465602   	1.35802     
146	87    	0.897386    	0.546769   	0.0622584   	1.35802     
147	93    	0.917375    	0.527382   	0.0465132   	1.35802     
148	94    	0.919513    	0.551697   	0.0465105   	1.35811     
149	94    	0.913779    	0.527668   	0.0836335   	1.35811     
150	90    	0.916683    	0.533576   	0.0465132   	1.35811     
151	94    	0.841324    	0.562564   	0.0465132   	1.35811     
152	93    	0.820971    	0.566054   	0.0465132   	1.36051     
153	90    	0.88132     	0.553431   	0.0622929   	1.36059     
154	94    	0.845683    	0.568266   	0.0466119   	1.36059     
155	92    	0.899714    	0.560699   	0.0829396   	1.43584     
156	95    	0.87565     	0.560816   	0.0466119   	1.43584     
157	94    	0.989792    	0.554535   	0.0481946   	1.43584     
158	92    	0.962397    	0.580289   	0.0466007   	1.43584     
159	92    	0.966078    	0.5839     	0.0481946   	1.43654     
160	90    	0.934097    	0.594694   	0.0482078   	1.43654     
161	94    	0.918836    	0.584742   	0.0481945   	1.43654     
162	89    	1.10661     	0.516472   	0.0481946   	1.44107     
163	90    	1.03054     	0.534924   	0.0490676   	1.44645     
164	93    	1.03879     	0.538351   	0.0466631   	1.44645     
165	90    	1.00616     	0.578738   	0.0259568   	1.44645     
166	95    	1.06954     	0.53017    	0.0259568   	1.44645     
167	94    	1.00773     	0.554308   	0.0362979   	1.44647     
168	92    	0.970119    	0.581362   	0.0363037   	1.44647     
169	88    	1.02837     	0.572177   	0.0362901   	1.44647     
170	94    	1.01675     	0.578836   	0.0362901   	1.44647     
171	94    	0.973306    	0.588617   	0.0259777   	1.45848     
172	90    	1.02981     	0.571702   	0.0620336   	1.45848     
173	89    	1.0359      	0.573408   	0.0166919   	1.45862     
174	91    	1.0515      	0.568143   	0.03893     	1.45896     
175	95    	0.944744    	0.596234   	0.0166919   	1.459       
176	87    	1.07739     	0.571347   	0.03893     	1.459       
177	96    	1.03863     	0.580914   	0.0389317   	1.46438     
178	88    	1.12289     	0.545017   	0.0166982   	1.46438     
179	94    	0.964697    	0.607107   	0.0116252   	1.46438     
180	93    	1.08078     	0.571192   	0.0166758   	1.48497     
181	95    	1.02129     	0.574371   	0.0166969   	1.48498     
182	96    	1.10437     	0.553289   	0.0166969   	1.48514     
183	91    	1.06758     	0.583686   	0.0176404   	1.48689     
184	91    	1.18692     	0.517146   	0.0517689   	1.48712     
185	95    	1.04136     	0.591159   	0.0176697   	1.50087     
186	92    	1.13644     	0.5517     	0.0401285   	1.50852     
187	91    	1.15094     	0.546574   	0.0989917   	1.50857     
188	92    	1.10381     	0.582365   	0.0742877   	1.50869     
189	85    	1.19242     	0.565897   	0.00766984  	1.51622     
190	92    	1.19034     	0.548873   	0.00138926  	1.55624     
191	96    	1.12074     	0.60081    	0.00138914  	1.55624     
192	96    	0.994192    	0.667518   	-0.000866667	1.55733     
193	94    	1.12519     	0.627731   	0.0466161   	1.55733     
194	89    	1.13953     	0.587344   	-0.000866667	1.57302     
195	93    	1.13857     	0.610877   	-0.000866667	1.57302     
196	96    	1.10137     	0.618189   	0.0276843   	1.57324     
197	88    	1.1085      	0.645364   	-0.000866667	1.57324     
198	93    	1.16907     	0.59432    	-0.000866667	1.57324     
199	91    	1.12906     	0.643009   	-0.000866667	1.57464     
200	91    	1.1867      	0.587064   	0.0288215   	1.57464     
201	92    	1.0783      	0.608717   	-0.000833333	1.58016     
202	93    	1.17308     	0.602439   	0.0564567   	1.58016     
203	92    	1.04714     	0.6491     	-0.000866667	1.58016     
204	94    	1.06593     	0.660332   	0.00633533  	1.58175     
205	90    	1.08238     	0.616644   	0.00632814  	1.58185     
206	96    	1.11548     	0.650615   	0.00632902  	1.58264     
207	94    	1.07879     	0.651517   	0.0331819   	1.58264     
208	92    	1.10566     	0.642536   	0.006952    	1.58265     
209	97    	1.04987     	0.670362   	0.0249001   	1.58445     
210	92    	1.07443     	0.658689   	-0.000866667	1.59026     
211	95    	1.10153     	0.652657   	-0.000866667	1.59026     
212	96    	1.18009     	0.602373   	0.0383285   	1.59026     
213	93    	1.11791     	0.652321   	-0.000866667	1.59308     
214	91    	1.24637     	0.59311    	0.00108088  	1.59334     
215	91    	1.15971     	0.625472   	0.0246094   	1.59334     
216	95    	1.13046     	0.632591   	-0.000866667	1.59344     
217	91    	1.19969     	0.621985   	-0.000866667	1.59347     
218	91    	1.11764     	0.643723   	-0.000866667	1.59347     
219	98    	1.00085     	0.695502   	-0.000866667	1.59347     
220	91    	1.24155     	0.591507   	-0.000866667	1.59416     
221	94    	1.07565     	0.686092   	-0.000866667	1.59416     
222	93    	1.04394     	0.679586   	-0.000866667	1.59416     
223	90    	1.24247     	0.563753   	0.0246034   	1.59416     
224	93    	1.1411      	0.661941   	0.0245751   	1.59416     
225	94    	1.09496     	0.64682    	-0.000866667	1.59646     
226	93    	1.22891     	0.600694   	-0.000866667	1.59647     
227	94    	1.064       	0.676211   	-0.000866667	1.59647     
228	96    	1.16413     	0.645576   	-0.000866667	1.59894     
229	91    	1.00255     	0.689625   	-0.000866667	1.59894     
230	85    	1.09887     	0.658231   	0.0234866   	1.59894     
231	90    	1.03207     	0.677781   	0.0316553   	1.59894     
232	90    	1.07444     	0.655184   	0.0333989   	1.59894     
233	96    	1.02866     	0.672417   	-0.000866667	1.59923     
234	93    	1.13385     	0.647059   	-0.000866667	1.59923     
235	94    	0.991822    	0.681611   	-0.000866667	1.59923     
236	91    	1.13327     	0.668155   	-0.000866667	1.59923     
237	91    	1.18008     	0.637082   	-0.000866667	1.59923     
238	92    	1.18804     	0.626045   	-0.000866667	1.59936     
239	94    	1.06827     	0.667218   	-0.000866667	1.59936     
240	90    	1.15104     	0.634198   	-0.000866667	1.59936     
241	91    	1.12444     	0.654858   	-0.000866667	1.60578     
242	93    	1.08985     	0.665242   	-0.000833333	1.60673     
243	92    	1.1036      	0.65165    	-0.000866667	1.60673     
244	92    	1.04824     	0.675617   	0.022477    	1.60673     
245	87    	1.04066     	0.689577   	0.0154796   	1.60673     
246	87    	1.13136     	0.654102   	0.0238149   	1.60673     
247	97    	1.02189     	0.69294    	0.0154338   	1.60674     
248	87    	1.14448     	0.636463   	0.0154398   	1.60674     
249	92    	1.22819     	0.606467   	0.0238146   	1.60676     
250	92    	1.18774     	0.640455   	0.0368081   	1.60676     
251	92    	1.17631     	0.621912   	0.015448    	1.60676     
252	88    	1.15175     	0.62985    	0.0154568   	1.60683     
253	91    	1.16112     	0.650297   	0.0154568   	1.60683     
254	92    	1.03538     	0.681854   	0.0238152   	1.60684     
255	92    	0.946762    	0.684744   	0.0154568   	1.60684     
256	91    	1.1023      	0.672528   	0.0152496   	1.60687     
257	93    	1.076       	0.671494   	0.0152719   	1.60689     
258	89    	1.01647     	0.681763   	0.0152719   	1.60692     
259	89    	1.04182     	0.687895   	0.0152496   	1.60692     
260	95    	1.23146     	0.607364   	0.02641     	1.60692     
261	96    	1.07373     	0.681503   	0.0238489   	1.60696     
262	87    	0.943775    	0.699979   	0.0153381   	1.60696     
263	93    	0.919325    	0.701476   	0.0152833   	1.60696     
264	96    	0.98533     	0.695054   	0.0152833   	1.60696     
265	92    	1.1183      	0.658964   	0.0152836   	1.60696     
266	94    	1.06348     	0.675286   	0.0152833   	1.60696     
267	92    	1.03916     	0.671094   	0.0238517   	1.60696     
268	96    	0.96544     	0.691948   	0.0152605   	1.60696     
269	97    	0.99142     	0.693935   	0.0152537   	1.60696     
270	90    	1.0589      	0.651923   	0.0264243   	1.60696     
271	90    	0.940404    	0.70179    	0.0152222   	1.60696     
272	95    	1.03107     	0.684647   	0.0152749   	1.60696     
273	89    	1.14968     	0.653167   	0.0238481   	1.60696     
274	92    	0.93769     	0.696618   	0.0238507   	1.60696     
275	86    	1.04609     	0.680166   	0.0238444   	1.60696     
276	96    	1.09698     	0.666981   	0.0238507   	1.60696     
277	91    	0.911813    	0.705079   	0.0153004   	1.60696     
278	92    	1.06437     	0.687286   	0.0238507   	1.60696     
279	90    	0.999966    	0.68265    	0.0263858   	1.60696     
280	92    	1.01806     	0.664973   	0.0238455   	1.60696     
281	92    	1.10291     	0.662073   	0.0238507   	1.60696     
282	86    	1.13469     	0.665321   	0.0153004   	1.60696     
283	89    	0.937936    	0.708747   	0.0238504   	1.60696     
284	91    	0.988859    	0.696912   	0.0153004   	1.60696     
285	93    	0.977685    	0.7075     	0.0238428   	1.60696     
286	91    	1.00307     	0.682184   	0.0153004   	1.60696     
287	94    	0.966339    	0.696523   	0.0238506   	1.60696     
288	92    	1.07892     	0.669617   	0.0153004   	1.60696     
289	94    	0.966137    	0.687799   	0.0153004   	1.60696     
290	89    	1.0472      	0.678428   	0.0152885   	1.60696     
291	84    	1.08322     	0.671337   	0.0152576   	1.60696     
292	89    	1.01206     	0.691355   	0.0153004   	1.60696     
293	98    	1.03446     	0.674943   	0.0152302   	1.60696     
294	93    	0.932634    	0.709799   	0.0153004   	1.60696     
295	87    	1.02496     	0.684854   	0.0238465   	1.60696     
296	95    	0.983851    	0.691472   	0.0362528   	1.60696     
297	98    	0.976994    	0.695646   	0.0152731   	1.60696     
298	94    	0.98611     	0.680459   	0.0365818   	1.60696     
299	93    	0.889005    	0.708909   	0.0151115   	1.60696     
300	89    	0.930325    	0.701333   	0.0238445   	1.60696     
Best individuals:
(1.6069633876517702,) 	<--	 //0
p:0.40589337733602726, -1.632543399073031, -0.26849750096766445, fr=2.29, ing=0.045
p:-0.029575968363739102, -0.0955532795336973, 0.14255574410835292, fr=0.971, ing=0.283
p:1.0359550893786653, -0.29998125726674707, 0.1735714786792839, fr=0.62, ing=0.05
p:0.243, -1.32, 1.7, fr=0.1, ing=0.209
p:0.33279712992749394, -1.483100909460142, 3.6911139115555542, fr=0.544, ing=0.447
p:0.15563176528828168, -2.0631174777954047, 5.596735399162377, fr=0.797, ing=0.329
j:3, 2, rotstif=0.603
j:3, 1, stif=0.999, rotstif=0.547
j:0, 3, stif=0.93, rotstif=0.788
j:1, 2, stif=0.999, rotstif=0.902
j:4, 3, rotstif=0.828
j:5, 4, rotstif=0.952

Saved 'C:\Users\alex3\Projects\AI sem 1\sem-1\BIA\Evolutionary Design\runs\2026-09-07_224747\gens\HoF-f0-0.gen' (1)
C:\Users\alex3\Projects\AI sem 1\sem-1\BIA\Evolutionary Design\stats\2026-09-07_23\HoF-f0-0.logbook.pkl
VMNeuronManager.autoload: Neuro classes added: Delay Light Nn PIDP PIDV SeeLight SeeLight2 S0 S1 Thr 
UserScripts.autoload: 20 user scripts added.
