Argument values: path=C:\Users\alex3\Projects\AI sem 1\sem-1\BIA\Evolutionary Design\Framsticks55, lib=None, sim=eval-allcriteria.sim;deterministic.sim;sample-period-2.sim;only-body.sim;uneven-ground.sim, genformat=0, initialgenotype=None, opt=vertpos, popsize=100, generations=300, tournament=10, pmut=0.9, pxov=0.2, hof_size=1, hof_savefile=C:\Users\alex3\Projects\AI sem 1\sem-1\BIA\Evolutionary Design\runs\2026-09-07_224747\gens\HoF-f0-2.gen, save_stats=C:\Users\alex3\Projects\AI sem 1\sem-1\BIA\Evolutionary Design\stats, max_numparts=30, max_numjoints=None, max_numneurons=None, max_numconnections=None, max_numgenochars=None
Using Framsticks version: 5.5
Home (writable) dir     : C:\Users\alex3\Projects\AI sem 1\sem-1\BIA\Evolutionary Design\Framsticks55\data
Resources dir           : C:\Users\alex3\Projects\AI sem 1\sem-1\BIA\Evolutionary Design\Framsticks55\data

Available objects: ['CheckpointEvent', 'Collision', 'CrCollision', 'Creature', 'CreatureSettings', 'CreatureSignals', 'CreatureSnapshot', 'Dictionary', 'ExpProperties', 'ExpState', 'ExtValue', 'File', 'FunctionReference', 'GenMan', 'GenManStats', 'GenePool', 'GenePools', 'Geno', 'GenoConverters', 'Genotype', 'Interface', 'Joint', 'Loader', 'Math', 'MechJoint', 'MechPart', 'MessageCatcher', 'Model', 'ModelGeometry', 'ModelSymmetry', 'Neuro', 'NeuroClass', 'NeuroClassLibrary', 'NeuroDef', 'NeuroSignals', 'NeuronsSimEnabled', 'ODE', 'Orient', 'Part', 'Population', 'Populations', 'Ref', 'Signal', 'SignalView', 'SimilMeasure', 'SimilMeasureDistribution', 'SimilMeasureGreedy', 'SimilMeasureHungarian', 'Simulator', 'SlaveSimulators', 'StopEvent', 'String', 'UserScripts', 'Vector', 'WireframeAppearance', 'World', 'WorldMap', 'WorldSignals', 'XYZ', '__builtins__', '__cached__', '__doc__', '__file__', '__loader__', '__name__', '__package__', '__spec__', 'c_api', 'ctypes', 'home_dir', 'init', 'os', 're', 'res_dir', 'sim_params', 'stats', 'sys']

Basic tests OK. Using settings: ['eval-allcriteria.sim', 'deterministic.sim', 'sample-period-2.sim', 'only-body.sim', 'uneven-ground.sim']

Simulator.load: Loading from 'eval-allcriteria.sim'
Loader.load: Comments read from file follow:
Loader.load:  Sample settings for evaluating many criteria of performance of a Framsticks creature.
Loader.load:  See the "evalcount" parameter if you want to speed the evaluation up or have a more stable result.
Loader.load:  Other important parameters are "Energy0" and "perfperiod".
Loader.load:  Put this file in the "data" subdirectory within the Framsticks distribution.
Simulator.load: Loaded genepool settings, 2 population settings, simulator settings from 'eval-allcriteria.sim'
Simulator.load: Loading from 'deterministic.sim'
Loader.load: Comments read from file follow:
Loader.load:  Parameter values that make the evaluation of a Framsticks creature deterministic.
Loader.load:  The values turn off random noise, so evaluation of the same genotype will always yield the same performance.
Loader.load:  The advantage is that you do not need to evaluate a genotype many times, and performance values are reliable.
Loader.load:  The disadvantage is that evolved creatures are "overfitting", i.e. rely entirely on the specific environment,
Loader.load:  and their behavior may be different in any other environment or (even slightly) changed conditions or parameter values,
Loader.load:  so each creature evolved using these settings must be later inspected using exactly the same setup.
Loader.load: 
Loader.load:  Before loading this file, load base settings, e.g. "eval-allcriteria.sim".
Loader.load:  Put this file in the "data" subdirectory within the Framsticks distribution.
Simulator.load: Loaded simulator settings from 'deterministic.sim'
Simulator.load: Loading from 'sample-period-2.sim'
Loader.load: Comments read from file follow:
Loader.load:  Very low "performance sampling period" in the first population to sample performance very often during lifespan
Loader.load:  and avoid overlooking some behavior. Averaged performance of sampled values is returned as the final value.
Loader.load:  See http://www.framsticks.com/a/al_params.html#exper-perfcalc
Loader.load: 
Loader.load:  Before loading this file, load base settings, e.g. "eval-allcriteria.sim".
Loader.load:  Put this file in the "data" subdirectory within the Framsticks distribution.
Simulator.load: Loaded population settings from 'sample-period-2.sim'
Simulator.load: Loading from 'only-body.sim'
Loader.load: Comments read from file follow:
Loader.load:  Turns off mutations in f0, f1, f4, fH related to brain (disables adding and modifying neurons)
Simulator.load: Loaded simulator settings from 'only-body.sim'
Simulator.load: Loading from 'uneven-ground.sim'
Loader.load: Comments read from file follow:
Loader.load:  Produces a microscopically uneven underlying heightfield, where the resting height ("vertpos") is sensitive to the shape of structures,
Loader.load:  because individual Parts settle at different elevations depending on the (world-centered) geometry of the structure.
Simulator.load: Loaded simulator settings from 'uneven-ground.sim'
gen	nevals	avg         	stddev    	min         	max         
0  	100   	-0.000966667	1.0842e-19	-0.000966667	-0.000966667
1  	90    	-0.000965333	1.24007e-05	-0.001      	-0.000933333
2  	90    	-0.00052579 	0.00422926 	-0.001      	0.0415543   
3  	91    	0.00302245  	0.013419   	-0.000966667	0.0861088   
4  	94    	0.0279169   	0.039639   	-0.000933333	0.270062    
5  	94    	0.0811731   	0.0603748  	-0.000933333	0.270062    
6  	89    	0.181626    	0.0890794  	-0.000966667	0.491783    
7  	93    	0.266346    	0.0986665  	-0.000933333	0.511991    
8  	92    	0.35873     	0.133067   	-0.000933333	0.541307    
9  	96    	0.469459    	0.122308   	-0.000933333	0.66115     
Problem "'NoneType' object is not subscriptable" so could not evaluate genotype "//0
p:-0.029729420437854925, -1.7777794589026699, 0.27621738898323467
p:0.416, -0.219, 1.447
p:
p:1.0
p:-0.029729420437854925, -1.7777794589026699, 0.27621738898323467, fr=0.005
j:1, 2, stif=0.988
j:0, 1, stif=0.836
j:1, 3
j:4, 0, stif=0.983
j:2, 3
j:4, 1
", hence assigned it a special ("infeasible solution") fitness value: [-999999.0]
10 	90    	0.476086    	0.186415   	-0.000933333	0.765729    
Selection: ignoring 1 infeasible solution in a population of size 100
11 	95    	0.535239    	0.214975   	0.00882503  	0.780146    
12 	95    	0.645397    	0.203534   	0.00258046  	0.846304    
13 	93    	0.634969    	0.241148   	0.113884    	0.865914    
14 	93    	0.709924    	0.226316   	0.0244516   	0.946288    
15 	94    	0.703559    	0.272295   	0.112354    	0.946288    
16 	87    	0.700714    	0.312312   	0.0957278   	1.02816     
17 	94    	0.725861    	0.315001   	0.0764608   	1.02816     
18 	96    	0.751468    	0.327055   	0.16352     	1.03211     
19 	91    	0.810576    	0.337287   	0.119059    	1.08104     
20 	95    	0.811341    	0.326679   	0.130429    	1.08112     
21 	93    	0.841735    	0.33331    	0.167654    	1.08112     
22 	95    	0.833936    	0.340272   	0.117317    	1.09905     
23 	86    	0.914872    	0.298985   	0.186295    	1.09905     
24 	96    	0.858834    	0.343712   	0.206552    	1.11979     
25 	92    	0.886654    	0.334313   	0.161773    	1.12408     
26 	95    	0.91676     	0.342034   	0.109616    	1.18935     
27 	92    	0.890592    	0.36333    	0.167929    	1.19903     
28 	97    	0.8862      	0.383439   	0.111008    	1.20599     
29 	93    	0.926102    	0.394586   	0.211614    	1.20599     
30 	90    	0.930956    	0.385038   	0.11839     	1.20599     
31 	91    	0.834048    	0.434876   	0.118414    	1.20599     
32 	93    	0.908075    	0.430366   	0.118414    	1.21256     
33 	91    	0.886442    	0.432664   	0.118414    	1.21256     
34 	89    	0.871779    	0.428699   	0.137701    	1.21361     
35 	92    	0.886635    	0.433496   	0.0980956   	1.21725     
36 	92    	0.88721     	0.421769   	0.159694    	1.21725     
37 	93    	0.944339    	0.393117   	0.0981674   	1.21733     
38 	89    	0.992325    	0.387005   	0.0981674   	1.22728     
39 	95    	0.888565    	0.429033   	0.211306    	1.22728     
40 	90    	0.878211    	0.447415   	0.0979609   	1.23788     
41 	96    	0.917132    	0.423661   	0.108093    	1.23788     
42 	88    	0.940172    	0.421273   	0.190292    	1.23789     
43 	92    	0.819547    	0.478388   	0.108275    	1.24813     
44 	94    	0.94256     	0.430518   	0.139036    	1.24813     
45 	91    	0.846676    	0.461911   	0.108201    	1.24941     
46 	94    	0.934573    	0.443372   	0.10842     	1.24943     
47 	94    	0.929761    	0.441234   	0.10842     	1.25841     
48 	92    	0.9814      	0.430988   	0.132047    	1.25841     
49 	90    	0.849084    	0.474154   	0.100373    	1.25841     
50 	87    	0.98264     	0.432504   	0.147161    	1.25884     
51 	88    	0.954311    	0.430131   	0.147185    	1.25884     
52 	97    	0.878462    	0.464145   	0.100362    	1.25918     
53 	96    	0.933888    	0.439937   	0.100648    	1.26339     
54 	90    	0.960306    	0.436218   	0.10025     	1.26342     
55 	99    	0.86018     	0.457797   	0.100273    	1.26399     
56 	92    	0.962823    	0.442985   	0.115298    	1.26916     
57 	94    	0.833912    	0.473127   	0.100263    	1.26926     
58 	93    	0.897881    	0.462289   	0.10009     	1.27579     
59 	92    	0.946713    	0.442028   	0.100236    	1.28804     
60 	94    	0.962072    	0.442643   	0.100248    	1.28804     
61 	91    	0.97342     	0.440585   	0.109617    	1.28827     
62 	91    	0.867381    	0.488226   	0.172002    	1.28827     
63 	95    	0.821773    	0.495727   	0.109565    	1.28828     
64 	91    	0.88881     	0.490309   	0.109614    	1.2885      
65 	95    	0.897125    	0.481738   	0.109555    	1.2885      
66 	92    	0.893115    	0.494841   	0.109559    	1.28858     
67 	97    	0.876814    	0.480747   	0.109587    	1.28858     
68 	92    	0.893856    	0.490414   	0.109495    	1.2886      
69 	96    	0.86397     	0.48759    	0.109495    	1.2886      
70 	90    	0.873109    	0.498777   	0.0918376   	1.28871     
71 	87    	0.953411    	0.467291   	0.173062    	1.28898     
72 	95    	0.943119    	0.458934   	0.104558    	1.28993     
73 	96    	0.953219    	0.468146   	0.109537    	1.28993     
74 	92    	0.871662    	0.497649   	0.0997657   	1.28993     
75 	91    	0.89503     	0.48817    	0.0902578   	1.29742     
76 	91    	0.938879    	0.477805   	0.111055    	1.29743     
77 	89    	0.879815    	0.490933   	0.111047    	1.29743     
78 	92    	0.857363    	0.513582   	0.122556    	1.29748     
79 	94    	0.876595    	0.502182   	0.111067    	1.29748     
80 	91    	0.962962    	0.478212   	0.130026    	1.29748     
81 	91    	0.935187    	0.487356   	0.129926    	1.29755     
82 	94    	0.883369    	0.494657   	0.15234     	1.29755     
83 	94    	0.929007    	0.487558   	0.111067    	1.30805     
84 	88    	0.904889    	0.487219   	0.151903    	1.30805     
85 	89    	0.957967    	0.482682   	0.128273    	1.30807     
86 	90    	0.961978    	0.485302   	0.108853    	1.30807     
87 	92    	0.922355    	0.497649   	0.108916    	1.30809     
88 	96    	0.859665    	0.529086   	0.116423    	1.30809     
89 	94    	0.943812    	0.486528   	0.108916    	1.30809     
90 	92    	0.813643    	0.528653   	0.108926    	1.30809     
91 	94    	0.966119    	0.494925   	0.108926    	1.3081      
92 	94    	0.774827    	0.529645   	0.108926    	1.3081      
93 	94    	0.869369    	0.525661   	0.108926    	1.30811     
94 	88    	1.00895     	0.463385   	0.108947    	1.30811     
95 	87    	0.895206    	0.513601   	0.10895     	1.30812     
96 	86    	0.854062    	0.522484   	0.122297    	1.30812     
97 	93    	0.954949    	0.491822   	0.128068    	1.30814     
98 	94    	0.921317    	0.513458   	0.0949013   	1.30814     
99 	94    	0.914721    	0.498976   	0.116452    	1.30814     
100	91    	0.897164    	0.511831   	0.108983    	1.30814     
101	91    	0.974064    	0.474711   	0.108983    	1.30814     
102	94    	0.905922    	0.513997   	0.116463    	1.30814     
103	93    	0.894391    	0.51939    	0.10897     	1.30814     
104	91    	0.810339    	0.533337   	0.116404    	1.30814     
105	92    	0.88531     	0.512896   	0.116455    	1.30814     
106	92    	0.89041     	0.51197    	0.120012    	1.30827     
107	94    	0.915836    	0.514849   	0.116418    	1.30827     
108	93    	0.877118    	0.520142   	0.109017    	1.30828     
109	93    	0.83654     	0.530932   	0.109475    	1.30828     
110	92    	0.935793    	0.497441   	0.109475    	1.30828     
111	91    	0.869258    	0.514436   	0.109485    	1.30828     
112	90    	0.929247    	0.498763   	0.109485    	1.30828     
113	95    	0.823156    	0.522205   	0.109485    	1.30828     
114	91    	0.899613    	0.507532   	0.102813    	1.30828     
115	94    	0.892914    	0.513109   	0.116556    	1.30828     
116	87    	0.8404      	0.520139   	0.109481    	1.30828     
117	93    	0.901636    	0.507544   	0.116557    	1.30828     
118	95    	0.820866    	0.520755   	0.116557    	1.30828     
119	87    	0.900392    	0.516182   	0.109463    	1.30828     
120	94    	0.867842    	0.522192   	0.10946     	1.30828     
121	93    	0.904563    	0.512094   	0.0772656   	1.30957     
122	90    	0.902919    	0.510689   	0.119544    	1.30957     
123	90    	0.799969    	0.528452   	0.109463    	1.30957     
124	91    	0.90367     	0.524672   	0.102633    	1.31011     
125	95    	0.885702    	0.53234    	0.102663    	1.31084     
126	87    	0.97882     	0.498394   	0.0939347   	1.31084     
127	88    	0.910587    	0.526476   	0.102656    	1.31108     
128	96    	0.79887     	0.546581   	0.0964421   	1.3111      
129	89    	0.787169    	0.535236   	0.0964259   	1.3111      
130	91    	0.892944    	0.516634   	0.0863475   	1.3111      
131	92    	0.914261    	0.529014   	0.0964259   	1.31114     
132	93    	0.959126    	0.505774   	0.096421    	1.31114     
133	88    	0.868073    	0.523654   	0.106252    	1.31114     
134	94    	0.858209    	0.539564   	0.0964209   	1.31114     
135	89    	0.811415    	0.540871   	0.0964366   	1.31114     
136	90    	0.841997    	0.539582   	0.0964366   	1.31115     
137	91    	0.880262    	0.532082   	0.0735479   	1.31115     
138	94    	0.853286    	0.524065   	0.101266    	1.31116     
139	87    	0.877766    	0.531114   	0.101266    	1.31116     
140	92    	0.933724    	0.510124   	0.0964369   	1.3114      
141	91    	0.939445    	0.507021   	0.111373    	1.3114      
142	88    	0.933372    	0.506372   	0.121198    	1.31143     
143	91    	0.889013    	0.52365    	0.111199    	1.31143     
144	93    	0.954255    	0.511714   	0.106739    	1.31166     
145	90    	0.892692    	0.528323   	0.111185    	1.31166     
146	91    	0.91958     	0.517929   	0.0830073   	1.31166     
147	91    	0.847284    	0.53484    	0.096838    	1.31166     
148	93    	0.751985    	0.553035   	0.0829759   	1.31166     
149	92    	0.956728    	0.51237    	0.0829759   	1.31166     
150	95    	0.888488    	0.529902   	0.0829759   	1.31166     
151	95    	0.834379    	0.546155   	0.0829226   	1.31169     
152	92    	0.879814    	0.530082   	0.0829301   	1.31169     
153	93    	0.848896    	0.542629   	0.0829668   	1.31169     
154	96    	0.803898    	0.558651   	0.0964844   	1.31169     
155	97    	0.861085    	0.536518   	0.082947    	1.31177     
156	93    	0.871481    	0.538667   	0.0963409   	1.31177     
157	92    	0.759452    	0.546249   	0.0824859   	1.31177     
158	89    	0.953366    	0.505057   	0.0964373   	1.31177     
159	92    	0.881799    	0.535561   	0.0824859   	1.31177     
160	90    	0.923732    	0.51205    	0.106663    	1.31177     
161	90    	0.825113    	0.538222   	0.106683    	1.31177     
162	89    	0.877451    	0.521277   	0.0825735   	1.31177     
163	90    	0.947685    	0.514385   	0.0825735   	1.31177     
164	90    	0.844162    	0.540306   	0.0964246   	1.31177     
165	91    	0.875144    	0.53228    	0.111189    	1.31177     
166	94    	0.825061    	0.545531   	0.0825735   	1.31177     
167	91    	0.925901    	0.517422   	0.0964358   	1.31177     
168	89    	0.892816    	0.522539   	0.0824971   	1.31177     
169	97    	0.886718    	0.517754   	0.0965232   	1.31177     
170	97    	0.880361    	0.527408   	0.0825732   	1.31177     
171	87    	0.944844    	0.515075   	0.0964246   	1.31177     
172	92    	0.879605    	0.521541   	0.111196    	1.31177     
173	97    	0.921993    	0.52663    	0.0963006   	1.31177     
174	92    	0.870028    	0.54343    	0.0825453   	1.31177     
175	92    	0.827409    	0.537477   	0.0827344   	1.31177     
176	92    	0.931505    	0.506553   	0.0931621   	1.31177     
177	90    	0.940928    	0.512807   	0.0827344   	1.31177     
178	90    	0.858022    	0.538787   	0.0825165   	1.31177     
179	96    	0.875192    	0.530612   	0.0964091   	1.31177     
180	92    	0.859872    	0.528156   	0.0964097   	1.31177     
181	94    	0.946821    	0.520573   	0.106691    	1.31177     
182	91    	1.02953     	0.473309   	0.0825165   	1.31177     
183	88    	0.849837    	0.533918   	0.102064    	1.31177     
184	93    	0.809262    	0.550355   	0.106582    	1.31177     
185	93    	0.851275    	0.529913   	0.0963723   	1.31177     
186	90    	0.918474    	0.512425   	0.130436    	1.31177     
187	96    	0.80171     	0.549708   	0.082566    	1.31177     
188	89    	0.968249    	0.508648   	0.0825289   	1.31177     
189	95    	0.818453    	0.527365   	0.119821    	1.31211     
190	91    	0.850531    	0.533993   	0.11991     	1.3127      
191	94    	0.851092    	0.542907   	0.0964093   	1.3127      
192	90    	0.831       	0.540391   	0.0998549   	1.31274     
193	87    	0.943935    	0.51472    	0.100146    	1.31274     
194	92    	0.771244    	0.526564   	0.100146    	1.3128      
195	86    	0.942674    	0.498491   	0.119766    	1.3128      
196	93    	0.914628    	0.530668   	0.0997976   	1.3128      
197	90    	0.867894    	0.532157   	0.100102    	1.31283     
198	89    	0.85537     	0.540891   	0.0842345   	1.31283     
199	90    	0.984101    	0.499306   	0.11588     	1.31292     
200	91    	0.927346    	0.524509   	0.100114    	1.31292     
201	91    	0.916693    	0.526057   	0.104644    	1.31292     
202	92    	0.93109     	0.50919    	0.0844352   	1.31292     
203	94    	0.937014    	0.516452   	0.0993441   	1.31292     
204	92    	0.879713    	0.52922    	0.0846686   	1.31292     
205	96    	0.883356    	0.525439   	0.104637    	1.31292     
206	93    	0.92094     	0.508519   	0.0846686   	1.31292     
207	96    	0.855275    	0.51621    	0.0842649   	1.31298     
208	94    	0.952958    	0.50522    	0.116897    	1.31298     
209	94    	0.809944    	0.55063    	0.115742    	1.31298     
210	94    	0.853656    	0.532956   	0.0846787   	1.31298     
211	93    	0.821877    	0.540189   	0.0846809   	1.31298     
212	95    	0.787529    	0.545046   	0.0847384   	1.31298     
213	88    	0.868343    	0.539009   	0.104638    	1.31298     
214	92    	0.902896    	0.525459   	0.0846627   	1.31298     
215	96    	0.778554    	0.544905   	0.0846787   	1.313       
216	93    	0.894322    	0.525625   	0.100297    	1.313       
217	94    	0.847335    	0.531122   	0.115742    	1.313       
218	90    	0.917068    	0.511716   	0.120201    	1.313       
219	88    	0.91985     	0.527843   	0.0994475   	1.313       
220	92    	0.836663    	0.541163   	0.115766    	1.313       
221	94    	0.935928    	0.502199   	0.115765    	1.313       
222	92    	0.904873    	0.519684   	0.0847657   	1.313       
223	90    	0.864989    	0.538649   	0.0846847   	1.313       
224	94    	0.886585    	0.533034   	0.104652    	1.313       
225	89    	0.890806    	0.526112   	0.0994585   	1.313       
226	96    	0.827583    	0.538059   	0.0993764   	1.313       
227	89    	0.864547    	0.52872    	0.0846856   	1.313       
228	89    	0.971852    	0.49337    	0.0846856   	1.313       
229	94    	0.841425    	0.54722    	0.0994633   	1.313       
230	86    	0.893805    	0.52447    	0.0994592   	1.313       
231	88    	0.86949     	0.533966   	0.0994633   	1.313       
232	94    	0.871096    	0.537784   	0.0994597   	1.313       
233	85    	0.846216    	0.540074   	0.0846856   	1.313       
234	89    	0.86491     	0.535162   	0.098962    	1.313       
235	92    	0.950975    	0.486028   	0.0846702   	1.313       
236	97    	0.802875    	0.536723   	0.0994398   	1.313       
237	89    	0.85661     	0.546805   	0.0994428   	1.313       
238	90    	0.909626    	0.517929   	0.0994417   	1.31345     
239	95    	0.88059     	0.525535   	0.098892    	1.31345     
240	96    	0.892193    	0.530986   	0.08492     	1.31345     
241	95    	0.926603    	0.497445   	0.0812386   	1.31355     
242	92    	0.867713    	0.53167    	0.0975322   	1.31355     
243	95    	0.823416    	0.543135   	0.0975107   	1.31355     
244	97    	0.927283    	0.511852   	0.0892145   	1.31355     
245	89    	0.891695    	0.534314   	0.081221    	1.31355     
246	96    	0.817241    	0.537728   	0.0975384   	1.31355     
247	89    	0.889014    	0.530596   	0.0811922   	1.31355     
248	90    	0.902067    	0.521217   	0.0975206   	1.31377     
249	96    	0.864277    	0.529415   	0.0698542   	1.31377     
250	97    	0.872458    	0.531117   	0.0973215   	1.31377     
251	95    	0.917331    	0.515123   	0.088929    	1.31377     
252	92    	0.837316    	0.542988   	0.0887919   	1.31377     
253	88    	0.884727    	0.523791   	0.0890651   	1.31377     
254	88    	0.877742    	0.533885   	0.0777397   	1.31381     
255	92    	0.804999    	0.547868   	0.0889274   	1.31381     
256	94    	0.84502     	0.535518   	0.0945843   	1.31406     
257	96    	0.808519    	0.526981   	0.0703099   	1.31406     
258	92    	0.913323    	0.523817   	0.0945892   	1.31409     
259	97    	0.85175     	0.544435   	0.0698902   	1.31409     
260	90    	0.887683    	0.538491   	0.0777676   	1.31415     
261	96    	0.94853     	0.50155    	0.094632    	1.31415     
262	96    	0.817059    	0.55267    	0.069324    	1.31415     
263	95    	0.877073    	0.531275   	0.0895939   	1.31415     
264	91    	0.805492    	0.545198   	0.0774949   	1.31415     
265	90    	0.914236    	0.532195   	0.0700672   	1.31419     
266	89    	0.863784    	0.535743   	0.0774696   	1.31419     
267	89    	0.847945    	0.544698   	0.0693669   	1.31419     
268	92    	1.03908     	0.465697   	0.0983038   	1.31421     
269	93    	0.886967    	0.540736   	0.0946876   	1.31421     
270	96    	0.909973    	0.516987   	0.0892808   	1.31421     
271	93    	0.831152    	0.544294   	0.0699632   	1.31421     
272	89    	0.758984    	0.551678   	0.0778123   	1.31422     
273	91    	0.936153    	0.520937   	0.0899351   	1.31422     
274	95    	0.828622    	0.559785   	0.0699632   	1.31422     
275	95    	0.977626    	0.495206   	0.0890682   	1.31422     
276	93    	0.927202    	0.527348   	0.0899351   	1.31422     
277	96    	0.870181    	0.547025   	0.0698495   	1.31422     
278	92    	0.853978    	0.539357   	0.0699383   	1.31422     
279	91    	0.834457    	0.542466   	0.134752    	1.31422     
280	95    	0.866334    	0.53963    	0.0898638   	1.31423     
281	93    	0.923912    	0.533076   	0.0698482   	1.31423     
282	83    	0.939001    	0.523641   	0.0698623   	1.31423     
283	92    	0.914945    	0.524271   	0.0899251   	1.31423     
284	93    	0.831441    	0.553266   	0.0698567   	1.31423     
285	86    	0.927803    	0.523111   	0.0698567   	1.31423     
286	96    	0.895615    	0.528565   	0.0984719   	1.31423     
287	86    	0.941784    	0.521701   	0.0778741   	1.31423     
288	90    	0.853565    	0.535933   	0.0898885   	1.31423     
289	88    	0.874504    	0.538247   	0.0778739   	1.31423     
290	93    	0.82609     	0.541136   	0.069851    	1.31423     
291	89    	0.949501    	0.517138   	0.0698581   	1.31423     
292	92    	0.883017    	0.537419   	0.0698567   	1.31423     
293	95    	0.823711    	0.558844   	0.0699558   	1.31423     
294	95    	0.881877    	0.528697   	0.0898888   	1.31423     
295	90    	0.833533    	0.540487   	0.0898888   	1.31423     
296	94    	0.854251    	0.551173   	0.0697894   	1.31423     
297	91    	0.960454    	0.506034   	0.0778568   	1.31423     
298	92    	0.897877    	0.530504   	0.134637    	1.31423     
299	95    	0.836468    	0.542903   	0.0984693   	1.31423     
300	93    	0.896283    	0.536818   	0.0698569   	1.31423     
Best individuals:
(1.314225518001476,) 	<--	 //0
p:0.01012873410723858, 0.008508136650080433, 0.0469973262575869, fr=0.059, ing=0.112
p:1.0, fr=0.295, ing=0.294
p:0.573, -0.973, 1.68, fr=1.932, ing=0.117
p:-0.08978917770079686, -2.0245218332437864, 0.11340739816175294, fr=2.317, ing=0.661
p:0.425, 0.357, 1.972, fr=1.787, ing=0.41
p:0.5601511653220037, -1.006604644542452, 3.6794763502758894, fr=1.35, ing=0.354
p:0.2597808106533894, 0.5596816799542722, 3.954630272159326, fr=1.005, ing=0.094
j:0, 1, rotstif=0.661
j:2, 1, rotstif=0.639
j:5, 2, rotstif=0.941
j:4, 0, stif=0.999, rotstif=0.793
j:6, 4, rotstif=0.844
j:4, 2, stif=0.959, rotstif=0.511
j:3, 2, stif=0.977, rotstif=0.741

Saved 'C:\Users\alex3\Projects\AI sem 1\sem-1\BIA\Evolutionary Design\runs\2026-09-07_224747\gens\HoF-f0-2.gen' (1)
C:\Users\alex3\Projects\AI sem 1\sem-1\BIA\Evolutionary Design\stats\2026-09-07_23\HoF-f0-2.logbook.pkl
VMNeuronManager.autoload: Neuro classes added: Delay Light Nn PIDP PIDV SeeLight SeeLight2 S0 S1 Thr 
UserScripts.autoload: 20 user scripts added.
