Argument values: path=C:\Users\alex3\Projects\AI sem 1\sem-1\BIA\Evolutionary Design\Framsticks55, lib=None, sim=eval-allcriteria.sim;deterministic.sim;sample-period-2.sim;only-body.sim;uneven-ground.sim, genformat=9, initialgenotype=None, opt=vertpos, popsize=100, generations=300, tournament=10, pmut=0.9, pxov=0.2, hof_size=1, hof_savefile=C:\Users\alex3\Projects\AI sem 1\sem-1\BIA\Evolutionary Design\runs\2026-09-07_224747\gens\HoF-f9-1.gen, save_stats=C:\Users\alex3\Projects\AI sem 1\sem-1\BIA\Evolutionary Design\stats, max_numparts=30, max_numjoints=None, max_numneurons=None, max_numconnections=None, max_numgenochars=None
Using Framsticks version: 5.5
Home (writable) dir     : C:\Users\alex3\Projects\AI sem 1\sem-1\BIA\Evolutionary Design\Framsticks55\data
Resources dir           : C:\Users\alex3\Projects\AI sem 1\sem-1\BIA\Evolutionary Design\Framsticks55\data

Available objects: ['CheckpointEvent', 'Collision', 'CrCollision', 'Creature', 'CreatureSettings', 'CreatureSignals', 'CreatureSnapshot', 'Dictionary', 'ExpProperties', 'ExpState', 'ExtValue', 'File', 'FunctionReference', 'GenMan', 'GenManStats', 'GenePool', 'GenePools', 'Geno', 'GenoConverters', 'Genotype', 'Interface', 'Joint', 'Loader', 'Math', 'MechJoint', 'MechPart', 'MessageCatcher', 'Model', 'ModelGeometry', 'ModelSymmetry', 'Neuro', 'NeuroClass', 'NeuroClassLibrary', 'NeuroDef', 'NeuroSignals', 'NeuronsSimEnabled', 'ODE', 'Orient', 'Part', 'Population', 'Populations', 'Ref', 'Signal', 'SignalView', 'SimilMeasure', 'SimilMeasureDistribution', 'SimilMeasureGreedy', 'SimilMeasureHungarian', 'Simulator', 'SlaveSimulators', 'StopEvent', 'String', 'UserScripts', 'Vector', 'WireframeAppearance', 'World', 'WorldMap', 'WorldSignals', 'XYZ', '__builtins__', '__cached__', '__doc__', '__file__', '__loader__', '__name__', '__package__', '__spec__', 'c_api', 'ctypes', 'home_dir', 'init', 'os', 're', 'res_dir', 'sim_params', 'stats', 'sys']

Basic tests OK. Using settings: ['eval-allcriteria.sim', 'deterministic.sim', 'sample-period-2.sim', 'only-body.sim', 'uneven-ground.sim']

Simulator.load: Loading from 'eval-allcriteria.sim'
Loader.load: Comments read from file follow:
Loader.load:  Sample settings for evaluating many criteria of performance of a Framsticks creature.
Loader.load:  See the "evalcount" parameter if you want to speed the evaluation up or have a more stable result.
Loader.load:  Other important parameters are "Energy0" and "perfperiod".
Loader.load:  Put this file in the "data" subdirectory within the Framsticks distribution.
Simulator.load: Loaded genepool settings, 2 population settings, simulator settings from 'eval-allcriteria.sim'
Simulator.load: Loading from 'deterministic.sim'
Loader.load: Comments read from file follow:
Loader.load:  Parameter values that make the evaluation of a Framsticks creature deterministic.
Loader.load:  The values turn off random noise, so evaluation of the same genotype will always yield the same performance.
Loader.load:  The advantage is that you do not need to evaluate a genotype many times, and performance values are reliable.
Loader.load:  The disadvantage is that evolved creatures are "overfitting", i.e. rely entirely on the specific environment,
Loader.load:  and their behavior may be different in any other environment or (even slightly) changed conditions or parameter values,
Loader.load:  so each creature evolved using these settings must be later inspected using exactly the same setup.
Loader.load: 
Loader.load:  Before loading this file, load base settings, e.g. "eval-allcriteria.sim".
Loader.load:  Put this file in the "data" subdirectory within the Framsticks distribution.
Simulator.load: Loaded simulator settings from 'deterministic.sim'
Simulator.load: Loading from 'sample-period-2.sim'
Loader.load: Comments read from file follow:
Loader.load:  Very low "performance sampling period" in the first population to sample performance very often during lifespan
Loader.load:  and avoid overlooking some behavior. Averaged performance of sampled values is returned as the final value.
Loader.load:  See http://www.framsticks.com/a/al_params.html#exper-perfcalc
Loader.load: 
Loader.load:  Before loading this file, load base settings, e.g. "eval-allcriteria.sim".
Loader.load:  Put this file in the "data" subdirectory within the Framsticks distribution.
Simulator.load: Loaded population settings from 'sample-period-2.sim'
Simulator.load: Loading from 'only-body.sim'
Loader.load: Comments read from file follow:
Loader.load:  Turns off mutations in f0, f1, f4, fH related to brain (disables adding and modifying neurons)
Simulator.load: Loaded simulator settings from 'only-body.sim'
Simulator.load: Loading from 'uneven-ground.sim'
Loader.load: Comments read from file follow:
Loader.load:  Produces a microscopically uneven underlying heightfield, where the resting height ("vertpos") is sensitive to the shape of structures,
Loader.load:  because individual Parts settle at different elevations depending on the (world-centered) geometry of the structure.
Simulator.load: Loaded simulator settings from 'uneven-ground.sim'
gen	nevals	avg         	stddev    	min         	max         
0  	100   	-0.000966667	1.0842e-19	-0.000966667	-0.000966667
1  	91    	-0.000955333	1.57903e-05	-0.000966667	-0.000933333
2  	94    	0.00115991  	0.0208946  	-0.000966667	0.209058    
3  	93    	0.0334875   	0.0778435  	-0.000966667	0.276404    
4  	94    	0.079303    	0.10597    	-0.000933333	0.276404    
5  	87    	0.174843    	0.119824   	-0.000933333	0.463644    
6  	93    	0.177436    	0.158207   	-0.000933333	0.651121    
7  	95    	0.206451    	0.14375    	-0.0009     	0.651121    
8  	91    	0.235811    	0.153553   	-0.000933333	0.651121    
9  	92    	0.265667    	0.170583   	-0.0009     	0.651649    
10 	92    	0.25308     	0.1601     	-0.0009     	0.651649    
11 	89    	0.296991    	0.179721   	-0.0009     	0.753678    
12 	91    	0.275073    	0.210585   	-0.000866667	0.754108    
13 	89    	0.258731    	0.229564   	-0.0009     	0.754108    
14 	90    	0.308485    	0.244284   	-0.000866667	0.754108    
15 	89    	0.320579    	0.264465   	-0.0009     	0.754108    
16 	91    	0.311336    	0.251298   	-0.0009     	0.754108    
17 	89    	0.325108    	0.256948   	-0.0009     	0.758929    
18 	92    	0.36019     	0.268883   	-0.0009     	0.758929    
19 	94    	0.353695    	0.262397   	-0.0009     	0.758929    
20 	94    	0.33412     	0.233971   	-0.000866667	0.754108    
21 	95    	0.341935    	0.236564   	-0.0009     	0.758929    
22 	90    	0.359834    	0.237701   	-0.000866667	0.758929    
23 	94    	0.407722    	0.2325     	-0.000866667	0.758929    
24 	90    	0.412565    	0.2338     	-0.000866667	0.759035    
25 	85    	0.415914    	0.262533   	-0.000866667	0.758929    
26 	94    	0.415088    	0.237364   	-0.0009     	0.758876    
27 	92    	0.38716     	0.254045   	-0.000866667	0.758929    
28 	90    	0.435838    	0.245045   	-0.000866667	0.758929    
29 	94    	0.44495     	0.226978   	-0.000866667	0.758929    
30 	95    	0.40857     	0.230343   	-0.000866667	0.758929    
31 	93    	0.406337    	0.238968   	-0.000866667	0.759035    
32 	94    	0.432881    	0.220422   	-0.000866667	0.758929    
33 	92    	0.40905     	0.234863   	-0.000866667	0.758929    
34 	92    	0.412079    	0.233157   	-0.000866667	0.758929    
35 	95    	0.457851    	0.235266   	-0.000866667	0.759035    
36 	88    	0.458787    	0.239617   	-0.000866667	0.759035    
37 	91    	0.443401    	0.241539   	-0.000866667	0.759035    
38 	93    	0.447103    	0.23384    	-0.000866667	0.759035    
39 	91    	0.433428    	0.259601   	-0.0009     	0.759035    
40 	97    	0.419803    	0.227629   	-0.000866667	0.759035    
41 	91    	0.444186    	0.240606   	-0.000866667	0.759035    
42 	94    	0.431437    	0.232914   	-0.000866667	0.759035    
43 	95    	0.416995    	0.263249   	-0.0009     	0.759035    
44 	92    	0.327702    	0.243527   	-0.000866667	0.759035    
45 	93    	0.323182    	0.231114   	-0.000866667	0.759035    
46 	94    	0.356048    	0.241103   	-0.000866667	0.759035    
47 	92    	0.401039    	0.243554   	-0.000866667	0.758929    
48 	90    	0.405879    	0.258526   	-0.000866667	0.758929    
49 	93    	0.356912    	0.271312   	-0.000866667	0.759035    
50 	93    	0.392957    	0.24102    	-0.0009     	0.759035    
51 	91    	0.441933    	0.238352   	-0.000866667	0.759035    
52 	87    	0.419352    	0.256286   	-0.000866667	0.759035    
53 	93    	0.39755     	0.233005   	-0.000833333	0.759035    
54 	89    	0.442197    	0.261913   	-0.000866667	0.759035    
55 	93    	0.408045    	0.236797   	-0.000866667	0.759035    
56 	89    	0.445293    	0.250296   	-0.000866667	0.759035    
57 	94    	0.426304    	0.242386   	-0.000866667	0.759035    
58 	91    	0.410185    	0.26573    	-0.000866667	0.759035    
59 	91    	0.394167    	0.238432   	-0.000866667	0.759035    
60 	96    	0.376703    	0.252426   	-0.0009     	0.759035    
61 	92    	0.429446    	0.232055   	-0.000866667	0.759035    
62 	87    	0.388767    	0.278156   	-0.0009     	0.759035    
63 	95    	0.405355    	0.24755    	-0.000866667	0.759035    
64 	90    	0.435264    	0.233248   	-0.000866667	0.759035    
65 	87    	0.449442    	0.254033   	-0.000866667	0.759035    
66 	89    	0.472598    	0.235409   	-0.000866667	0.759035    
67 	92    	0.413122    	0.278115   	-0.000866667	0.759035    
68 	88    	0.439023    	0.232878   	-0.000866667	0.759035    
69 	88    	0.445076    	0.249754   	-0.000866667	0.759035    
70 	87    	0.436784    	0.259395   	-0.000866667	0.759035    
71 	95    	0.467002    	0.253417   	-0.000866667	0.759035    
72 	93    	0.386254    	0.246844   	-0.000866667	0.759035    
73 	91    	0.373639    	0.263612   	-0.000866667	0.759035    
74 	94    	0.396727    	0.230146   	-0.000866667	0.759035    
75 	92    	0.381024    	0.251897   	-0.000866667	0.759035    
76 	89    	0.424709    	0.240406   	-0.0009     	0.759035    
77 	93    	0.405806    	0.232071   	-0.000866667	0.759035    
78 	93    	0.372689    	0.255398   	-0.000866667	0.759035    
79 	91    	0.406033    	0.251081   	-0.000866667	0.759035    
80 	90    	0.364234    	0.271856   	-0.000866667	0.759035    
81 	93    	0.422488    	0.245743   	-0.000866667	0.759035    
82 	92    	0.428944    	0.250586   	-0.000866667	0.759035    
83 	90    	0.434065    	0.253791   	-0.000866667	0.759035    
84 	91    	0.472289    	0.243756   	-0.000866667	0.759035    
85 	96    	0.360435    	0.263469   	-0.000866667	0.759035    
86 	89    	0.450451    	0.239618   	-0.000866667	0.759035    
87 	91    	0.42003     	0.252845   	-0.000866667	0.758979    
88 	95    	0.427       	0.245928   	-0.0009     	0.759035    
89 	91    	0.423354    	0.23055    	-0.000866667	0.759035    
90 	93    	0.440553    	0.232453   	-0.000866667	0.759035    
91 	96    	0.464077    	0.213315   	-0.000866667	0.759035    
92 	85    	0.466258    	0.242081   	-0.000866667	0.759035    
93 	93    	0.45643     	0.216607   	-0.000866667	0.759035    
94 	91    	0.482329    	0.232496   	-0.000866667	0.759035    
95 	94    	0.416015    	0.223488   	-0.000866667	0.759035    
96 	93    	0.432083    	0.223606   	-0.000866667	0.759035    
97 	92    	0.41354     	0.224599   	-0.000866667	0.759035    
98 	92    	0.451776    	0.195422   	-0.000833333	0.759035    
99 	89    	0.455748    	0.232655   	-0.000866667	0.759035    
100	92    	0.508887    	0.201309   	0.0828507   	0.759035    
101	88    	0.4686      	0.226516   	-0.000866667	0.759035    
102	94    	0.445184    	0.221352   	-0.000833333	0.759035    
103	95    	0.43754     	0.206173   	0.0574021   	0.759035    
104	92    	0.427684    	0.210128   	-0.000833333	0.759035    
105	93    	0.432997    	0.23833    	-0.0009     	0.759035    
106	95    	0.418559    	0.247047   	-0.000866667	0.794324    
107	91    	0.451434    	0.241237   	-0.000866667	0.794324    
108	94    	0.408913    	0.257397   	-0.000866667	0.794177    
109	90    	0.417432    	0.266181   	-0.000866667	0.794177    
110	96    	0.371694    	0.260999   	-0.0009     	0.794324    
111	94    	0.42548     	0.225989   	-0.000866667	0.794177    
112	93    	0.393076    	0.260488   	-0.000866667	0.794324    
113	93    	0.382504    	0.259342   	-0.000866667	0.794324    
114	96    	0.383153    	0.25369    	-0.000866667	0.794324    
115	91    	0.456675    	0.246173   	-0.000866667	0.794324    
116	88    	0.450207    	0.258246   	-0.000866667	0.794324    
117	91    	0.422644    	0.27865    	-0.000866667	0.794324    
118	94    	0.419508    	0.281779   	-0.000866667	0.794324    
119	84    	0.468575    	0.264864   	-0.0008     	0.794324    
120	97    	0.378379    	0.277681   	-0.000866667	0.794324    
121	92    	0.400444    	0.260964   	-0.000866667	0.794324    
122	89    	0.419125    	0.272509   	-0.000866667	0.794324    
123	92    	0.424369    	0.265084   	-0.000866667	0.867872    
124	92    	0.422939    	0.275261   	-0.0008     	0.868287    
125	94    	0.399618    	0.241434   	-0.000866667	0.868287    
126	91    	0.337079    	0.249347   	-0.0009     	0.868287    
127	87    	0.41456     	0.266933   	-0.000833333	0.868287    
128	95    	0.357999    	0.252989   	-0.000766667	0.868287    
129	91    	0.399256    	0.25645    	-0.000866667	0.868287    
130	96    	0.416131    	0.243975   	-0.000866667	0.867872    
131	93    	0.357321    	0.236164   	-0.000833333	0.867872    
132	91    	0.396213    	0.24487    	-0.000866667	0.867872    
133	94    	0.396318    	0.228999   	-0.000833333	0.867872    
134	94    	0.360797    	0.237025   	0.0422578   	0.867872    
135	90    	0.398819    	0.261601   	-0.000866667	0.867872    
136	91    	0.41126     	0.266496   	-0.000833333	0.868287    
137	84    	0.395572    	0.283943   	-0.000866667	0.868287    
138	88    	0.393741    	0.288825   	0.0422989   	0.868287    
139	90    	0.338583    	0.255812   	0.0422578   	0.868287    
140	93    	0.353994    	0.258228   	-0.000866667	0.868287    
141	90    	0.364534    	0.266717   	0.0424176   	0.868287    
142	91    	0.360218    	0.279072   	-0.000866667	0.868287    
143	93    	0.341376    	0.267483   	0.0421329   	0.868287    
144	91    	0.331675    	0.263959   	0.0420649   	0.868287    
145	95    	0.383921    	0.264919   	0.0420914   	0.868287    
146	90    	0.359665    	0.267374   	0.0421157   	0.868287    
147	90    	0.392268    	0.271919   	-0.0008     	0.868287    
148	86    	0.353653    	0.282983   	-0.0008     	0.868287    
149	89    	0.39193     	0.296254   	-0.000866667	0.868287    
150	93    	0.360645    	0.276094   	-0.000766667	0.868287    
151	91    	0.380303    	0.286325   	-0.000833333	0.868287    
152	91    	0.343403    	0.290806   	0.042076    	0.868287    
153	93    	0.340807    	0.265056   	0.0371348   	0.867872    
154	88    	0.3849      	0.28316    	-0.000866667	0.867872    
155	97    	0.358483    	0.266286   	-0.000766667	0.867872    
156	95    	0.383035    	0.256701   	0.042546    	0.867872    
157	95    	0.389532    	0.272846   	-0.0009     	0.867872    
158	94    	0.404163    	0.264407   	-0.000866667	0.867872    
159	91    	0.406389    	0.264346   	-0.000866667	0.867872    
160	89    	0.387603    	0.279729   	-0.000833333	0.868287    
161	92    	0.355531    	0.278614   	-0.000866667	0.868287    
162	94    	0.36176     	0.262269   	-0.000866667	0.868287    
163	95    	0.360508    	0.266313   	0.0423973   	0.868287    
164	92    	0.404434    	0.282125   	-0.000833333	0.868287    
165	94    	0.380813    	0.270684   	-0.0008     	0.868287    
166	92    	0.393441    	0.285893   	-0.0008     	0.868287    
167	91    	0.321385    	0.260561   	0.0373038   	0.868287    
168	91    	0.357036    	0.259583   	0.0423179   	0.868287    
169	86    	0.406035    	0.264887   	-0.0008     	0.868287    
170	89    	0.393879    	0.257941   	0.0420914   	0.868287    
171	91    	0.418794    	0.290413   	-0.000866667	0.868287    
172	95    	0.364621    	0.276266   	-0.000866667	0.868287    
173	87    	0.375516    	0.242244   	0.0373974   	0.868287    
174	97    	0.361452    	0.220461   	-0.0008     	0.867872    
175	94    	0.387262    	0.251167   	0.0327984   	0.867872    
176	90    	0.38197     	0.262629   	0.0368474   	0.867872    
177	86    	0.377154    	0.265184   	0.0369943   	0.867872    
178	91    	0.371835    	0.264074   	0.036783    	0.867872    
179	90    	0.373531    	0.256558   	-0.0008     	0.867872    
180	91    	0.377158    	0.262796   	-0.000766667	0.867872    
181	92    	0.352359    	0.26642    	-0.000866667	0.868287    
182	93    	0.371341    	0.271469   	-0.000766667	0.868287    
183	90    	0.399845    	0.261786   	-0.0008     	0.868287    
184	91    	0.353056    	0.237237   	-0.000866667	0.794177    
185	91    	0.397079    	0.249243   	-0.0008     	0.794324    
186	91    	0.366946    	0.260856   	-0.000866667	0.794324    
187	91    	0.442057    	0.256469   	-0.000866667	0.867872    
188	88    	0.44858     	0.287014   	-0.000866667	0.867872    
189	87    	0.372428    	0.288887   	-0.0008     	0.867872    
190	90    	0.377886    	0.274539   	-0.0009     	0.867872    
191	91    	0.393146    	0.273629   	-0.000866667	0.867872    
192	89    	0.38619     	0.277384   	-0.000866667	0.867872    
193	95    	0.28526     	0.240275   	-0.000866667	0.867872    
194	92    	0.368086    	0.24776    	-0.0008     	0.867872    
195	93    	0.379711    	0.277342   	-0.000833333	0.867872    
196	91    	0.350453    	0.298653   	-0.000833333	0.868287    
197	94    	0.366267    	0.271125   	0.0422674   	0.868287    
198	91    	0.327637    	0.274364   	0.0373111   	0.868287    
199	93    	0.359744    	0.292225   	0.0421369   	0.868287    
200	93    	0.324511    	0.272374   	0.0423179   	0.868287    
201	90    	0.346956    	0.274885   	0.0293607   	0.868287    
202	92    	0.310677    	0.251682   	0.0320883   	0.868287    
203	93    	0.285828    	0.235291   	0.0329046   	0.868287    
204	94    	0.339851    	0.229621   	0.0368776   	0.868287    
205	90    	0.388579    	0.240153   	0.0370687   	0.868287    
206	90    	0.351101    	0.239262   	0.04188     	0.868287    
207	93    	0.32316     	0.256686   	0.0326286   	0.868287    
208	90    	0.353083    	0.248704   	-0.000833333	0.868287    
209	91    	0.337717    	0.240249   	0.0374014   	0.868287    
210	93    	0.347586    	0.247363   	0.0372663   	0.868287    
211	90    	0.375075    	0.254624   	-0.000766667	0.868287    
212	94    	0.396937    	0.269359   	-0.000766667	0.868287    
213	88    	0.391273    	0.281959   	-0.000833333	0.868287    
214	91    	0.369894    	0.285614   	-0.000833333	0.868287    
215	93    	0.428274    	0.292794   	-0.000766667	0.868287    
216	88    	0.33675     	0.276837   	0.0370323   	0.868287    
217	90    	0.381988    	0.28531    	0.0370043   	0.868287    
218	96    	0.356368    	0.274178   	0.0424317   	0.868287    
219	92    	0.337003    	0.270883   	0.0331433   	0.868287    
220	88    	0.357426    	0.278374   	-0.000866667	0.868287    
221	89    	0.377415    	0.272988   	0.0370483   	0.868287    
222	95    	0.352582    	0.259228   	0.0369665   	0.868287    
223	90    	0.40559     	0.256419   	-0.0007     	0.868287    
224	88    	0.369709    	0.266554   	0.0370483   	0.868287    
225	95    	0.32629     	0.260985   	0.0329891   	0.868287    
226	93    	0.328699    	0.235934   	-0.0008     	0.868287    
227	88    	0.368136    	0.266831   	0.0370043   	0.868287    
228	93    	0.323215    	0.255393   	-0.000866667	0.868287    
229	92    	0.334517    	0.246179   	-0.000833333	0.868287    
230	88    	0.360496    	0.259329   	0.0323371   	0.868287    
231	91    	0.365371    	0.270241   	-0.000766667	0.868287    
232	93    	0.326097    	0.256349   	0.0370043   	0.868287    
233	96    	0.34688     	0.244421   	0.0374167   	0.867872    
234	93    	0.387651    	0.259058   	-0.000733333	0.868287    
235	88    	0.370007    	0.277537   	0.0372667   	0.868287    
236	84    	0.390598    	0.291342   	-0.000833333	0.868287    
237	93    	0.301377    	0.260664   	-0.0008     	0.868287    
238	97    	0.302537    	0.244411   	-0.000866667	0.868287    
239	89    	0.376241    	0.243002   	0.0421934   	0.868287    
240	94    	0.384213    	0.25068    	0.0370972   	0.867872    
241	93    	0.389497    	0.246735   	-0.000766667	0.868287    
242	91    	0.360775    	0.26951    	-0.000866667	0.868287    
243	91    	0.396984    	0.27513    	-0.000833333	0.868287    
244	94    	0.337811    	0.252095   	-0.000866667	0.867872    
245	90    	0.394111    	0.275197   	-0.0008     	0.867872    
246	89    	0.346639    	0.270013   	-0.000866667	0.867872    
247	96    	0.351145    	0.2663     	-0.000766667	0.868287    
248	88    	0.387456    	0.295862   	-0.0007     	0.868287    
249	93    	0.346406    	0.282493   	-0.0008     	0.868287    
250	96    	0.354619    	0.262901   	-0.000833333	0.868287    
251	91    	0.328534    	0.241562   	-0.000733333	0.868287    
252	90    	0.376686    	0.246419   	-0.0009     	0.868287    
253	89    	0.363369    	0.26446    	-0.000866667	0.867872    
254	91    	0.398288    	0.267376   	-0.000866667	0.867872    
255	91    	0.389765    	0.284595   	0.0370972   	0.867872    
256	89    	0.341865    	0.290795   	-0.0008     	0.867872    
257	96    	0.327288    	0.255539   	0.0370972   	0.867872    
258	92    	0.330593    	0.249328   	0.0423179   	0.867872    
259	89    	0.364892    	0.269865   	0.0324718   	0.867872    
260	93    	0.365143    	0.283233   	-0.000766667	0.867872    
261	94    	0.391933    	0.280655   	0.0368383   	0.868287    
262	96    	0.358705    	0.271891   	0.0370972   	0.867872    
263	95    	0.362709    	0.272277   	-0.0008     	0.867872    
264	94    	0.335301    	0.269489   	0.0329276   	0.868287    
265	91    	0.38497     	0.294945   	0.0373069   	0.868287    
266	91    	0.381505    	0.299354   	-0.000833333	0.868287    
267	94    	0.326337    	0.274188   	0.0330165   	0.868287    
268	95    	0.38941     	0.275582   	0.03289     	0.868287    
269	90    	0.31922     	0.282455   	-0.000866667	0.868287    
270	92    	0.347752    	0.2652     	0.0329018   	0.868287    
271	91    	0.3288      	0.279472   	0.0424266   	0.868287    
272	91    	0.366621    	0.300718   	-0.000833333	0.868287    
273	90    	0.343217    	0.263154   	-0.0008     	0.868287    
274	90    	0.379567    	0.254463   	0.0370992   	0.868287    
275	91    	0.383002    	0.258111   	0.0370453   	0.868287    
276	90    	0.348728    	0.259903   	0.0373069   	0.868287    
277	91    	0.318208    	0.256715   	0.0368474   	0.868287    
278	94    	0.379173    	0.269829   	0.0422402   	0.868287    
279	88    	0.334841    	0.269877   	0.0373198   	0.868287    
280	89    	0.36257     	0.284718   	0.0420649   	0.868287    
281	92    	0.341145    	0.267664   	0.0372679   	0.868287    
282	91    	0.350706    	0.248607   	0.0367917   	0.868287    
283	89    	0.390463    	0.271903   	0.0368212   	0.868287    
284	92    	0.338077    	0.254426   	0.0368888   	0.868287    
285	93    	0.331276    	0.257381   	0.0424318   	0.868287    
286	95    	0.32989     	0.245697   	0.0419801   	0.868287    
287	91    	0.377447    	0.231077   	0.0421499   	0.868287    
288	92    	0.329904    	0.238667   	0.0329187   	0.868287    
289	95    	0.308468    	0.244105   	-0.000833333	0.806249    
290	97    	0.351264    	0.216567   	-0.0008     	0.806249    
291	95    	0.346422    	0.238365   	-0.0008     	0.850636    
292	94    	0.371226    	0.237417   	0.0368605   	0.868287    
293	86    	0.374415    	0.250811   	-0.000833333	0.868287    
294	96    	0.352577    	0.255091   	-0.000833333	0.867138    
295	91    	0.328938    	0.257858   	-0.000866667	0.867872    
296	92    	0.41759     	0.28086    	-0.000766667	0.867872    
297	89    	0.375536    	0.282344   	-0.000733333	0.867872    
298	92    	0.343765    	0.282587   	0.0372667   	0.867872    
299	97    	0.343673    	0.255533   	0.0366233   	0.867872    
300	91    	0.328331    	0.267571   	-0.000866667	0.868287    
Best individuals:
(0.868287174778675,) 	<--	 /*9*/RDDLBFUURU
Saved 'C:\Users\alex3\Projects\AI sem 1\sem-1\BIA\Evolutionary Design\runs\2026-09-07_224747\gens\HoF-f9-1.gen' (1)
C:\Users\alex3\Projects\AI sem 1\sem-1\BIA\Evolutionary Design\stats\2026-09-07_23\HoF-f9-1.logbook.pkl
VMNeuronManager.autoload: Neuro classes added: Delay Light Nn PIDP PIDV SeeLight SeeLight2 S0 S1 Thr 
UserScripts.autoload: 20 user scripts added.
