Argument values: path=C:\Users\alex3\Projects\AI sem 1\sem-1\BIA\Evolutionary Design\Framsticks55, lib=None, sim=eval-allcriteria.sim;deterministic.sim;sample-period-2.sim;only-body.sim;uneven-ground.sim, genformat=4, initialgenotype=None, opt=vertpos, popsize=100, generations=300, tournament=10, pmut=0.9, pxov=0.2, hof_size=1, hof_savefile=C:\Users\alex3\Projects\AI sem 1\sem-1\BIA\Evolutionary Design\runs\2026-09-07_213255\gens\HoF-f4-1.gen, save_stats=C:\Users\alex3\Projects\AI sem 1\sem-1\BIA\Evolutionary Design\stats, max_numparts=30, max_numjoints=None, max_numneurons=None, max_numconnections=None, max_numgenochars=None
Using Framsticks version: 5.5
Home (writable) dir     : C:\Users\alex3\Projects\AI sem 1\sem-1\BIA\Evolutionary Design\Framsticks55\data
Resources dir           : C:\Users\alex3\Projects\AI sem 1\sem-1\BIA\Evolutionary Design\Framsticks55\data

Available objects: ['CheckpointEvent', 'Collision', 'CrCollision', 'Creature', 'CreatureSettings', 'CreatureSignals', 'CreatureSnapshot', 'Dictionary', 'ExpProperties', 'ExpState', 'ExtValue', 'File', 'FunctionReference', 'GenMan', 'GenManStats', 'GenePool', 'GenePools', 'Geno', 'GenoConverters', 'Genotype', 'Interface', 'Joint', 'Loader', 'Math', 'MechJoint', 'MechPart', 'MessageCatcher', 'Model', 'ModelGeometry', 'ModelSymmetry', 'Neuro', 'NeuroClass', 'NeuroClassLibrary', 'NeuroDef', 'NeuroSignals', 'NeuronsSimEnabled', 'ODE', 'Orient', 'Part', 'Population', 'Populations', 'Ref', 'Signal', 'SignalView', 'SimilMeasure', 'SimilMeasureDistribution', 'SimilMeasureGreedy', 'SimilMeasureHungarian', 'Simulator', 'SlaveSimulators', 'StopEvent', 'String', 'UserScripts', 'Vector', 'WireframeAppearance', 'World', 'WorldMap', 'WorldSignals', 'XYZ', '__builtins__', '__cached__', '__doc__', '__file__', '__loader__', '__name__', '__package__', '__spec__', 'c_api', 'ctypes', 'home_dir', 'init', 'os', 're', 'res_dir', 'sim_params', 'stats', 'sys']

Basic tests OK. Using settings: ['eval-allcriteria.sim', 'deterministic.sim', 'sample-period-2.sim', 'only-body.sim', 'uneven-ground.sim']

Simulator.load: Loading from 'eval-allcriteria.sim'
Loader.load: Comments read from file follow:
Loader.load:  Sample settings for evaluating many criteria of performance of a Framsticks creature.
Loader.load:  See the "evalcount" parameter if you want to speed the evaluation up or have a more stable result.
Loader.load:  Other important parameters are "Energy0" and "perfperiod".
Loader.load:  Put this file in the "data" subdirectory within the Framsticks distribution.
Simulator.load: Loaded genepool settings, 2 population settings, simulator settings from 'eval-allcriteria.sim'
Simulator.load: Loading from 'deterministic.sim'
Loader.load: Comments read from file follow:
Loader.load:  Parameter values that make the evaluation of a Framsticks creature deterministic.
Loader.load:  The values turn off random noise, so evaluation of the same genotype will always yield the same performance.
Loader.load:  The advantage is that you do not need to evaluate a genotype many times, and performance values are reliable.
Loader.load:  The disadvantage is that evolved creatures are "overfitting", i.e. rely entirely on the specific environment,
Loader.load:  and their behavior may be different in any other environment or (even slightly) changed conditions or parameter values,
Loader.load:  so each creature evolved using these settings must be later inspected using exactly the same setup.
Loader.load: 
Loader.load:  Before loading this file, load base settings, e.g. "eval-allcriteria.sim".
Loader.load:  Put this file in the "data" subdirectory within the Framsticks distribution.
Simulator.load: Loaded simulator settings from 'deterministic.sim'
Simulator.load: Loading from 'sample-period-2.sim'
Loader.load: Comments read from file follow:
Loader.load:  Very low "performance sampling period" in the first population to sample performance very often during lifespan
Loader.load:  and avoid overlooking some behavior. Averaged performance of sampled values is returned as the final value.
Loader.load:  See http://www.framsticks.com/a/al_params.html#exper-perfcalc
Loader.load: 
Loader.load:  Before loading this file, load base settings, e.g. "eval-allcriteria.sim".
Loader.load:  Put this file in the "data" subdirectory within the Framsticks distribution.
Simulator.load: Loaded population settings from 'sample-period-2.sim'
Simulator.load: Loading from 'only-body.sim'
Loader.load: Comments read from file follow:
Loader.load:  Turns off mutations in f0, f1, f4, fH related to brain (disables adding and modifying neurons)
Simulator.load: Loaded simulator settings from 'only-body.sim'
Simulator.load: Loading from 'uneven-ground.sim'
Loader.load: Comments read from file follow:
Loader.load:  Produces a microscopically uneven underlying heightfield, where the resting height ("vertpos") is sensitive to the shape of structures,
Loader.load:  because individual Parts settle at different elevations depending on the (world-centered) geometry of the structure.
Simulator.load: Loaded simulator settings from 'uneven-ground.sim'
gen	nevals	avg        	stddev     	min        	max        
0  	100   	-0.00966667	3.46945e-18	-0.00966667	-0.00966667
1  	90    	-0.00962333	0.000112101	-0.00966667	-0.00933333
2  	90    	-0.00937   	0.000181934	-0.00966667	-0.009     
3  	92    	-0.00905667	0.000216307	-0.00933333	-0.00833333
4  	91    	-0.00872667	0.000280397	-0.00933333	-0.00766667
5  	92    	-0.00625882	0.0162214  	-0.00933333	0.145579   
6  	87    	0.00586886 	0.0373313  	-0.00966667	0.17289    
7  	92    	0.0445518  	0.071634   	-0.00966667	0.287712   
8  	94    	0.110399   	0.107588   	-0.00933333	0.394348   
9  	89    	0.189182   	0.155137   	-0.00866667	0.573715   
10 	98    	0.236555   	0.20145    	-0.00933333	0.666785   
11 	91    	0.293875   	0.26354    	-0.009     	0.883378   
12 	90    	0.374958   	0.304848   	-0.00933333	0.883378   
13 	92    	0.435117   	0.373502   	-0.00966667	0.883378   
14 	89    	0.523604   	0.373548   	-0.009     	0.946668   
15 	91    	0.541058   	0.401599   	-0.00933333	1.04168    
16 	92    	0.507428   	0.430493   	-0.00966667	1.13702    
17 	96    	0.497008   	0.43588    	-0.00933333	1.16144    
18 	94    	0.553272   	0.469448   	-0.00933333	1.16332    
19 	90    	0.685146   	0.491961   	-0.00966667	1.25961    
20 	91    	0.676792   	0.511654   	-0.00966667	1.28215    
21 	95    	0.67203    	0.51566    	-0.009     	1.28215    
22 	89    	0.652664   	0.559508   	-0.009     	1.31901    
23 	85    	0.737768   	0.538927   	-0.00966667	1.32985    
24 	94    	0.637678   	0.565513   	-0.00966667	1.35431    
25 	90    	0.79411    	0.576247   	-0.00966667	1.4009     
26 	95    	0.736479   	0.554747   	-0.00933333	1.4009     
27 	92    	0.675598   	0.575303   	-0.00966667	1.4009     
28 	93    	0.814129   	0.595743   	-0.009     	1.4826     
29 	90    	0.902537   	0.605752   	-0.00933333	1.4826     
30 	88    	0.769754   	0.649897   	-0.00933333	1.4826     
31 	92    	0.804116   	0.6289     	-0.009     	1.50079    
32 	88    	0.858874   	0.639607   	-0.009     	1.5323     
33 	91    	0.90285    	0.64214    	-0.008     	1.5338     
34 	91    	0.736707   	0.660892   	-0.00833333	1.54974    
35 	87    	0.935034   	0.650456   	-0.00966667	1.5371     
36 	92    	0.806069   	0.670218   	-0.00966667	1.56397    
37 	92    	0.968759   	0.65792    	-0.00966667	1.58744    
38 	97    	0.960197   	0.662833   	-0.00833333	1.58888    
39 	94    	0.951289   	0.661098   	-0.009     	1.58888    
40 	93    	0.987487   	0.668326   	-0.00833333	1.58888    
41 	92    	1.00149    	0.662234   	-0.00933333	1.58956    
42 	93    	0.92184    	0.690912   	-0.00966667	1.58956    
43 	96    	0.928794   	0.672713   	-0.00933333	1.58971    
44 	92    	0.927332   	0.699902   	-0.00966667	1.62011    
45 	91    	1.00768    	0.668057   	-0.00933333	1.62011    
46 	96    	0.846811   	0.677368   	-0.00766667	1.62011    
47 	87    	0.9515     	0.698853   	-0.00933333	1.62011    
48 	94    	0.850526   	0.685029   	-0.00966667	1.62066    
49 	94    	0.91269    	0.650438   	-0.00733333	1.62066    
50 	94    	1.08859    	0.60462    	-0.00733333	1.62092    
51 	89    	0.99704    	0.675382   	-0.00966667	1.62092    
52 	93    	0.919848   	0.680315   	-0.00966667	1.62262    
53 	93    	0.882461   	0.692139   	-0.00933333	1.63656    
54 	93    	0.913474   	0.702029   	-0.00933333	1.62532    
55 	87    	0.962073   	0.667027   	-0.00766667	1.63373    
56 	91    	1.00576    	0.611729   	-0.00966667	1.63373    
57 	87    	1.0865     	0.608521   	-0.00866667	1.63373    
58 	94    	1.02663    	0.669791   	-0.00933333	1.63675    
59 	97    	0.933083   	0.68538    	-0.00866667	1.64325    
60 	89    	0.975519   	0.701619   	-0.009     	1.64325    
61 	89    	0.899463   	0.714982   	-0.00966667	1.6441     
62 	96    	0.867263   	0.697786   	-0.00933333	1.6441     
63 	89    	0.957189   	0.686025   	-0.00933333	1.64972    
64 	90    	0.856044   	0.709332   	-0.00966667	1.64972    
65 	95    	0.962843   	0.700369   	-0.008     	1.65067    
66 	97    	0.873085   	0.703457   	-0.009     	1.65139    
67 	89    	0.960198   	0.700855   	-0.00966667	1.65144    
68 	94    	0.896924   	0.71871    	-0.00933333	1.65144    
69 	88    	1.08972    	0.687708   	-0.00966667	1.67899    
70 	92    	1.0377     	0.70241    	-0.009     	1.71712    
71 	91    	1.15902    	0.663398   	-0.00733333	1.72474    
72 	89    	1.07093    	0.676375   	-0.00866667	1.72475    
73 	93    	1.16708    	0.707156   	-0.00933333	1.72475    
74 	95    	1.1789     	0.692941   	-0.00966667	1.72749    
75 	92    	1.28408    	0.615613   	-0.008     	1.72785    
76 	95    	1.24226    	0.668023   	-0.008     	1.73       
77 	92    	1.25047    	0.673793   	-0.00966667	1.73056    
78 	91    	1.36376    	0.625136   	-0.00933333	1.73088    
79 	87    	1.27898    	0.691601   	-0.00866667	1.7316     
80 	92    	1.29566    	0.667221   	-0.00966667	1.73195    
81 	86    	1.28544    	0.683529   	-0.009     	1.74222    
82 	99    	1.29698    	0.669746   	-0.00733333	1.74459    
83 	90    	1.38941    	0.602826   	-0.00733333	1.74792    
84 	92    	1.33308    	0.681099   	-0.00966667	1.74792    
85 	94    	1.29004    	0.699534   	-0.00966667	1.74792    
86 	96    	1.22804    	0.693375   	-0.00933333	1.74792    
87 	91    	1.37069    	0.638848   	-0.009     	1.74792    
88 	93    	1.29658    	0.663637   	-0.00766667	1.74892    
89 	91    	1.3207     	0.658699   	-0.00933333	1.74892    
90 	84    	1.37598    	0.626724   	-0.00966667	1.74892    
91 	90    	1.27309    	0.675657   	-0.00933333	1.74898    
92 	92    	1.15682    	0.704646   	-0.00733333	1.74898    
93 	93    	1.22513    	0.698231   	-0.00966667	1.74898    
94 	92    	1.09152    	0.742344   	-0.00966667	1.74898    
95 	92    	1.10144    	0.713011   	-0.00766667	1.74898    
96 	94    	1.24971    	0.689922   	-0.00766667	1.74899    
97 	87    	1.35994    	0.642575   	-0.008     	1.77286    
98 	95    	1.19502    	0.703102   	-0.009     	1.77291    
99 	88    	1.22866    	0.70082    	-0.00933333	1.77478    
100	88    	1.24049    	0.694986   	-0.00966667	1.77478    
101	96    	1.25768    	0.692981   	-0.00833333	1.77548    
102	90    	1.13381    	0.761465   	-0.00933333	1.77548    
103	90    	1.43319    	0.601948   	-0.009     	1.8048     
104	96    	1.33918    	0.634239   	-0.00733333	1.8048     
105	91    	1.2581     	0.652719   	-0.009     	1.8048     
106	95    	1.2875     	0.65675    	-0.009     	1.80578    
107	94    	1.44891    	0.575568   	-0.00766667	1.8066     
108	92    	1.34955    	0.65995    	-0.00966667	1.8066     
109	95    	1.29051    	0.653082   	-0.00966667	1.8066     
110	94    	1.4272     	0.580853   	-0.009     	1.80661    
111	91    	1.28496    	0.644128   	-0.00966667	1.80661    
112	93    	1.38726    	0.575203   	-0.009     	1.80668    
113	95    	1.40703    	0.566107   	-0.00933333	1.80668    
114	90    	1.47839    	0.535887   	-0.008     	1.80668    
115	89    	1.37913    	0.583838   	-0.009     	1.80668    
116	91    	1.40409    	0.596974   	-0.00766667	1.80669    
117	92    	1.35534    	0.617712   	-0.00966667	1.80669    
118	94    	1.37625    	0.595306   	-0.009     	1.80669    
119	93    	1.4148     	0.580509   	-0.00866667	1.80669    
120	93    	1.35669    	0.668283   	-0.009     	1.80669    
121	95    	1.36257    	0.623668   	-0.00966667	1.80669    
122	94    	1.31927    	0.63833    	-0.00933333	1.80669    
123	94    	1.45846    	0.570555   	-0.00933333	1.80669    
124	91    	1.40738    	0.572981   	-0.00733333	1.84254    
125	94    	1.36795    	0.639721   	-0.00933333	1.84254    
126	96    	1.30108    	0.66868    	-0.00733333	1.8438     
127	91    	1.40729    	0.662611   	-0.00966667	1.84422    
128	91    	1.35226    	0.662785   	0.0551011  	1.84467    
129	90    	1.48938    	0.580984   	0.0551381  	1.84467    
130	97    	1.33852    	0.649138   	0.0551405  	1.84504    
131	94    	1.38581    	0.677364   	-0.009     	1.84554    
132	96    	1.44227    	0.641874   	0.0551652  	1.84554    
133	95    	1.37475    	0.641005   	-0.00833333	1.84555    
134	96    	1.30421    	0.710395   	-0.009     	1.84555    
135	95    	1.26592    	0.717839   	-0.00933333	1.84555    
136	92    	1.38885    	0.671419   	-0.00966667	1.8456     
137	94    	1.28708    	0.696162   	-0.00966667	1.84562    
138	96    	1.2798     	0.706838   	-0.009     	1.84562    
139	87    	1.39016    	0.675674   	-0.009     	1.84562    
140	91    	1.34861    	0.645933   	0.0615686  	1.84563    
141	91    	1.37825    	0.661678   	-0.00966667	1.84563    
142	93    	1.45832    	0.594159   	-0.00966667	1.84563    
143	94    	1.34196    	0.651197   	-0.00933333	1.84563    
144	97    	1.4495     	0.63426    	-0.00933333	1.84564    
145	95    	1.45422    	0.658276   	-0.00933333	1.84564    
146	88    	1.39331    	0.63001    	0.0551573  	1.84564    
147	91    	1.29596    	0.665203   	-0.008     	1.84564    
148	90    	1.28496    	0.714086   	-0.009     	1.84565    
149	93    	1.41907    	0.628921   	-0.00933333	1.84565    
150	95    	1.34388    	0.673531   	-0.00933333	1.84565    
151	91    	1.3509     	0.691318   	-0.00933333	1.84565    
152	97    	1.39861    	0.655239   	-0.009     	1.95478    
153	91    	1.34208    	0.690233   	-0.00766667	1.95478    
154	89    	1.37903    	0.687418   	-0.00933333	1.95478    
155	93    	1.47694    	0.658474   	-0.00966667	2.04269    
156	92    	1.45923    	0.705404   	-0.009     	2.04269    
157	92    	1.53101    	0.692494   	-0.00733333	2.10386    
158	88    	1.61723    	0.717472   	-0.009     	2.15962    
159	98    	1.44682    	0.812972   	-0.00933333	2.15963    
160	91    	1.46967    	0.874752   	-0.009     	2.16782    
161	93    	1.70501    	0.768409   	-0.00933333	2.17706    
162	90    	1.59077    	0.798289   	-0.009     	2.18164    
163	94    	1.61514    	0.808634   	-0.00933333	2.18194    
164	92    	1.58407    	0.806787   	-0.008     	2.20064    
165	90    	1.67845    	0.799753   	-0.009     	2.20064    
166	92    	1.48566    	0.849607   	-0.007     	2.20335    
167	93    	1.55004    	0.857506   	-0.00766667	2.20466    
168	96    	1.52775    	0.857365   	-0.009     	2.20466    
169	85    	1.84354    	0.721576   	-0.00966667	2.20592    
170	90    	1.76397    	0.720632   	-0.00933333	2.20595    
171	88    	1.76395    	0.773456   	-0.00866667	2.20957    
172	94    	1.80729    	0.725554   	-0.009     	2.24818    
173	89    	1.68353    	0.800236   	0.03098    	2.24818    
174	92    	1.57107    	0.851279   	0.0307432  	2.25505    
175	93    	1.51749    	0.883489   	-0.00933333	2.25505    
176	91    	1.57435    	0.907582   	-0.00866667	2.28367    
177	92    	1.57522    	0.895442   	-0.009     	2.28572    
178	94    	1.55359    	0.918821   	-0.009     	2.28974    
179	97    	1.66155    	0.884943   	0.0397473  	2.29008    
180	93    	1.51425    	0.932598   	-0.00766667	2.29011    
181	92    	1.58758    	0.918171   	-0.00833333	2.29019    
182	93    	1.48366    	0.954802   	-0.009     	2.29019    
183	92    	1.5519     	0.94342    	-0.00866667	2.29056    
184	90    	1.72005    	0.867177   	-0.006     	2.29159    
185	92    	1.52248    	0.945951   	-0.00633333	2.29197    
186	91    	1.89849    	0.729038   	0.0188078  	2.29205    
187	90    	1.62953    	0.913617   	-0.00933333	2.29207    
188	91    	1.74618    	0.849942   	-0.00933333	2.29208    
189	92    	1.6938     	0.91263    	-0.00933333	2.29359    
190	95    	1.52332    	0.920101   	-0.00866667	2.29375    
191	91    	1.75199    	0.820841   	-0.009     	2.2938     
192	90    	1.62426    	0.895939   	0.0399373  	2.2938     
193	95    	1.48288    	0.951421   	-0.00866667	2.29383    
194	93    	1.6958     	0.888999   	-0.00966667	2.29383    
195	94    	1.732      	0.864466   	-0.00833333	2.29711    
196	89    	1.74392    	0.873423   	-0.00933333	2.29711    
197	94    	1.66556    	0.904106   	-0.009     	2.29711    
198	93    	1.71448    	0.850332   	-0.00833333	2.29723    
199	89    	1.57339    	0.945016   	-0.009     	2.29991    
200	89    	1.78819    	0.828058   	-0.00833333	2.29991    
201	90    	1.69493    	0.885064   	-0.00933333	2.29993    
202	92    	1.78895    	0.818494   	0.0323607  	2.30101    
203	89    	1.81099    	0.810992   	0.0507195  	2.30101    
204	95    	1.48746    	0.944456   	-0.00866667	2.30101    
205	90    	1.72783    	0.852534   	-0.009     	2.30102    
206	94    	1.7914     	0.855591   	-0.00866667	2.30104    
207	93    	1.75618    	0.861906   	-0.00933333	2.30104    
208	89    	1.83965    	0.807699   	-0.00733333	2.30316    
209	87    	1.69618    	0.886158   	-0.00933333	2.30316    
210	94    	1.69233    	0.863191   	0.122241   	2.30499    
211	87    	1.86889    	0.772316   	-0.009     	2.30499    
212	88    	1.90181    	0.769462   	0.106073   	2.30858    
213	95    	1.70157    	0.87813    	-0.00866667	2.30579    
214	93    	1.5794     	0.91987    	-0.00933333	2.30579    
215	89    	1.81546    	0.839093   	-0.009     	2.30584    
216	94    	1.66874    	0.896091   	-0.00933333	2.30638    
217	92    	1.80283    	0.810371   	0.135462   	2.30638    
218	92    	1.63253    	0.905896   	-0.00933333	2.31206    
219	96    	1.71929    	0.885364   	-0.00866667	2.31206    
220	92    	1.80071    	0.804405   	-0.007     	2.31219    
221	91    	1.64711    	0.924678   	-0.00933333	2.31219    
222	91    	1.68821    	0.882875   	0.0562263  	2.3122     
223	92    	1.77132    	0.856659   	-0.009     	2.3124     
224	88    	1.63007    	0.926693   	-0.00866667	2.31268    
225	93    	1.7099     	0.891299   	0.0122139  	2.31427    
226	93    	1.66675    	0.874971   	-0.00933333	2.31427    
227	94    	1.73861    	0.860226   	-0.00866667	2.31465    
228	93    	1.77983    	0.863282   	-0.00933333	2.31465    
229	91    	1.67785    	0.879196   	0.00146431 	2.31465    
230	91    	1.71532    	0.880687   	0.000181438	2.31583    
231	93    	1.70651    	0.886453   	-0.00966667	2.31583    
232	89    	1.74942    	0.860377   	-0.00933333	2.31987    
233	91    	1.81202    	0.794086   	0.221681   	2.32128    
234	92    	1.89554    	0.782612   	0.143395   	2.32128    
235	90    	1.59627    	0.939276   	-0.00833333	2.32421    
236	95    	1.82573    	0.819494   	0.0318413  	2.33282    
237	91    	1.89897    	0.791532   	-0.00766667	2.33282    
238	92    	1.83328    	0.853665   	-0.008     	2.33693    
239	92    	1.84519    	0.848988   	-0.009     	2.3389     
240	92    	1.69314    	0.892364   	0.0512439  	2.3389     
241	97    	1.77584    	0.89522    	-0.00966667	2.355      
242	92    	1.71217    	0.919008   	-0.00933333	2.35821    
243	92    	1.53182    	0.980394   	-0.00966667	2.3653     
244	93    	1.63214    	0.949415   	-0.00933333	2.36596    
245	91    	1.78597    	0.879768   	-0.00866667	2.36669    
246	94    	1.88342    	0.842812   	-0.00866667	2.38081    
247	94    	1.79679    	0.837787   	0.0554329  	2.38081    
248	91    	1.82548    	0.85967    	-0.009     	2.38325    
249	92    	1.76312    	0.890157   	-0.00933333	2.3811     
250	96    	1.70782    	0.95819    	-0.009     	2.38131    
251	89    	1.8064     	0.888056   	0.15483    	2.38159    
252	93    	1.87133    	0.837131   	0.113324   	2.38159    
253	90    	1.79612    	0.899913   	-0.00933333	2.38205    
254	92    	1.78651    	0.894376   	-0.009     	2.38444    
255	89    	1.90531    	0.809462   	-0.009     	2.38636    
256	90    	1.86738    	0.842121   	0.117436   	2.38636    
257	90    	1.94741    	0.779705   	0.168947   	2.39738    
258	95    	1.83187    	0.852954   	-0.00766667	2.39738    
259	92    	1.97912    	0.736479   	0.050416   	2.39892    
260	93    	1.94144    	0.817646   	0.11279    	2.4024     
261	91    	1.83505    	0.876047   	-0.009     	2.40428    
262	91    	1.86105    	0.898479   	-0.00833333	2.40428    
263	88    	1.88846    	0.844801   	-0.00866667	2.40428    
264	96    	1.78409    	0.894306   	-0.009     	2.42091    
265	92    	1.789      	0.917435   	-0.00866667	2.42091    
266	92    	2.01711    	0.790043   	0.0519526  	2.42134    
267	90    	1.92096    	0.863975   	-0.00933333	2.42173    
268	90    	1.9307     	0.860005   	0.134826   	2.42354    
269	98    	1.61585    	0.998222   	-0.00866667	2.42487    
270	89    	1.78495    	0.931219   	-0.009     	2.42541    
271	95    	1.69505    	0.963882   	-0.00866667	2.42541    
272	93    	1.86987    	0.892103   	-0.00933333	2.42766    
273	93    	1.75428    	0.933442   	0.0330714  	2.4288     
274	89    	1.72147    	0.937513   	-0.00866667	2.43256    
275	98    	1.90777    	0.889719   	-0.009     	2.43322    
276	96    	1.73849    	0.95635    	-0.00966667	2.43502    
277	94    	1.82836    	0.921828   	-0.00866667	2.43544    
278	87    	1.88135    	0.904082   	-0.009     	2.43554    
279	92    	1.71612    	0.940724   	-0.00933333	2.43554    
280	86    	1.8666     	0.903993   	-0.009     	2.43755    
281	96    	1.77299    	0.95084    	-0.00933333	2.43849    
282	90    	1.93098    	0.873831   	0.00845418 	2.43849    
283	91    	1.64411    	0.959436   	0.122736   	2.44036    
284	92    	2.0325     	0.785886   	0.220224   	2.44241    
285	94    	1.81411    	0.931736   	-0.009     	2.44345    
286	94    	1.73798    	0.977889   	-0.009     	2.44351    
287	90    	1.76798    	0.939398   	-0.00933333	2.44354    
288	92    	1.76386    	0.941967   	0.0727599  	2.44362    
289	96    	1.7024     	0.981138   	-0.00933333	2.44389    
290	95    	1.91421    	0.859503   	-0.00933333	2.44389    
291	88    	1.7914     	0.939702   	-0.009     	2.44389    
292	94    	1.78407    	0.932521   	-0.009     	2.44396    
293	94    	1.69517    	0.937331   	0.0976396  	2.44416    
294	88    	1.7074     	0.965526   	-0.00866667	2.44416    
295	90    	1.8029     	0.93797    	-0.00933333	2.44423    
296	91    	1.75526    	0.952045   	-0.00933333	2.44423    
297	95    	1.97926    	0.80129    	0.120832   	2.44426    
298	94    	1.81429    	0.898185   	-0.009     	2.44426    
299	90    	1.90692    	0.856292   	-0.009     	2.44443    
300	91    	1.94794    	0.854066   	-0.00933333	2.44443    
Best individuals:
(2.4444305742259678,) 	<--	 /*4*/L<L<XLLL#6f#2L>LLC#2>>#2#3f>c>f>MFFLLLLLFF<XL>FLLL<X>FM<Lq<rlfQCXrlL><LFLLLLX>LLF<MM<LQLLLXLL#2#1RQL#2LQ>M#3#2Qq>>LQLLML>QL>>LqFLQQLLLXR#1LQ>M#3#2LQq>>LQLL#2ML>>rX#2L#1qLQLM>cqL>>qq<X#2#2Q>LLLL>#3qLLML>><rFLLqLcXQqcLLLL#2#1RFQ#2Q>>QLq#3#3LFLcL>>>>QLQLLLL#2#2RQ>Q#1,L#2FLLLL>>>X>X#6F#3,LL>>>
Saved 'C:\Users\alex3\Projects\AI sem 1\sem-1\BIA\Evolutionary Design\runs\2026-09-07_213255\gens\HoF-f4-1.gen' (1)
C:\Users\alex3\Projects\AI sem 1\sem-1\BIA\Evolutionary Design\stats\2026-09-07_22\HoF-f4-1.logbook.pkl
VMNeuronManager.autoload: Neuro classes added: Delay Light Nn PIDP PIDV SeeLight SeeLight2 S0 S1 Thr 
UserScripts.autoload: 20 user scripts added.
