Argument values: path=C:\Users\alex3\Projects\AI sem 1\sem-1\BIA\Evolutionary Design\Framsticks55, lib=None, sim=eval-allcriteria.sim;deterministic.sim;sample-period-2.sim;only-body.sim;uneven-ground.sim, genformat=0, initialgenotype=None, opt=vertpos, popsize=100, generations=300, tournament=10, pmut=0.9, pxov=0.2, hof_size=1, hof_savefile=C:\Users\alex3\Projects\AI sem 1\sem-1\BIA\Evolutionary Design\runs\2026-09-07_213255\gens\HoF-f0-1.gen, save_stats=C:\Users\alex3\Projects\AI sem 1\sem-1\BIA\Evolutionary Design\stats, max_numparts=30, max_numjoints=None, max_numneurons=None, max_numconnections=None, max_numgenochars=None
Using Framsticks version: 5.5
Home (writable) dir     : C:\Users\alex3\Projects\AI sem 1\sem-1\BIA\Evolutionary Design\Framsticks55\data
Resources dir           : C:\Users\alex3\Projects\AI sem 1\sem-1\BIA\Evolutionary Design\Framsticks55\data

Available objects: ['CheckpointEvent', 'Collision', 'CrCollision', 'Creature', 'CreatureSettings', 'CreatureSignals', 'CreatureSnapshot', 'Dictionary', 'ExpProperties', 'ExpState', 'ExtValue', 'File', 'FunctionReference', 'GenMan', 'GenManStats', 'GenePool', 'GenePools', 'Geno', 'GenoConverters', 'Genotype', 'Interface', 'Joint', 'Loader', 'Math', 'MechJoint', 'MechPart', 'MessageCatcher', 'Model', 'ModelGeometry', 'ModelSymmetry', 'Neuro', 'NeuroClass', 'NeuroClassLibrary', 'NeuroDef', 'NeuroSignals', 'NeuronsSimEnabled', 'ODE', 'Orient', 'Part', 'Population', 'Populations', 'Ref', 'Signal', 'SignalView', 'SimilMeasure', 'SimilMeasureDistribution', 'SimilMeasureGreedy', 'SimilMeasureHungarian', 'Simulator', 'SlaveSimulators', 'StopEvent', 'String', 'UserScripts', 'Vector', 'WireframeAppearance', 'World', 'WorldMap', 'WorldSignals', 'XYZ', '__builtins__', '__cached__', '__doc__', '__file__', '__loader__', '__name__', '__package__', '__spec__', 'c_api', 'ctypes', 'home_dir', 'init', 'os', 're', 'res_dir', 'sim_params', 'stats', 'sys']

Basic tests OK. Using settings: ['eval-allcriteria.sim', 'deterministic.sim', 'sample-period-2.sim', 'only-body.sim', 'uneven-ground.sim']

Simulator.load: Loading from 'eval-allcriteria.sim'
Loader.load: Comments read from file follow:
Loader.load:  Sample settings for evaluating many criteria of performance of a Framsticks creature.
Loader.load:  See the "evalcount" parameter if you want to speed the evaluation up or have a more stable result.
Loader.load:  Other important parameters are "Energy0" and "perfperiod".
Loader.load:  Put this file in the "data" subdirectory within the Framsticks distribution.
Simulator.load: Loaded genepool settings, 2 population settings, simulator settings from 'eval-allcriteria.sim'
Simulator.load: Loading from 'deterministic.sim'
Loader.load: Comments read from file follow:
Loader.load:  Parameter values that make the evaluation of a Framsticks creature deterministic.
Loader.load:  The values turn off random noise, so evaluation of the same genotype will always yield the same performance.
Loader.load:  The advantage is that you do not need to evaluate a genotype many times, and performance values are reliable.
Loader.load:  The disadvantage is that evolved creatures are "overfitting", i.e. rely entirely on the specific environment,
Loader.load:  and their behavior may be different in any other environment or (even slightly) changed conditions or parameter values,
Loader.load:  so each creature evolved using these settings must be later inspected using exactly the same setup.
Loader.load: 
Loader.load:  Before loading this file, load base settings, e.g. "eval-allcriteria.sim".
Loader.load:  Put this file in the "data" subdirectory within the Framsticks distribution.
Simulator.load: Loaded simulator settings from 'deterministic.sim'
Simulator.load: Loading from 'sample-period-2.sim'
Loader.load: Comments read from file follow:
Loader.load:  Very low "performance sampling period" in the first population to sample performance very often during lifespan
Loader.load:  and avoid overlooking some behavior. Averaged performance of sampled values is returned as the final value.
Loader.load:  See http://www.framsticks.com/a/al_params.html#exper-perfcalc
Loader.load: 
Loader.load:  Before loading this file, load base settings, e.g. "eval-allcriteria.sim".
Loader.load:  Put this file in the "data" subdirectory within the Framsticks distribution.
Simulator.load: Loaded population settings from 'sample-period-2.sim'
Simulator.load: Loading from 'only-body.sim'
Loader.load: Comments read from file follow:
Loader.load:  Turns off mutations in f0, f1, f4, fH related to brain (disables adding and modifying neurons)
Simulator.load: Loaded simulator settings from 'only-body.sim'
Simulator.load: Loading from 'uneven-ground.sim'
Loader.load: Comments read from file follow:
Loader.load:  Produces a microscopically uneven underlying heightfield, where the resting height ("vertpos") is sensitive to the shape of structures,
Loader.load:  because individual Parts settle at different elevations depending on the (world-centered) geometry of the structure.
Simulator.load: Loaded simulator settings from 'uneven-ground.sim'
gen	nevals	avg        	stddev     	min        	max        
0  	100   	-0.00966667	3.46945e-18	-0.00966667	-0.00966667
1  	91    	-0.00969333	0.000121838	-0.01      	-0.00933333
2  	97    	-0.00845749	0.0115635  	-0.01      	0.106584   
3  	93    	-0.000330933	0.0294479  	-0.00966667	0.107335   
4  	97    	0.0515718   	0.0634693  	-0.00966667	0.255859   
5  	87    	0.137496    	0.0617841  	-0.00933333	0.282784   
6  	90    	0.21118     	0.081602   	-0.00933333	0.487973   
7  	86    	0.284062    	0.0930605  	-0.00933333	0.488152   
8  	93    	0.363199    	0.152917   	-0.00933333	0.517469   
9  	94    	0.422246    	0.137032   	-0.00933333	0.642035   
10 	90    	0.484191    	0.154492   	-0.00933333	0.642792   
11 	92    	0.47249     	0.238378   	-0.00966667	0.708476   
12 	92    	0.491582    	0.240459   	-0.00933333	0.708476   
Problem "'NoneType' object is not subscriptable" so could not evaluate genotype "//0
p:0.29870048918966496, 0.37944762571097934, 0.2447980471319008
p:1.402, 1.781, 1.149, ing=0.167
p:1.4595877441002727, -0.16162656764920258, 1.6202597058872323, fr=0.775
p:1.407, 0.104, -0.092
p:1.407, 0.104, -0.092
j:2, 0, rotstif=0.891
j:1, 2, stif=0.887
j:3, 2, rotstif=0.892
j:4, 3
", hence assigned it a special ("infeasible solution") fitness value: [-999999.0]
13 	95    	0.522951    	0.242568   	-0.00933333	0.796548   
Selection: ignoring 1 infeasible solution in a population of size 100
14 	95    	0.504213    	0.28772    	-0.00933333	0.796717   
15 	93    	0.576603    	0.278971   	-0.00933333	0.796717   
16 	93    	0.635426    	0.275515   	-0.00933333	0.950057   
17 	98    	0.608807    	0.311124   	-0.00933333	0.95261    
18 	91    	0.643699    	0.359803   	-0.00933333	0.953223   
19 	95    	0.749427    	0.33636    	0.0153663  	0.993003   
20 	90    	0.729377    	0.355067   	-0.009     	1.0006     
21 	97    	0.717529    	0.37131    	-0.009     	1.0289     
22 	89    	0.728187    	0.392235   	-0.009     	1.04821    
23 	88    	0.743452    	0.416025   	-0.009     	1.06162    
24 	93    	0.834498    	0.379483   	0.0132392  	1.06674    
25 	89    	0.837446    	0.382937   	0.00138405 	1.06705    
26 	90    	0.779622    	0.422663   	0.0432792  	1.07029    
27 	92    	0.825402    	0.398335   	0.0429306  	1.10652    
28 	96    	0.773625    	0.434777   	0.00639494 	1.10674    
29 	94    	0.752888    	0.447401   	0.0285804  	1.11677    
30 	91    	0.745103    	0.461814   	0.0285804  	1.13525    
31 	92    	0.71372     	0.470419   	0.0224654  	1.14734    
32 	92    	0.76702     	0.464231   	0.0285128  	1.14734    
33 	95    	0.84258     	0.433067   	0.0323228  	1.14762    
34 	90    	0.723182    	0.499565   	0.0253813  	1.14876    
35 	91    	0.738954    	0.492005   	0.0323079  	1.14876    
36 	93    	0.794637    	0.468552   	0.0337187  	1.15137    
37 	96    	0.806203    	0.474875   	0.0335012  	1.15137    
38 	96    	0.723607    	0.48181    	0.0337187  	1.15157    
39 	94    	0.757076    	0.479374   	0.0370607  	1.15358    
40 	89    	0.773441    	0.483654   	0.0370607  	1.15411    
41 	90    	0.875668    	0.440065   	0.0260084  	1.15411    
42 	90    	0.785673    	0.485166   	0.0260084  	1.16146    
43 	94    	0.767045    	0.479838   	-0.00866667	1.16188    
44 	93    	0.769317    	0.471791   	0.0391324  	1.1656     
45 	84    	0.823634    	0.464445   	0.0291577  	1.1656     
46 	97    	0.905763    	0.429275   	0.0292604  	1.1656     
47 	95    	0.726539    	0.508418   	0.0292604  	1.19357    
48 	87    	0.782816    	0.489181   	0.0381505  	1.19357    
49 	96    	0.676133    	0.520769   	0.0379124  	1.19359    
50 	90    	0.709992    	0.523352   	0.0288882  	1.19359    
51 	92    	0.949767    	0.427551   	0.0292033  	1.19394    
52 	91    	0.779654    	0.504701   	0.0592816  	1.19394    
53 	92    	0.877501    	0.478773   	0.0291036  	1.19403    
54 	91    	0.879039    	0.463916   	0.029104   	1.19692    
55 	90    	0.735776    	0.508711   	0.0291036  	1.19692    
56 	93    	0.830434    	0.485625   	0.0260511  	1.19715    
57 	92    	0.853681    	0.471692   	0.0290973  	1.19733    
58 	93    	0.821226    	0.515446   	0.0289987  	1.19733    
59 	94    	0.759289    	0.523298   	0.0289987  	1.19744    
60 	89    	0.805975    	0.507702   	0.00325228 	1.19781    
61 	93    	0.759528    	0.50649    	0.0127787  	1.19781    
62 	93    	0.767934    	0.51188    	0.0288875  	1.19781    
63 	90    	0.836341    	0.496023   	0.0290115  	1.19828    
64 	90    	0.830791    	0.481441   	0.0469188  	1.19828    
65 	93    	0.699026    	0.528054   	0.0289631  	1.20165    
66 	95    	0.773047    	0.515591   	0.0289634  	1.20165    
67 	91    	0.899618    	0.474664   	0.0290115  	1.25236    
68 	93    	0.940192    	0.423597   	0.0438894  	1.26003    
69 	92    	0.899729    	0.47886    	0.0290052  	1.26021    
70 	92    	0.927157    	0.472363   	0.0290052  	1.26099    
71 	92    	0.90566     	0.506055   	0.0290052  	1.27238    
72 	89    	0.986458    	0.455201   	0.0332812  	1.31805    
73 	92    	0.968181    	0.462448   	0.0334613  	1.31805    
74 	94    	1.04583     	0.449083   	0.0538245  	1.36158    
75 	95    	0.999151    	0.500908   	0.0734128  	1.38277    
76 	93    	1.04557     	0.513964   	0.0562675  	1.38278    
77 	92    	0.987144    	0.548699   	0.0522181  	1.38283    
78 	91    	0.997181    	0.545987   	0.0522139  	1.38296    
79 	93    	1.08522     	0.509686   	0.0656778  	1.39167    
80 	93    	1.05907     	0.521845   	0.0522244  	1.39167    
81 	93    	0.924154    	0.582659   	0.0611839  	1.40289    
82 	92    	0.959009    	0.578152   	0.0329077  	1.40289    
83 	90    	1.08645     	0.523438   	0.0329077  	1.40289    
84 	94    	0.969081    	0.574591   	0.0329077  	1.40291    
85 	88    	1.17446     	0.45603    	0.0329083  	1.40842    
86 	92    	1.02407     	0.556596   	0.0329077  	1.40847    
87 	93    	1.12769     	0.496999   	0.0329077  	1.40847    
88 	94    	1.00799     	0.55851    	0.0329082  	1.40865    
89 	90    	1.02269     	0.560961   	0.032984   	1.40865    
90 	92    	0.935448    	0.569087   	0.032984   	1.40865    
91 	90    	1.05973     	0.552384   	0.0329062  	1.40871    
Problem "'NoneType' object is not subscriptable" so could not evaluate genotype "//0
p:1.384, 1.7, 2.247, fr=0.824, ing=0.238
p:1.082, 2.222, 0.42, fr=0.01, ing=0.159
p:0.08935563457039897, 0.28869451391835144, 0.2944892164559283, fr=0.676, ing=0.576
p:1.261, -0.199, 1.84, fr=0.986, ing=0.338
p:1.407, 0.104, -0.092, fr=0.405, ing=0.04
p:1.6645686659754555, -0.2435607068681232, 3.798148798035074, ing=0.017
p:1.082, 2.222, 0.42
j:0, 3, stif=0.996, rotstif=0.917
j:1, 0, rotstif=0.836
j:3, 2, rotstif=0.802
j:5, 3, stif=0.996, rotstif=0.771
j:4, 3, stif=0.957, rotstif=0.799
j:6, 1
", hence assigned it a special ("infeasible solution") fitness value: [-999999.0]
92 	90    	1.00753     	0.556333   	0.0329015  	1.40875    
Selection: ignoring 1 infeasible solution in a population of size 100
93 	96    	0.957758    	0.583277   	0.0329062  	1.40889    
94 	96    	0.951813    	0.565322   	0.0329558  	1.40889    
95 	90    	1.1107      	0.516072   	0.0329062  	1.4139     
96 	90    	1.01963     	0.564623   	0.0329967  	1.4146     
97 	93    	0.990899    	0.568549   	0.0321812  	1.42158    
98 	91    	0.912287    	0.603092   	0.0650973  	1.42182    
99 	91    	0.971532    	0.599459   	0.0412486  	1.42261    
100	95    	1.02742     	0.561989   	0.0644446  	1.42261    
101	90    	0.902968    	0.612567   	0.0504346  	1.4308     
102	90    	0.997882    	0.57999    	0.0570114  	1.4308     
103	97    	0.913675    	0.600171   	0.0506646  	1.4308     
104	94    	1.10572     	0.52757    	0.0671168  	1.43156    
105	93    	1.10065     	0.515248   	0.0673289  	1.43156    
106	91    	1.11005     	0.530354   	0.066821   	1.43163    
107	94    	1.01357     	0.558568   	0.0572161  	1.43166    
108	89    	1.09595     	0.540849   	0.067069   	1.43166    
109	90    	1.03843     	0.53878    	0.0468655  	1.43166    
110	93    	1.10293     	0.530178   	0.0535918  	1.43176    
111	91    	0.98217     	0.592502   	0.0572524  	1.43176    
112	94    	0.992388    	0.586633   	0.0670714  	1.43177    
113	90    	1.05335     	0.548669   	0.0671786  	1.43181    
114	92    	1.00656     	0.584377   	0.0573795  	1.43214    
115	89    	1.14955     	0.499412   	0.0575431  	1.43248    
116	89    	1.13568     	0.495096   	0.0673005  	1.43421    
117	96    	1.04135     	0.542973   	0.0594148  	1.43421    
118	95    	1.02391     	0.567486   	0.0638283  	1.43508    
119	94    	0.985018    	0.587411   	0.0578207  	1.43508    
120	94    	0.91058     	0.606181   	0.0589779  	1.43847    
121	89    	1.07161     	0.551676   	0.0569378  	1.43851    
122	94    	1.03931     	0.571928   	0.057538   	1.4389     
123	90    	1.07336     	0.555599   	0.0713988  	1.4389     
124	90    	1.07135     	0.543133   	0.0605288  	1.43893    
125	95    	0.975253    	0.575791   	0.0605197  	1.43895    
126	90    	1.08745     	0.519888   	0.0669813  	1.43895    
127	95    	0.93629     	0.604259   	0.060525   	1.43895    
128	94    	1.01546     	0.560597   	0.0605674  	1.43895    
129	94    	1.08562     	0.561969   	0.0605761  	1.43895    
130	91    	1.0924      	0.538233   	0.0605674  	1.43895    
131	90    	1.131       	0.529457   	0.060423   	1.43895    
132	96    	1.02626     	0.571957   	0.0733847  	1.43895    
133	90    	1.04167     	0.551963   	0.0507361  	1.43895    
134	94    	0.954598    	0.59531    	0.0605453  	1.43895    
135	91    	0.96689     	0.580189   	0.0605469  	1.43895    
136	95    	0.999877    	0.584835   	0.0605761  	1.43895    
137	93    	1.02842     	0.57538    	0.0569325  	1.43895    
138	91    	1.13696     	0.513645   	0.0733932  	1.43895    
139	95    	1.13577     	0.512657   	0.0605052  	1.43895    
140	85    	1.13811     	0.520664   	0.0569091  	1.43895    
141	88    	0.931469    	0.601517   	0.0605652  	1.43895    
142	91    	1.03869     	0.556496   	0.0683256  	1.43895    
143	92    	1.06544     	0.548548   	0.0733932  	1.43895    
144	90    	0.98891     	0.573622   	0.0568798  	1.43934    
145	91    	0.981105    	0.592069   	0.0605052  	1.43934    
146	91    	1.0656      	0.564874   	0.0687998  	1.43934    
147	92    	1.11403     	0.532966   	0.0601446  	1.43942    
148	94    	1.02804     	0.548441   	0.0601421  	1.43948    
149	88    	1.1059      	0.520315   	0.060149   	1.43978    
150	94    	1.07885     	0.538901   	0.0599158  	1.43979    
151	88    	1.17286     	0.477852   	0.0732738  	1.43984    
152	86    	1.07635     	0.554566   	0.059932   	1.44109    
153	90    	0.96256     	0.589752   	0.0568035  	1.44109    
154	88    	1.08423     	0.555803   	0.0616728  	1.4412     
155	91    	0.982941    	0.597905   	0.0616692  	1.44126    
156	94    	1.01647     	0.58033    	0.0666704  	1.44126    
157	92    	1.01375     	0.553277   	0.071736   	1.44134    
158	87    	0.918763    	0.612226   	0.0665267  	1.44134    
159	92    	1.01866     	0.5667     	0.056677   	1.44134    
160	93    	1.01696     	0.582448   	0.056691   	1.44135    
161	93    	0.979836    	0.597148   	0.0534184  	1.44135    
162	92    	0.960545    	0.592787   	0.0771229  	1.44135    
163	96    	0.90603     	0.618394   	0.052694   	1.44136    
164	95    	1.09732     	0.544096   	0.0496223  	1.44136    
165	90    	0.993142    	0.576245   	0.0567244  	1.44136    
166	95    	1.02161     	0.580917   	0.0772208  	1.44136    
167	93    	1.13756     	0.50444    	0.0716859  	1.44136    
168	93    	0.875777    	0.623252   	0.0487444  	1.44136    
169	93    	1.12886     	0.516969   	0.0778718  	1.44136    
170	89    	1.00749     	0.581811   	0.0566964  	1.44136    
171	95    	1.09255     	0.538054   	0.0717431  	1.44136    
172	92    	0.929663    	0.608471   	0.0566942  	1.44136    
173	93    	1.18676     	0.496042   	0.0755885  	1.44136    
174	91    	0.982111    	0.586823   	0.0566947  	1.44136    
175	93    	0.987293    	0.590923   	0.0566955  	1.44136    
176	93    	0.928295    	0.598253   	0.0566944  	1.44137    
177	91    	1.07503     	0.573792   	0.0566955  	1.44137    
178	89    	1.12444     	0.511811   	0.0777828  	1.44137    
179	93    	0.994076    	0.584382   	0.0712652  	1.44139    
180	96    	0.988893    	0.581681   	0.0429001  	1.44139    
181	94    	0.959896    	0.59958    	0.0717172  	1.4414     
182	92    	1.03641     	0.560055   	0.0717133  	1.44151    
183	91    	1.0966      	0.542804   	0.0789278  	1.44151    
184	85    	0.997703    	0.590403   	0.056718   	1.44152    
185	94    	1.00493     	0.594001   	0.0564277  	1.44152    
186	94    	1.07032     	0.554359   	0.0567181  	1.44152    
187	91    	1.11138     	0.54592    	0.0772458  	1.44154    
188	93    	0.941179    	0.604174   	0.040051   	1.44154    
189	97    	1.08569     	0.523144   	0.0718339  	1.44154    
190	92    	0.988977    	0.57577    	0.0567071  	1.44154    
191	95    	1.02124     	0.572766   	0.0567071  	1.44154    
192	93    	0.940935    	0.587883   	0.0774464  	1.44154    
193	97    	0.972584    	0.594755   	0.0573013  	1.44154    
194	96    	1.04672     	0.564349   	0.0567211  	1.44154    
195	89    	1.08613     	0.572708   	0.0567211  	1.44154    
196	89    	1.09477     	0.554354   	0.0567361  	1.44154    
197	91    	1.05515     	0.56407    	0.0718252  	1.44154    
198	91    	1.07203     	0.546204   	0.0567361  	1.44154    
199	97    	1.00953     	0.594934   	0.0718211  	1.44154    
200	91    	1.06535     	0.56561    	0.0567361  	1.44154    
201	95    	1.07627     	0.538968   	0.0567361  	1.44154    
202	93    	1.02026     	0.560034   	0.0567356  	1.44154    
203	92    	1.10773     	0.521824   	0.0567356  	1.44154    
204	91    	1.12127     	0.535443   	0.041607   	1.44154    
205	91    	0.943196    	0.597082   	0.0567355  	1.44154    
206	92    	1.09962     	0.535765   	0.0566974  	1.44332    
207	96    	0.986857    	0.589942   	0.0723925  	1.44332    
208	89    	1.04326     	0.570114   	0.0772154  	1.44335    
209	94    	1.02532     	0.59103    	0.0661639  	1.44336    
210	91    	0.943001    	0.606389   	0.0661642  	1.44363    
211	88    	0.92037     	0.61197    	0.0559688  	1.44363    
212	93    	0.913081    	0.617242   	0.0559678  	1.44368    
213	92    	0.974103    	0.58886    	0.0661369  	1.44368    
214	94    	0.833561    	0.618334   	0.0558907  	1.44368    
215	94    	1.04522     	0.564247   	0.0558968  	1.44368    
216	92    	0.845769    	0.622249   	0.0559182  	1.44368    
217	93    	0.857813    	0.624408   	0.0583249  	1.44371    
218	95    	0.897191    	0.61291    	0.0569812  	1.44371    
219	87    	0.977444    	0.600777   	0.044293   	1.44371    
220	82    	0.999204    	0.584571   	0.0558871  	1.44375    
221	89    	1.09107     	0.529997   	0.0558871  	1.44375    
222	92    	1.03854     	0.554151   	0.0724187  	1.44375    
223	92    	1.07584     	0.553288   	0.0723986  	1.44375    
224	88    	0.940769    	0.609075   	0.0561849  	1.44375    
225	89    	0.99795     	0.580237   	0.0724186  	1.44375    
226	94    	0.953413    	0.591044   	0.0662171  	1.44375    
227	92    	1.07984     	0.546916   	0.0724183  	1.44375    
228	89    	0.930669    	0.593958   	0.0662024  	1.44375    
229	88    	0.976739    	0.605105   	0.0662124  	1.44375    
230	91    	1.01843     	0.55917    	0.0558457  	1.44375    
231	95    	1.09286     	0.559207   	0.0487698  	1.44375    
232	90    	1.01211     	0.601929   	0.0558457  	1.44375    
233	90    	1.01518     	0.590611   	0.055846   	1.44375    
234	92    	0.927924    	0.601861   	0.0558476  	1.44375    
235	91    	0.963331    	0.574996   	0.0558353  	1.44375    
236	94    	1.01873     	0.582814   	0.066198   	1.44375    
237	92    	1.03014     	0.570963   	0.0558288  	1.44375    
238	93    	1.0288      	0.576757   	0.0724173  	1.44375    
239	94    	0.963888    	0.60982    	0.0557767  	1.44381    
240	85    	1.02219     	0.568261   	0.0558437  	1.44381    
241	93    	1.03077     	0.573182   	0.0559974  	1.44382    
242	88    	1.05177     	0.556103   	0.0558511  	1.44406    
243	91    	0.957283    	0.600718   	0.0368964  	1.44406    
244	85    	0.962951    	0.583826   	0.0605607  	1.44406    
245	93    	0.97367     	0.59487    	0.0559623  	1.44407    
246	92    	0.866744    	0.627104   	0.0559623  	1.44407    
247	91    	0.90671     	0.592833   	0.0559621  	1.44408    
248	94    	1.03187     	0.584155   	0.0574411  	1.44408    
249	93    	0.784346    	0.622682   	0.0560081  	1.44408    
250	89    	0.908072    	0.623048   	0.0497437  	1.44408    
251	92    	0.917202    	0.593477   	0.0663391  	1.44408    
252	85    	1.03434     	0.588626   	0.0723399  	1.44408    
253	97    	0.887446    	0.616248   	0.055937   	1.44408    
254	89    	0.919472    	0.602325   	0.0723399  	1.4441     
255	91    	0.9911      	0.596032   	0.0654235  	1.4441     
256	91    	0.862429    	0.597035   	0.057659   	1.4441     
257	95    	0.85001     	0.609517   	0.0560267  	1.44411    
258	96    	0.891596    	0.581496   	0.0560267  	1.44411    
259	91    	1.03876     	0.570707   	0.0560207  	1.44411    
260	91    	0.833008    	0.625882   	0.0560559  	1.44411    
261	94    	0.883159    	0.609516   	0.0560207  	1.44411    
262	95    	0.937168    	0.614548   	0.0723488  	1.44411    
263	91    	0.860942    	0.625541   	0.057212   	1.44411    
264	92    	0.945705    	0.594849   	0.0560031  	1.44414    
265	91    	0.871226    	0.623465   	0.0560207  	1.44414    
266	95    	0.912536    	0.601111   	0.0557185  	1.44418    
267	97    	0.833243    	0.628128   	0.072383   	1.44418    
268	93    	0.939733    	0.608441   	0.0723831  	1.44418    
269	89    	0.85192     	0.620366   	0.056007   	1.44418    
270	92    	0.956899    	0.589058   	0.066139   	1.44419    
271	93    	0.802882    	0.6226     	0.0560065  	1.44419    
272	89    	0.911549    	0.605319   	0.0560065  	1.44419    
273	95    	0.880242    	0.616123   	0.0523687  	1.44419    
274	93    	0.885873    	0.619429   	0.0560283  	1.44419    
275	91    	0.910433    	0.601479   	0.0560283  	1.44419    
276	92    	0.991292    	0.568364   	0.0723817  	1.44419    
277	90    	0.860689    	0.597787   	0.0560283  	1.44419    
278	89    	0.926183    	0.601102   	0.0560284  	1.44419    
279	91    	0.901814    	0.615894   	0.0661183  	1.44419    
280	91    	0.887236    	0.60426    	0.0661201  	1.44419    
281	92    	0.956308    	0.58503    	0.0661183  	1.44419    
282	92    	0.951996    	0.574626   	0.0723819  	1.44419    
283	96    	0.859322    	0.625251   	0.0559538  	1.44419    
284	95    	1.04044     	0.544566   	0.0661208  	1.44422    
285	89    	0.909688    	0.617845   	0.0557961  	1.44422    
286	93    	0.916325    	0.597444   	0.0559224  	1.44422    
287	94    	0.821619    	0.595893   	0.0559224  	1.44422    
288	95    	0.884738    	0.603872   	0.0559224  	1.44422    
289	96    	0.88017     	0.620785   	0.0559224  	1.44422    
290	93    	0.918294    	0.591259   	0.0660239  	1.44422    
291	91    	0.961329    	0.587411   	0.0559224  	1.44422    
292	92    	0.894216    	0.599533   	0.0537255  	1.44422    
293	93    	0.841615    	0.617949   	0.0563307  	1.44422    
294	93    	0.900444    	0.6159     	0.0559223  	1.44422    
295	91    	0.833218    	0.62899    	0.0576092  	1.44422    
296	94    	0.834531    	0.599721   	0.0559138  	1.44422    
297	82    	0.905705    	0.614806   	0.0559259  	1.44422    
298	91    	0.810295    	0.622906   	0.0724091  	1.44422    
299	92    	0.827626    	0.612632   	0.0660241  	1.44422    
300	96    	0.951399    	0.587939   	0.0724106  	1.44422    
Best individuals:
(1.4442221420009123,) 	<--	 //0
p:1.384, 1.7, 2.247, fr=0.976, ing=0.38
p:0.7897830040752872, 1.8655033914823866, 0.34470800633497967, fr=0.001, ing=0.299
p:0.09755916699006972, 0.25176305885395434, 0.27049278385724085, fr=0.179, ing=0.886
p:1.22, -0.134, 1.88, fr=2.855, ing=0.146
p:1.4033016654069956, 0.09758600653859456, -0.09786967746475339, fr=1.899, ing=0.007
p:1.5977852708283922, -0.40277260561422906, 3.82531221545963, fr=0.512, ing=0.303
j:0, 3, stif=0.473, rotstif=0.981
j:1, 0, stif=0.978, rotstif=0.473
j:3, 2, rotstif=0.755
j:5, 3, stif=0.998, rotstif=0.903
j:4, 3, rotstif=0.978

Saved 'C:\Users\alex3\Projects\AI sem 1\sem-1\BIA\Evolutionary Design\runs\2026-09-07_213255\gens\HoF-f0-1.gen' (1)
C:\Users\alex3\Projects\AI sem 1\sem-1\BIA\Evolutionary Design\stats\2026-09-07_21\HoF-f0-1.logbook.pkl
VMNeuronManager.autoload: Neuro classes added: Delay Light Nn PIDP PIDV SeeLight SeeLight2 S0 S1 Thr 
UserScripts.autoload: 20 user scripts added.
