Argument values: path=C:\Users\alex3\Projects\AI sem 1\sem-1\BIA\Evolutionary Design\Framsticks55, lib=None, sim=eval-allcriteria.sim;deterministic.sim;sample-period-2.sim;only-body.sim;uneven-ground.sim, genformat=0, initialgenotype=None, opt=vertpos, popsize=100, generations=300, tournament=10, pmut=0.9, pxov=0.2, hof_size=1, hof_savefile=C:\Users\alex3\Projects\AI sem 1\sem-1\BIA\Evolutionary Design\runs\2026-09-07_213255\gens\HoF-f0-8.gen, save_stats=C:\Users\alex3\Projects\AI sem 1\sem-1\BIA\Evolutionary Design\stats, max_numparts=30, max_numjoints=None, max_numneurons=None, max_numconnections=None, max_numgenochars=None
Using Framsticks version: 5.5
Home (writable) dir     : C:\Users\alex3\Projects\AI sem 1\sem-1\BIA\Evolutionary Design\Framsticks55\data
Resources dir           : C:\Users\alex3\Projects\AI sem 1\sem-1\BIA\Evolutionary Design\Framsticks55\data

Available objects: ['CheckpointEvent', 'Collision', 'CrCollision', 'Creature', 'CreatureSettings', 'CreatureSignals', 'CreatureSnapshot', 'Dictionary', 'ExpProperties', 'ExpState', 'ExtValue', 'File', 'FunctionReference', 'GenMan', 'GenManStats', 'GenePool', 'GenePools', 'Geno', 'GenoConverters', 'Genotype', 'Interface', 'Joint', 'Loader', 'Math', 'MechJoint', 'MechPart', 'MessageCatcher', 'Model', 'ModelGeometry', 'ModelSymmetry', 'Neuro', 'NeuroClass', 'NeuroClassLibrary', 'NeuroDef', 'NeuroSignals', 'NeuronsSimEnabled', 'ODE', 'Orient', 'Part', 'Population', 'Populations', 'Ref', 'Signal', 'SignalView', 'SimilMeasure', 'SimilMeasureDistribution', 'SimilMeasureGreedy', 'SimilMeasureHungarian', 'Simulator', 'SlaveSimulators', 'StopEvent', 'String', 'UserScripts', 'Vector', 'WireframeAppearance', 'World', 'WorldMap', 'WorldSignals', 'XYZ', '__builtins__', '__cached__', '__doc__', '__file__', '__loader__', '__name__', '__package__', '__spec__', 'c_api', 'ctypes', 'home_dir', 'init', 'os', 're', 'res_dir', 'sim_params', 'stats', 'sys']

Basic tests OK. Using settings: ['eval-allcriteria.sim', 'deterministic.sim', 'sample-period-2.sim', 'only-body.sim', 'uneven-ground.sim']

Simulator.load: Loading from 'eval-allcriteria.sim'
Loader.load: Comments read from file follow:
Loader.load:  Sample settings for evaluating many criteria of performance of a Framsticks creature.
Loader.load:  See the "evalcount" parameter if you want to speed the evaluation up or have a more stable result.
Loader.load:  Other important parameters are "Energy0" and "perfperiod".
Loader.load:  Put this file in the "data" subdirectory within the Framsticks distribution.
Simulator.load: Loaded genepool settings, 2 population settings, simulator settings from 'eval-allcriteria.sim'
Simulator.load: Loading from 'deterministic.sim'
Loader.load: Comments read from file follow:
Loader.load:  Parameter values that make the evaluation of a Framsticks creature deterministic.
Loader.load:  The values turn off random noise, so evaluation of the same genotype will always yield the same performance.
Loader.load:  The advantage is that you do not need to evaluate a genotype many times, and performance values are reliable.
Loader.load:  The disadvantage is that evolved creatures are "overfitting", i.e. rely entirely on the specific environment,
Loader.load:  and their behavior may be different in any other environment or (even slightly) changed conditions or parameter values,
Loader.load:  so each creature evolved using these settings must be later inspected using exactly the same setup.
Loader.load: 
Loader.load:  Before loading this file, load base settings, e.g. "eval-allcriteria.sim".
Loader.load:  Put this file in the "data" subdirectory within the Framsticks distribution.
Simulator.load: Loaded simulator settings from 'deterministic.sim'
Simulator.load: Loading from 'sample-period-2.sim'
Loader.load: Comments read from file follow:
Loader.load:  Very low "performance sampling period" in the first population to sample performance very often during lifespan
Loader.load:  and avoid overlooking some behavior. Averaged performance of sampled values is returned as the final value.
Loader.load:  See http://www.framsticks.com/a/al_params.html#exper-perfcalc
Loader.load: 
Loader.load:  Before loading this file, load base settings, e.g. "eval-allcriteria.sim".
Loader.load:  Put this file in the "data" subdirectory within the Framsticks distribution.
Simulator.load: Loaded population settings from 'sample-period-2.sim'
Simulator.load: Loading from 'only-body.sim'
Loader.load: Comments read from file follow:
Loader.load:  Turns off mutations in f0, f1, f4, fH related to brain (disables adding and modifying neurons)
Simulator.load: Loaded simulator settings from 'only-body.sim'
Simulator.load: Loading from 'uneven-ground.sim'
Loader.load: Comments read from file follow:
Loader.load:  Produces a microscopically uneven underlying heightfield, where the resting height ("vertpos") is sensitive to the shape of structures,
Loader.load:  because individual Parts settle at different elevations depending on the (world-centered) geometry of the structure.
Simulator.load: Loaded simulator settings from 'uneven-ground.sim'
gen	nevals	avg        	stddev     	min        	max        
0  	100   	-0.00966667	3.46945e-18	-0.00966667	-0.00966667
1  	89    	-0.00967   	0.000129056	-0.01      	-0.00933333
2  	88    	-0.00777741	0.0170234  	-0.01      	0.161593   
3  	95    	0.00735631 	0.0487762  	-0.00966667	0.229155   
4  	91    	0.0820291  	0.0896815  	-0.00966667	0.350689   
5  	94    	0.173455   	0.0952543  	-0.00933333	0.350689   
6  	89    	0.255811   	0.0993754  	-0.00933333	0.454263   
7  	84    	0.315412   	0.104247   	0.0504929  	0.527215   
8  	96    	0.331751   	0.133652   	-0.00933333	0.528189   
9  	90    	0.406377   	0.13463    	0.0450521  	0.638694   
10 	94    	0.4586     	0.163058   	0.0588235  	0.679873   
11 	90    	0.504249   	0.174685   	0.041789   	0.69055    
12 	93    	0.534832   	0.213554   	0.0106463  	0.828506   
13 	88    	0.580481   	0.217526   	0.0193727  	0.927611   
14 	91    	0.575219   	0.264243   	-0.00933333	0.927611   
15 	94    	0.686035   	0.286388   	0.0404078  	0.966499   
16 	90    	0.712973   	0.307007   	0.030524   	0.974101   
17 	96    	0.754715   	0.309205   	0.0552447  	0.98625    
18 	96    	0.690459   	0.357846   	0.029288   	1.00021    
19 	93    	0.713691   	0.37475    	0.0309008  	1.02448    
20 	92    	0.730742   	0.376549   	0.0309299  	1.02448    
21 	94    	0.71314    	0.398185   	0.0344624  	1.02622    
22 	93    	0.755924   	0.362074   	0.0350853  	1.04794    
23 	91    	0.741752   	0.388008   	0.0346416  	1.04794    
24 	93    	0.797669   	0.385594   	0.0353083  	1.05088    
25 	93    	0.694801   	0.414222   	0.0352504  	1.05124    
26 	91    	0.770371   	0.388841   	0.0353077  	1.05813    
27 	95    	0.694447   	0.422866   	0.035143   	1.05813    
28 	96    	0.747656   	0.414721   	0.0349867  	1.08618    
29 	92    	0.741396   	0.419546   	0.0528675  	1.08758    
30 	94    	0.771542   	0.408281   	0.0524723  	1.10061    
31 	91    	0.829998   	0.385602   	0.0568454  	1.11081    
32 	92    	0.736505   	0.439365   	0.0225502  	1.11081    
33 	93    	0.824268   	0.401457   	0.085578   	1.11142    
34 	87    	0.766831   	0.444867   	0.0225356  	1.1115     
35 	89    	0.805554   	0.431401   	0.0223344  	1.12207    
36 	91    	0.730053   	0.472326   	0.0223856  	1.12314    
37 	88    	0.827577   	0.430543   	0.028478   	1.12314    
38 	87    	0.848855   	0.422507   	0.028478   	1.12403    
39 	89    	0.842802   	0.408308   	0.028478   	1.12425    
40 	92    	0.775607   	0.454422   	0.0839541  	1.12425    
41 	95    	0.777374   	0.451839   	0.0870592  	1.16756    
42 	92    	0.767923   	0.460152   	0.0284928  	1.16756    
43 	91    	0.777711   	0.462191   	0.0283192  	1.16756    
44 	93    	0.76372    	0.494326   	0.0236139  	1.16978    
45 	95    	0.791613   	0.500768   	0.0236139  	1.16978    
46 	91    	0.808656   	0.470693   	0.053401   	1.16978    
47 	93    	0.839733   	0.471612   	0.0235821  	1.17146    
48 	90    	0.79787    	0.482511   	0.0755716  	1.17151    
49 	93    	0.804111   	0.481365   	0.0237782  	1.17157    
50 	97    	0.81249    	0.478324   	0.0236337  	1.17157    
51 	88    	0.757193   	0.500144   	0.0236242  	1.17157    
52 	92    	0.804208   	0.490851   	0.023605   	1.17157    
53 	93    	0.793183   	0.490188   	0.0236242  	1.17157    
54 	88    	0.839081   	0.469122   	0.0237445  	1.17176    
55 	92    	0.91576    	0.429932   	0.0238714  	1.17176    
56 	96    	0.672396   	0.501682   	0.0238714  	1.17176    
57 	93    	0.776763   	0.484833   	0.0236683  	1.17176    
58 	91    	0.806063   	0.477736   	0.0236683  	1.17182    
59 	88    	0.793799   	0.483284   	0.0234939  	1.17182    
60 	86    	0.828387   	0.473479   	0.0234939  	1.17182    
61 	91    	0.799161   	0.47921    	0.0234483  	1.17182    
62 	91    	0.81587    	0.479094   	0.0235785  	1.17186    
63 	96    	0.74227    	0.50165    	0.0235785  	1.17186    
64 	90    	0.78144    	0.491559   	0.0728269  	1.17186    
65 	93    	0.811673   	0.471501   	0.0235785  	1.17186    
66 	89    	0.69249    	0.502718   	0.0237728  	1.17186    
67 	91    	0.737662   	0.495378   	0.0237728  	1.17186    
68 	97    	0.704288   	0.506192   	0.0237729  	1.17186    
69 	92    	0.681571   	0.505433   	0.0235886  	1.17186    
70 	94    	0.802222   	0.488483   	0.0235905  	1.17188    
71 	92    	0.742791   	0.505323   	0.0237728  	1.17188    
72 	92    	0.84892    	0.476267   	0.0235976  	1.17188    
73 	94    	0.734001   	0.506029   	0.0235976  	1.17188    
74 	94    	0.728576   	0.507965   	0.0235976  	1.17189    
75 	93    	0.76025    	0.488944   	0.0235968  	1.17189    
76 	92    	0.875055   	0.4564     	0.093932   	1.17189    
77 	92    	0.807967   	0.469302   	0.0235968  	1.17189    
78 	93    	0.806253   	0.486646   	0.0235968  	1.17189    
79 	91    	0.804945   	0.483777   	0.023599   	1.17189    
80 	90    	0.846052   	0.470239   	0.0236044  	1.17189    
81 	94    	0.70468    	0.50212    	0.0236036  	1.17189    
82 	88    	0.845356   	0.473351   	0.0236044  	1.17189    
83 	90    	0.740169   	0.50175    	0.0236044  	1.17189    
84 	91    	0.781871   	0.483462   	0.0236044  	1.17189    
85 	88    	0.774908   	0.491188   	0.0236171  	1.17189    
86 	86    	0.826396   	0.473148   	0.0236031  	1.17189    
87 	93    	0.799676   	0.489066   	0.0236256  	1.17189    
88 	91    	0.764691   	0.492801   	0.0236044  	1.1719     
89 	89    	0.751211   	0.504426   	0.0236065  	1.1719     
90 	92    	0.718127   	0.50986    	0.0236275  	1.1719     
91 	91    	0.763246   	0.499242   	0.0236275  	1.1719     
92 	91    	0.782817   	0.495424   	0.0236275  	1.17203    
93 	89    	0.826634   	0.477393   	0.0236275  	1.17212    
94 	91    	0.805785   	0.488577   	0.0138032  	1.17216    
95 	93    	0.738491   	0.500087   	0.0137593  	1.18092    
96 	93    	0.799691   	0.488476   	0.01367    	1.18092    
97 	95    	0.887698   	0.450058   	0.0104203  	1.18097    
98 	91    	0.818765   	0.486759   	0.0104055  	1.18114    
99 	95    	0.847608   	0.476573   	0.0103667  	1.18137    
100	92    	0.877757   	0.461409   	0.0103672  	1.18137    
101	95    	0.867583   	0.47091    	0.0103858  	1.19252    
102	91    	0.787187   	0.489408   	0.0104441  	1.19252    
103	91    	0.8243     	0.473234   	0.0317591  	1.19283    
104	97    	0.828839   	0.473973   	0.0317783  	1.19587    
105	95    	0.817246   	0.483867   	0.0328354  	1.19587    
106	91    	0.875797   	0.461045   	0.0299947  	1.22459    
107	93    	0.753417   	0.506077   	0.0299947  	1.22459    
108	93    	0.905596   	0.460573   	0.0309619  	1.23212    
109	94    	0.843489   	0.494607   	0.0175164  	1.23212    
110	91    	0.851494   	0.494634   	0.0213833  	1.23212    
111	89    	0.851973   	0.512665   	0.0204263  	1.23222    
112	95    	0.832267   	0.487021   	0.020715   	1.23383    
113	91    	0.798776   	0.511118   	0.0212026  	1.23383    
114	88    	0.795776   	0.520342   	0.0212026  	1.2339     
115	91    	0.915125   	0.477915   	0.0212026  	1.23405    
116	94    	0.686597   	0.519271   	0.0212026  	1.23509    
117	95    	0.72584    	0.527176   	0.0212026  	1.23509    
118	89    	0.8228     	0.508729   	0.0212026  	1.2358     
119	91    	0.809509   	0.519137   	0.0210806  	1.2358     
120	91    	0.745402   	0.523873   	0.0210655  	1.2358     
121	94    	0.763224   	0.525258   	0.0210655  	1.23585    
122	95    	0.722167   	0.528851   	0.0210655  	1.23611    
123	94    	0.756993   	0.522191   	0.0253852  	1.23611    
124	89    	0.7387     	0.529586   	0.0210602  	1.23611    
125	92    	0.779863   	0.525637   	0.0210602  	1.23611    
126	93    	0.748849   	0.523921   	0.0255444  	1.23611    
127	93    	0.747229   	0.529265   	0.0205936  	1.23611    
128	94    	0.771116   	0.533903   	0.0210553  	1.23611    
129	94    	0.773118   	0.525595   	0.0210562  	1.23611    
130	92    	0.749888   	0.520079   	0.0206132  	1.23617    
131	94    	0.778889   	0.520219   	0.0904569  	1.23617    
132	93    	0.786553   	0.523661   	0.0210482  	1.23625    
133	90    	0.713291   	0.543259   	0.0208425  	1.23625    
134	94    	0.689747   	0.541854   	0.0210389  	1.23625    
135	91    	0.753189   	0.526216   	0.0210482  	1.23625    
136	94    	0.790254   	0.512933   	0.0686759  	1.249      
137	97    	0.747977   	0.530903   	0.021048   	1.249      
138	93    	0.837746   	0.522408   	0.0160603  	1.25191    
139	94    	0.831473   	0.520656   	0.0117531  	1.25191    
140	92    	0.893545   	0.503837   	0.0159542  	1.25204    
141	91    	0.702369   	0.551038   	0.0155592  	1.25413    
142	88    	0.812455   	0.51632    	0.011316   	1.25413    
143	85    	0.851816   	0.524765   	0.0155219  	1.25413    
144	97    	0.71392    	0.54447    	0.0153549  	1.25413    
145	94    	0.756327   	0.524291   	0.0153549  	1.25422    
146	91    	0.755776   	0.540129   	0.0117072  	1.25422    
147	89    	0.920228   	0.502806   	0.00990282 	1.25422    
148	93    	0.802004   	0.518545   	0.0118193  	1.25422    
149	86    	0.842632   	0.509569   	0.0909405  	1.25422    
150	87    	0.913644   	0.497288   	0.0118193  	1.25422    
151	91    	0.7028     	0.536644   	0.0118193  	1.25422    
152	95    	0.74307    	0.53199    	0.0118193  	1.25422    
153	93    	0.773225   	0.541604   	0.0153396  	1.25422    
154	90    	0.816405   	0.529644   	0.0153549  	1.25422    
155	87    	0.865372   	0.531955   	0.0118193  	1.25422    
156	91    	0.769267   	0.536465   	0.0153402  	1.25422    
157	94    	0.667556   	0.530789   	0.0153549  	1.25422    
158	87    	0.741693   	0.527141   	0.0153503  	1.25422    
159	95    	0.794057   	0.530838   	0.0114813  	1.25422    
160	94    	0.809955   	0.532488   	0.0152275  	1.25422    
161	92    	0.831927   	0.526075   	0.0106516  	1.25422    
162	95    	0.740011   	0.530208   	0.015114   	1.25422    
163	93    	0.791707   	0.530381   	0.0109901  	1.26175    
164	90    	0.735681   	0.523032   	0.0151304  	1.26175    
165	89    	0.826042   	0.522858   	0.0199084  	1.26175    
166	94    	0.908086   	0.501859   	0.0199084  	1.26329    
167	89    	0.88162    	0.494408   	0.0198963  	1.27542    
168	91    	0.889127   	0.517114   	0.019147   	1.27542    
169	90    	0.775743   	0.545329   	0.0122601  	1.27542    
170	90    	0.840968   	0.538885   	0.0122601  	1.27542    
171	89    	0.797757   	0.548577   	0.0122601  	1.27548    
172	90    	0.841304   	0.543257   	0.012254   	1.27565    
173	91    	0.888484   	0.518845   	0.0122681  	1.27565    
174	93    	0.737095   	0.564971   	0.0122602  	1.27565    
175	94    	0.792046   	0.539143   	0.0122558  	1.27565    
176	92    	0.811391   	0.540934   	0.0122657  	1.27567    
177	94    	0.894035   	0.541939   	0.0122681  	1.27651    
178	93    	0.833819   	0.555789   	0.0122681  	1.27651    
179	96    	0.791613   	0.550815   	0.0121883  	1.27651    
180	93    	0.768467   	0.558479   	0.012174   	1.27662    
181	93    	0.828847   	0.546617   	0.0121727  	1.27662    
182	96    	0.742987   	0.54929    	0.0121805  	1.27662    
183	94    	0.811344   	0.532049   	0.0121813  	1.27662    
184	92    	0.865771   	0.531081   	0.0121813  	1.27912    
185	94    	0.867341   	0.528962   	0.0121507  	1.27912    
186	91    	0.77924    	0.547025   	0.0121585  	1.27912    
187	89    	0.787567   	0.575153   	0.0121501  	1.27912    
188	91    	0.861495   	0.540717   	0.0126942  	1.27986    
189	98    	0.772206   	0.547703   	0.0126942  	1.27986    
190	93    	0.889947   	0.528801   	0.0126832  	1.27999    
191	94    	0.89361    	0.525698   	0.0126832  	1.27999    
192	93    	0.754104   	0.562549   	0.0126566  	1.2801     
193	97    	0.87019    	0.542599   	0.0126565  	1.28011    
194	92    	0.772859   	0.553775   	0.0201803  	1.28011    
195	90    	0.796019   	0.563885   	0.0127007  	1.28021    
196	93    	0.725933   	0.559913   	0.0127007  	1.28021    
197	90    	0.729939   	0.570796   	0.0126694  	1.28021    
198	95    	0.784744   	0.555907   	0.0126576  	1.28021    
199	92    	0.686699   	0.570387   	0.0126694  	1.28021    
200	93    	0.789248   	0.553915   	0.0126615  	1.28021    
201	90    	0.748314   	0.568985   	0.0126559  	1.28021    
202	95    	0.780901   	0.537577   	0.0126559  	1.28021    
203	90    	0.78845    	0.560821   	0.0126593  	1.29588    
204	92    	0.80385    	0.556933   	0.0127462  	1.29588    
205	96    	0.739705   	0.567174   	0.0100624  	1.29992    
206	89    	0.782411   	0.574635   	0.01003    	1.29992    
207	87    	0.696796   	0.564818   	0.00999809 	1.29992    
208	95    	0.716842   	0.566663   	0.0120848  	1.29992    
209	94    	0.751456   	0.547798   	0.0120272  	1.30007    
210	88    	0.697494   	0.574528   	0.0120272  	1.30013    
211	93    	0.788874   	0.561061   	0.0120761  	1.30049    
212	91    	0.851239   	0.543743   	0.0228851  	1.30979    
213	88    	0.75875    	0.567018   	0.0229094  	1.30979    
214	93    	0.764496   	0.569799   	0.0120491  	1.30979    
215	93    	0.727502   	0.584218   	0.0250225  	1.31011    
216	90    	0.765144   	0.567789   	0.0155771  	1.31011    
217	94    	0.763153   	0.579409   	0.0156094  	1.31088    
218	91    	0.757013   	0.577109   	0.0156096  	1.31054    
219	95    	0.761072   	0.569216   	-0.00866667	1.31054    
220	88    	0.788381   	0.574713   	0.0156038  	1.31054    
221	98    	0.682052   	0.5854     	0.0156257  	1.31054    
222	91    	0.728524   	0.588475   	0.0155841  	1.31123    
223	90    	0.730183   	0.582827   	0.0157531  	1.31123    
224	94    	0.831685   	0.565198   	0.0156551  	1.31123    
225	94    	0.804888   	0.578925   	0.0156457  	1.31124    
226	90    	0.904606   	0.56142    	0.0156457  	1.31124    
227	95    	0.758885   	0.584862   	0.0156416  	1.31124    
228	91    	0.745837   	0.583295   	0.0156416  	1.31124    
229	96    	0.795017   	0.576808   	0.0156348  	1.31126    
230	93    	0.805021   	0.574482   	0.0250341  	1.31126    
231	90    	0.651782   	0.581685   	0.0156286  	1.31126    
232	94    	0.83629    	0.560914   	0.0251219  	1.31126    
233	92    	0.711522   	0.580629   	0.0156542  	1.31126    
234	88    	0.752501   	0.58803    	0.0156331  	1.31126    
235	87    	0.694488   	0.582829   	0.0156331  	1.31126    
236	92    	0.687507   	0.57634    	0.0251199  	1.31126    
237	89    	0.700288   	0.583548   	0.0156331  	1.31126    
238	93    	0.824473   	0.568769   	0.0156336  	1.31136    
239	95    	0.852567   	0.570354   	0.0156333  	1.31136    
240	93    	0.773439   	0.582524   	0.0156272  	1.31136    
241	89    	0.793613   	0.593753   	0.0156272  	1.31138    
242	89    	0.739379   	0.599613   	0.0156272  	1.31138    
243	85    	0.856576   	0.554555   	0.0156272  	1.31138    
244	93    	0.760339   	0.589432   	0.0156272  	1.31138    
245	94    	0.681496   	0.575141   	0.0156292  	1.31138    
246	91    	0.733461   	0.594324   	0.0156292  	1.31138    
247	89    	0.752216   	0.589207   	0.0156273  	1.31138    
248	90    	0.771703   	0.58478    	0.0156292  	1.31138    
249	92    	0.808991   	0.580231   	0.0156331  	1.31138    
250	93    	0.812524   	0.589204   	0.0156273  	1.31138    
251	88    	0.719833   	0.583699   	0.0156292  	1.3115     
252	90    	0.796158   	0.582229   	0.0156299  	1.3115     
253	88    	0.790781   	0.579088   	0.0156292  	1.3115     
254	94    	0.804766   	0.569586   	0.0156528  	1.3115     
255	92    	0.854366   	0.565745   	0.0156606  	1.3115     
256	96    	0.811634   	0.580005   	0.0156606  	1.3115     
257	92    	0.774232   	0.580469   	0.0156606  	1.3115     
258	88    	0.709959   	0.585747   	0.0156606  	1.3115     
259	93    	0.856574   	0.561804   	0.0156009  	1.3115     
260	90    	0.678652   	0.586144   	0.015608   	1.3115     
261	93    	0.775969   	0.580619   	0.0156414  	1.3115     
262	93    	0.786899   	0.591851   	0.0156472  	1.3115     
263	89    	0.793954   	0.576241   	0.0156544  	1.3115     
264	94    	0.707609   	0.585112   	0.0156068  	1.3115     
265	88    	0.74476    	0.584871   	0.015631   	1.3115     
266	91    	0.702286   	0.574773   	0.0642449  	1.3115     
267	95    	0.630334   	0.575715   	0.0156695  	1.3115     
268	92    	0.7401     	0.578022   	0.0156184  	1.3115     
269	94    	0.654456   	0.570449   	0.0251341  	1.3115     
270	94    	0.671102   	0.585875   	0.0156413  	1.3115     
271	91    	0.709186   	0.578034   	0.0156536  	1.3115     
272	92    	0.731333   	0.587547   	0.0251177  	1.3115     
273	93    	0.736395   	0.599586   	0.0156209  	1.3115     
274	87    	0.773549   	0.583396   	0.0156163  	1.3115     
275	92    	0.815973   	0.573327   	0.0156092  	1.3115     
276	94    	0.648568   	0.585382   	0.0156546  	1.3115     
277	90    	0.770792   	0.585574   	0.0156507  	1.3115     
278	96    	0.79244    	0.578175   	0.0156622  	1.3115     
279	91    	0.68069    	0.593418   	0.0156442  	1.3115     
280	91    	0.86312    	0.563719   	0.0156432  	1.3115     
281	91    	0.852673   	0.568658   	0.0156494  	1.3115     
282	92    	0.824568   	0.568365   	0.015644   	1.3115     
283	94    	0.741277   	0.578807   	0.0156102  	1.3115     
284	96    	0.700195   	0.584991   	0.0156507  	1.3115     
285	92    	0.708337   	0.583534   	0.0156102  	1.3115     
286	88    	0.753624   	0.586582   	0.015644   	1.3115     
287	90    	0.744809   	0.589216   	0.0156433  	1.3115     
288	90    	0.775826   	0.575751   	0.015644   	1.3115     
289	92    	0.757488   	0.572278   	0.0251065  	1.3115     
290	91    	0.802175   	0.576798   	0.0647345  	1.3115     
291	93    	0.728813   	0.583353   	0.0156457  	1.3115     
292	84    	0.682294   	0.584007   	0.0156457  	1.3115     
293	94    	0.872575   	0.567647   	0.0156457  	1.3115     
294	94    	0.596688   	0.560081   	0.0156457  	1.3115     
295	90    	0.763471   	0.59       	0.0156457  	1.3115     
296	90    	0.763667   	0.585051   	0.0156408  	1.3115     
297	91    	0.709984   	0.573281   	0.0156408  	1.3115     
298	93    	0.689069   	0.577236   	0.0156689  	1.3115     
299	94    	0.810927   	0.56445    	0.0156682  	1.3115     
300	94    	0.84449    	0.570346   	0.015616   	1.3115     
Best individuals:
(1.3114999580733502,) 	<--	 //0
p:0.13035739494514798, -0.3303149869342745, -0.08837306014695123, fr=0.566, ing=0.1
p:0.985, 0.219, 1.719, fr=0.135, ing=0.38
p:1.2655661287840285, 0.6550448629454462, -0.17448502117526887, fr=0.123, ing=0.058
p:1.258, -1.105, -0.422, fr=0.063, ing=0.465
p:1.312, -0.832, 1.445, fr=0.69, ing=0.612
p:1.136, -0.357, 3.366, fr=0.65, ing=0.187
j:0, 4, rotstif=0.993
j:1, 4, stif=0.657, rotstif=0.919
j:3, 4, stif=0.826, rotstif=0.288
j:5, 4, stif=0.999, rotstif=0.826
j:2, 1, stif=0.881, rotstif=0.739

Saved 'C:\Users\alex3\Projects\AI sem 1\sem-1\BIA\Evolutionary Design\runs\2026-09-07_213255\gens\HoF-f0-8.gen' (1)
C:\Users\alex3\Projects\AI sem 1\sem-1\BIA\Evolutionary Design\stats\2026-09-07_21\HoF-f0-8.logbook.pkl
VMNeuronManager.autoload: Neuro classes added: Delay Light Nn PIDP PIDV SeeLight SeeLight2 S0 S1 Thr 
UserScripts.autoload: 20 user scripts added.
