Argument values: path=C:\Users\alex3\Projects\AI sem 1\sem-1\BIA\Evolutionary Design\Framsticks55, lib=None, sim=eval-allcriteria.sim;deterministic.sim;sample-period-2.sim;only-body.sim;uneven-ground.sim, genformat=0, initialgenotype=None, opt=vertpos, popsize=100, generations=300, tournament=10, pmut=0.9, pxov=0.2, hof_size=1, hof_savefile=C:\Users\alex3\Projects\AI sem 1\sem-1\BIA\Evolutionary Design\runs\2026-09-07_213255\gens\HoF-f0-5.gen, save_stats=C:\Users\alex3\Projects\AI sem 1\sem-1\BIA\Evolutionary Design\stats, max_numparts=30, max_numjoints=None, max_numneurons=None, max_numconnections=None, max_numgenochars=None
Using Framsticks version: 5.5
Home (writable) dir     : C:\Users\alex3\Projects\AI sem 1\sem-1\BIA\Evolutionary Design\Framsticks55\data
Resources dir           : C:\Users\alex3\Projects\AI sem 1\sem-1\BIA\Evolutionary Design\Framsticks55\data

Available objects: ['CheckpointEvent', 'Collision', 'CrCollision', 'Creature', 'CreatureSettings', 'CreatureSignals', 'CreatureSnapshot', 'Dictionary', 'ExpProperties', 'ExpState', 'ExtValue', 'File', 'FunctionReference', 'GenMan', 'GenManStats', 'GenePool', 'GenePools', 'Geno', 'GenoConverters', 'Genotype', 'Interface', 'Joint', 'Loader', 'Math', 'MechJoint', 'MechPart', 'MessageCatcher', 'Model', 'ModelGeometry', 'ModelSymmetry', 'Neuro', 'NeuroClass', 'NeuroClassLibrary', 'NeuroDef', 'NeuroSignals', 'NeuronsSimEnabled', 'ODE', 'Orient', 'Part', 'Population', 'Populations', 'Ref', 'Signal', 'SignalView', 'SimilMeasure', 'SimilMeasureDistribution', 'SimilMeasureGreedy', 'SimilMeasureHungarian', 'Simulator', 'SlaveSimulators', 'StopEvent', 'String', 'UserScripts', 'Vector', 'WireframeAppearance', 'World', 'WorldMap', 'WorldSignals', 'XYZ', '__builtins__', '__cached__', '__doc__', '__file__', '__loader__', '__name__', '__package__', '__spec__', 'c_api', 'ctypes', 'home_dir', 'init', 'os', 're', 'res_dir', 'sim_params', 'stats', 'sys']

Basic tests OK. Using settings: ['eval-allcriteria.sim', 'deterministic.sim', 'sample-period-2.sim', 'only-body.sim', 'uneven-ground.sim']

Simulator.load: Loading from 'eval-allcriteria.sim'
Loader.load: Comments read from file follow:
Loader.load:  Sample settings for evaluating many criteria of performance of a Framsticks creature.
Loader.load:  See the "evalcount" parameter if you want to speed the evaluation up or have a more stable result.
Loader.load:  Other important parameters are "Energy0" and "perfperiod".
Loader.load:  Put this file in the "data" subdirectory within the Framsticks distribution.
Simulator.load: Loaded genepool settings, 2 population settings, simulator settings from 'eval-allcriteria.sim'
Simulator.load: Loading from 'deterministic.sim'
Loader.load: Comments read from file follow:
Loader.load:  Parameter values that make the evaluation of a Framsticks creature deterministic.
Loader.load:  The values turn off random noise, so evaluation of the same genotype will always yield the same performance.
Loader.load:  The advantage is that you do not need to evaluate a genotype many times, and performance values are reliable.
Loader.load:  The disadvantage is that evolved creatures are "overfitting", i.e. rely entirely on the specific environment,
Loader.load:  and their behavior may be different in any other environment or (even slightly) changed conditions or parameter values,
Loader.load:  so each creature evolved using these settings must be later inspected using exactly the same setup.
Loader.load: 
Loader.load:  Before loading this file, load base settings, e.g. "eval-allcriteria.sim".
Loader.load:  Put this file in the "data" subdirectory within the Framsticks distribution.
Simulator.load: Loaded simulator settings from 'deterministic.sim'
Simulator.load: Loading from 'sample-period-2.sim'
Loader.load: Comments read from file follow:
Loader.load:  Very low "performance sampling period" in the first population to sample performance very often during lifespan
Loader.load:  and avoid overlooking some behavior. Averaged performance of sampled values is returned as the final value.
Loader.load:  See http://www.framsticks.com/a/al_params.html#exper-perfcalc
Loader.load: 
Loader.load:  Before loading this file, load base settings, e.g. "eval-allcriteria.sim".
Loader.load:  Put this file in the "data" subdirectory within the Framsticks distribution.
Simulator.load: Loaded population settings from 'sample-period-2.sim'
Simulator.load: Loading from 'only-body.sim'
Loader.load: Comments read from file follow:
Loader.load:  Turns off mutations in f0, f1, f4, fH related to brain (disables adding and modifying neurons)
Simulator.load: Loaded simulator settings from 'only-body.sim'
Simulator.load: Loading from 'uneven-ground.sim'
Loader.load: Comments read from file follow:
Loader.load:  Produces a microscopically uneven underlying heightfield, where the resting height ("vertpos") is sensitive to the shape of structures,
Loader.load:  because individual Parts settle at different elevations depending on the (world-centered) geometry of the structure.
Simulator.load: Loaded simulator settings from 'uneven-ground.sim'
gen	nevals	avg        	stddev     	min        	max        
0  	100   	-0.00966667	3.46945e-18	-0.00966667	-0.00966667
1  	94    	-0.00965   	0.000119024	-0.01      	-0.00933333
2  	87    	-0.00848061	0.00815224 	-0.01      	0.0703975  
3  	91    	-0.00327458	0.0217077  	-0.00966667	0.155216   
4  	91    	0.0322258  	0.0525691  	-0.00933333	0.242275   
Problem "'NoneType' object is not subscriptable" so could not evaluate genotype "//0
p:1.0
p:
p:1.0
p:1.859, 0.095, -0.392
p:1.5440669835637164, -1.0152537026944743, 0.7644063771539364
j:3, 1, rotstif=0.985
j:0, 2
j:1, 0
j:3, 2
j:4, 1
", hence assigned it a special ("infeasible solution") fitness value: [-999999.0]
5  	88    	0.113092   	0.0557464  	-0.00933333	0.24628    
Selection: ignoring 1 infeasible solution in a population of size 100
6  	94    	0.179022   	0.0560865  	0.041154   	0.356716   
7  	91    	0.244527   	0.0612048  	0.0961185  	0.56524    
8  	95    	0.293155   	0.103751   	-0.009     	0.581221   
9  	93    	0.415333   	0.124485   	0.0463792  	0.603996   
10 	97    	0.483222   	0.136174   	0.133021   	0.650119   
11 	86    	0.536027   	0.130515   	0.0463792  	0.681028   
12 	92    	0.573418   	0.125284   	0.0867336  	0.742889   
13 	92    	0.571676   	0.176556   	-0.00866667	0.810148   
14 	91    	0.63722    	0.156864   	-0.00866667	0.826835   
15 	89    	0.691266   	0.156241   	0.0302359  	0.883155   
16 	92    	0.74385    	0.160332   	0.219682   	0.889329   
17 	91    	0.748641   	0.184548   	0.131986   	0.924339   
18 	92    	0.788281   	0.173829   	0.322403   	0.924339   
19 	90    	0.716536   	0.241752   	0.243306   	1.09709    
20 	87    	0.772775   	0.257838   	0.146931   	1.12143    
21 	88    	0.863699   	0.286533   	0.233662   	1.1316     
22 	91    	0.961566   	0.283555   	0.26722    	1.18568    
23 	88    	1.00736    	0.258151   	0.286363   	1.19288    
24 	92    	0.955137   	0.33356    	0.286222   	1.27708    
25 	92    	1.01487    	0.331348   	0.278878   	1.30218    
26 	89    	1.00443    	0.384377   	0.249955   	1.3322     
27 	93    	1.0814     	0.375146   	0.250564   	1.41907    
28 	92    	1.09323    	0.396101   	0.265727   	1.43121    
29 	96    	1.09127    	0.422378   	0.280584   	1.57328    
30 	95    	1.07859    	0.491488   	0.316047   	1.58535    
31 	90    	1.05931    	0.528351   	0.315664   	1.59928    
32 	91    	1.12041    	0.545014   	0.253595   	1.62005    
33 	93    	1.10102    	0.549774   	0.351776   	1.63957    
34 	93    	1.11602    	0.573291   	0.253595   	1.67442    
35 	95    	1.13107    	0.570996   	0.239905   	1.75645    
36 	91    	1.2261     	0.570209   	0.264436   	1.7931     
37 	91    	1.26645    	0.615315   	0.255559   	1.96513    
38 	92    	1.3783     	0.615549   	0.187941   	1.96513    
39 	96    	1.26879    	0.687834   	0.135879   	1.96884    
40 	92    	1.37165    	0.743597   	0.162929   	1.96884    
41 	91    	1.54623    	0.676287   	0.27213    	1.98399    
42 	95    	1.4704     	0.70696    	0.256415   	1.98399    
43 	95    	1.39528    	0.74927    	0.204689   	1.98401    
44 	95    	1.58216    	0.657526   	0.164347   	1.99632    
45 	91    	1.33468    	0.77716    	0.204783   	1.99632    
46 	92    	1.38127    	0.75572    	0.201748   	1.9989     
47 	91    	1.55984    	0.684141   	0.260952   	1.99896    
48 	94    	1.54663    	0.695907   	0.160848   	2.00259    
49 	92    	1.37689    	0.762591   	0.160908   	2.00265    
50 	91    	1.5288     	0.712502   	0.160371   	2.00288    
51 	94    	1.398      	0.758305   	0.202002   	2.01245    
52 	95    	1.36264    	0.753819   	0.201605   	2.01245    
53 	93    	1.38501    	0.753229   	0.160946   	2.01245    
54 	89    	1.53714    	0.724793   	0.191692   	2.03109    
55 	93    	1.35241    	0.770435   	0.166298   	2.0316     
56 	87    	1.55924    	0.709498   	0.1478     	2.03871    
57 	88    	1.65456    	0.670034   	0.269173   	2.03871    
58 	90    	1.46981    	0.768105   	0.152834   	2.04413    
59 	86    	1.4402     	0.782801   	0.155587   	2.05604    
60 	92    	1.38879    	0.790959   	0.275293   	2.05604    
61 	97    	1.50731    	0.763944   	0.221759   	2.06593    
62 	85    	1.49914    	0.772288   	0.1482     	2.06593    
63 	93    	1.55037    	0.747531   	0.148214   	2.06619    
64 	91    	1.57832    	0.740497   	0.184111   	2.07314    
65 	90    	1.52768    	0.788742   	0.188615   	2.07314    
66 	92    	1.4522     	0.791888   	0.148236   	2.07722    
67 	94    	1.559      	0.743779   	0.242245   	2.07729    
68 	89    	1.6053     	0.71756    	0.188615   	2.07729    
69 	92    	1.5721     	0.748524   	0.286117   	2.08468    
70 	95    	1.52327    	0.785911   	0.20345    	2.08468    
71 	89    	1.54753    	0.762861   	0.185927   	2.08619    
72 	91    	1.64823    	0.707259   	0.203359   	2.08624    
73 	89    	1.49967    	0.769455   	0.287749   	2.08928    
74 	94    	1.37475    	0.821997   	0.185512   	2.08928    
75 	87    	1.48624    	0.785082   	0.190618   	2.08977    
76 	93    	1.46478    	0.78044    	0.190004   	2.08977    
77 	91    	1.58803    	0.738447   	0.190675   	2.08977    
78 	91    	1.38661    	0.819591   	0.190675   	2.08977    
79 	96    	1.34521    	0.806571   	0.284468   	2.08977    
80 	93    	1.60886    	0.749477   	0.190675   	2.08977    
81 	90    	1.41731    	0.823414   	0.190676   	2.08977    
82 	92    	1.55452    	0.776108   	0.190543   	2.08977    
83 	93    	1.4691     	0.808      	0.20942    	2.08977    
84 	94    	1.43503    	0.79295    	0.190686   	2.08977    
85 	91    	1.49495    	0.795604   	0.190675   	2.09078    
86 	94    	1.46182    	0.815349   	0.190686   	2.09078    
87 	95    	1.52955    	0.777603   	0.307451   	2.09646    
88 	93    	1.47425    	0.791743   	0.210828   	2.09773    
89 	85    	1.54165    	0.791156   	0.210753   	2.09773    
90 	95    	1.51117    	0.80004    	0.192003   	2.09773    
91 	86    	1.58112    	0.778663   	0.209319   	2.09773    
92 	91    	1.49582    	0.777577   	0.192003   	2.09796    
93 	89    	1.54897    	0.777298   	0.28365    	2.09797    
94 	84    	1.5627     	0.774436   	0.206577   	2.09797    
95 	95    	1.5468     	0.774905   	0.206577   	2.09798    
96 	94    	1.56551    	0.763491   	0.190314   	2.09798    
97 	93    	1.64195    	0.711248   	0.302771   	2.11001    
98 	90    	1.58084    	0.755058   	0.264925   	2.11001    
99 	93    	1.50417    	0.795299   	0.206256   	2.11258    
100	93    	1.37801    	0.836007   	0.20779    	2.11258    
101	93    	1.46004    	0.803655   	0.264888   	2.11258    
102	94    	1.46546    	0.794736   	0.281807   	2.11258    
103	95    	1.46639    	0.82552    	0.191368   	2.11258    
104	88    	1.50737    	0.786588   	0.191366   	2.11258    
105	86    	1.64094    	0.754253   	0.191359   	2.11258    
106	92    	1.38458    	0.827233   	0.208625   	2.11258    
107	91    	1.34697    	0.851248   	0.191375   	2.11258    
108	88    	1.49495    	0.805888   	0.281666   	2.11258    
109	99    	1.41364    	0.835037   	0.208625   	2.11258    
110	91    	1.41958    	0.830767   	0.19128    	2.11258    
111	96    	1.42438    	0.843996   	0.191336   	2.11258    
112	87    	1.51646    	0.805872   	0.19128    	2.11265    
113	91    	1.55888    	0.783964   	0.191307   	2.11265    
114	92    	1.45088    	0.815136   	0.208598   	2.1127     
115	92    	1.42425    	0.810544   	0.191338   	2.1127     
116	88    	1.42388    	0.815858   	0.208598   	2.11432    
117	95    	1.51773    	0.797068   	0.291363   	2.11432    
118	94    	1.64871    	0.737534   	0.266179   	2.11432    
119	93    	1.49573    	0.805205   	0.190749   	2.1144     
120	92    	1.52172    	0.815927   	0.190749   	2.1144     
121	94    	1.36952    	0.825028   	0.207634   	2.1144     
122	98    	1.56908    	0.783652   	0.303603   	2.11444    
123	90    	1.50893    	0.796399   	0.207633   	2.11444    
124	91    	1.42566    	0.8157     	0.190742   	2.11445    
125	90    	1.4785     	0.804313   	0.190742   	2.11445    
126	95    	1.5535     	0.776174   	0.28093    	2.11445    
127	94    	1.57299    	0.787268   	0.190742   	2.11445    
128	88    	1.63471    	0.744115   	0.28093    	2.11839    
129	90    	1.55571    	0.790314   	0.208807   	2.11839    
130	91    	1.57673    	0.778178   	0.269806   	2.11841    
131	94    	1.66585    	0.726996   	0.189181   	2.12259    
132	92    	1.53174    	0.794414   	0.284438   	2.12281    
133	96    	1.5436     	0.791527   	0.189016   	2.12347    
134	92    	1.45219    	0.846686   	0.16281    	2.12484    
135	94    	1.59635    	0.788253   	0.192353   	2.12695    
136	94    	1.52701    	0.822917   	0.161595   	2.12708    
137	89    	1.52676    	0.817075   	0.162778   	2.12739    
138	94    	1.42164    	0.843558   	0.244652   	2.12739    
139	90    	1.52357    	0.824125   	0.192323   	2.12942    
140	83    	1.64849    	0.764029   	0.161622   	2.12942    
141	93    	1.67442    	0.757088   	0.161656   	2.12953    
142	94    	1.48454    	0.824618   	0.273672   	2.12953    
143	96    	1.50946    	0.817045   	0.195818   	2.12958    
144	93    	1.39956    	0.855063   	0.16153    	2.1334     
145	91    	1.57081    	0.78777    	0.268602   	2.1334     
146	90    	1.64118    	0.782807   	0.161592   	2.1335     
147	94    	1.50216    	0.820468   	0.247953   	2.13462    
148	93    	1.55263    	0.799952   	0.161239   	2.13475    
149	92    	1.59159    	0.787035   	0.247953   	2.13596    
150	93    	1.5262     	0.795572   	0.157955   	2.13596    
151	90    	1.48336    	0.826788   	0.160152   	2.13596    
152	92    	1.43587    	0.850383   	0.190263   	2.13596    
153	91    	1.39854    	0.844658   	0.190269   	2.13596    
154	90    	1.57061    	0.812309   	0.244291   	2.13596    
155	93    	1.37827    	0.874283   	0.157955   	2.1397     
156	90    	1.44704    	0.852879   	0.157955   	2.14078    
157	94    	1.65075    	0.789288   	0.157955   	2.14517    
158	93    	1.48598    	0.856215   	0.127513   	2.14517    
159	89    	1.53609    	0.811445   	0.235042   	2.14547    
160	92    	1.63332    	0.787737   	0.12679    	2.15042    
161	96    	1.56004    	0.827836   	0.127526   	2.1505     
162	95    	1.52071    	0.841343   	0.127525   	2.1505     
163	92    	1.50521    	0.844518   	0.233737   	2.1505     
164	93    	1.53046    	0.831412   	0.124784   	2.15102    
165	90    	1.67192    	0.76984    	0.124784   	2.15103    
166	93    	1.61375    	0.779403   	0.12482    	2.15168    
167	90    	1.56489    	0.830656   	0.124784   	2.15572    
168	97    	1.60571    	0.80985    	0.177411   	2.15572    
169	91    	1.55558    	0.824267   	0.127029   	2.16191    
170	96    	1.48298    	0.860346   	0.124784   	2.16191    
171	94    	1.46447    	0.863793   	0.124784   	2.17141    
172	93    	1.57205    	0.814679   	0.21573    	2.17141    
173	89    	1.70556    	0.782177   	0.212213   	2.17218    
174	92    	1.627      	0.802043   	0.212213   	2.1722     
175	87    	1.50439    	0.864337   	0.164418   	2.17232    
176	95    	1.64004    	0.817662   	0.13202    	2.17395    
177	94    	1.44926    	0.892877   	0.119864   	2.17395    
178	95    	1.46866    	0.882233   	0.119864   	2.17395    
179	95    	1.55935    	0.814602   	0.275668   	2.17521    
180	93    	1.52244    	0.861931   	0.155107   	2.17521    
181	93    	1.66396    	0.793316   	0.253671   	2.17522    
182	87    	1.56783    	0.829746   	0.274455   	2.17586    
183	93    	1.6218     	0.811273   	0.119852   	2.17743    
184	93    	1.64469    	0.815847   	0.11986    	2.17743    
185	88    	1.65531    	0.811853   	0.155094   	2.17945    
186	96    	1.49387    	0.866814   	0.124442   	2.17945    
187	91    	1.50559    	0.858889   	0.124448   	2.1795     
188	86    	1.47556    	0.86281    	0.124552   	2.18037    
189	93    	1.46298    	0.884303   	0.124605   	2.18037    
190	89    	1.57656    	0.847425   	0.127441   	2.18037    
191	88    	1.54733    	0.87059    	0.127386   	2.18547    
192	94    	1.44357    	0.86569    	0.207583   	2.18558    
193	98    	1.49965    	0.860909   	0.127444   	2.18558    
194	94    	1.50974    	0.853789   	0.206417   	2.1857     
195	90    	1.44737    	0.897      	0.124186   	2.1857     
196	90    	1.74622    	0.762755   	0.163275   	2.18572    
197	93    	1.58187    	0.856302   	0.124186   	2.18589    
198	93    	1.53128    	0.869958   	0.124207   	2.18612    
199	91    	1.52681    	0.86189    	0.163397   	2.1876     
200	91    	1.56799    	0.856197   	0.124201   	2.18843    
201	90    	1.55079    	0.848536   	0.206663   	2.18843    
202	95    	1.68507    	0.817309   	0.124699   	2.18843    
203	93    	1.5077     	0.854379   	0.165971   	2.1901     
204	95    	1.56329    	0.847008   	0.165983   	2.1901     
205	95    	1.59257    	0.84834    	0.219669   	2.1901     
206	96    	1.62482    	0.812402   	0.21054    	2.19026    
207	95    	1.56833    	0.828298   	0.271064   	2.19033    
208	89    	1.60182    	0.843193   	0.126559   	2.19064    
209	90    	1.48421    	0.885774   	0.210739   	2.19064    
210	98    	1.79392    	0.753075   	0.21772    	2.19064    
211	91    	1.53335    	0.860009   	0.129999   	2.19064    
212	91    	1.57105    	0.838351   	0.129999   	2.19064    
213	91    	1.59855    	0.860667   	0.21772    	2.1908     
214	84    	1.65616    	0.825642   	0.169611   	2.1908     
215	91    	1.53259    	0.872581   	0.129948   	2.19088    
216	89    	1.50855    	0.878945   	0.129948   	2.19101    
217	90    	1.54545    	0.853675   	0.217439   	2.19209    
218	88    	1.55673    	0.828487   	0.129543   	2.19209    
219	94    	1.58492    	0.840119   	0.129543   	2.19209    
220	95    	1.48757    	0.892086   	0.128831   	2.19209    
221	90    	1.51038    	0.86106    	0.129069   	2.19215    
222	91    	1.63426    	0.811548   	0.216892   	2.19266    
223	93    	1.52487    	0.86538    	0.209455   	2.19266    
224	96    	1.67658    	0.818321   	0.129546   	2.19279    
225	92    	1.48786    	0.884206   	0.129546   	2.1928     
226	96    	1.57769    	0.840172   	0.16966    	2.1928     
227	93    	1.67372    	0.807412   	0.129545   	2.1928     
228	91    	1.57049    	0.857469   	0.217394   	2.19287    
229	92    	1.48603    	0.874929   	0.128708   	2.19287    
230	92    	1.67526    	0.789231   	0.128708   	2.19287    
231	92    	1.62657    	0.82567    	0.239291   	2.19307    
232	93    	1.46372    	0.885493   	0.16955    	2.1931     
233	91    	1.53855    	0.851821   	0.217411   	2.19311    
234	94    	1.53207    	0.875402   	0.231542   	2.19311    
235	91    	1.6132     	0.834504   	0.169548   	2.19311    
236	91    	1.51199    	0.872495   	0.169515   	2.19311    
237	91    	1.63353    	0.826575   	0.169552   	2.19314    
238	95    	1.60061    	0.837225   	0.128676   	2.19325    
239	96    	1.60924    	0.831849   	0.271128   	2.19333    
240	95    	1.57778    	0.843556   	0.169595   	2.19333    
241	93    	1.54266    	0.850526   	0.129011   	2.19333    
242	94    	1.58094    	0.851051   	0.169481   	2.19333    
243	91    	1.70838    	0.808957   	0.129013   	2.19333    
244	94    	1.60636    	0.852898   	0.129011   	2.19333    
245	93    	1.59269    	0.838215   	0.169498   	2.19333    
246	90    	1.67779    	0.798975   	0.129011   	2.19335    
247	95    	1.53876    	0.87518    	0.129013   	2.19348    
248	91    	1.71821    	0.77795    	0.254065   	2.19348    
249	93    	1.70806    	0.806133   	0.169498   	2.19351    
250	88    	1.51982    	0.882485   	0.169498   	2.19369    
251	93    	1.63432    	0.831891   	0.21033    	2.19513    
252	93    	1.70349    	0.789762   	0.129006   	2.19513    
253	96    	1.64894    	0.820028   	0.129006   	2.19601    
254	91    	1.47213    	0.882478   	0.172281   	2.19902    
255	96    	1.62566    	0.819115   	0.130599   	2.19902    
256	88    	1.63536    	0.838372   	0.21983    	2.20053    
257	91    	1.50096    	0.872329   	0.213401   	2.20105    
258	93    	1.61439    	0.832127   	0.130599   	2.20264    
259	88    	1.6041     	0.864808   	0.125211   	2.20264    
260	91    	1.64179    	0.839198   	0.125211   	2.20268    
261	90    	1.51608    	0.859835   	0.240427   	2.20268    
262	90    	1.68072    	0.81054    	0.241189   	2.20268    
263	91    	1.35276    	0.874738   	0.131282   	2.2082     
264	92    	1.49946    	0.878793   	0.131282   	2.20866    
265	94    	1.57141    	0.859827   	0.211756   	2.20866    
266	91    	1.64299    	0.844609   	0.131282   	2.20901    
267	95    	1.43339    	0.890662   	0.211806   	2.20901    
268	93    	1.68766    	0.809818   	0.131468   	2.20901    
269	93    	1.58278    	0.847818   	0.253072   	2.21688    
270	90    	1.71487    	0.803648   	0.135131   	2.21688    
271	92    	1.61874    	0.84203    	0.169091   	2.21688    
272	92    	1.49558    	0.878876   	0.135131   	2.21693    
273	88    	1.6302     	0.85686    	0.219683   	2.21794    
274	93    	1.58362    	0.852236   	0.135131   	2.21794    
275	97    	1.48984    	0.890518   	0.135719   	2.21837    
276	94    	1.44364    	0.901719   	0.127456   	2.21837    
277	90    	1.6517     	0.834704   	0.20712    	2.21976    
278	87    	1.53038    	0.880658   	0.12742    	2.21976    
279	89    	1.54217    	0.895392   	0.165673   	2.21995    
280	95    	1.61698    	0.844274   	0.127424   	2.2202     
281	89    	1.60854    	0.871248   	0.127464   	2.22029    
282	86    	1.5932     	0.86417    	0.207132   	2.22029    
283	96    	1.43507    	0.905843   	0.127464   	2.2207     
284	94    	1.48842    	0.894462   	0.127464   	2.2207     
285	93    	1.55717    	0.88566    	0.216974   	2.2207     
286	92    	1.51417    	0.903534   	0.206934   	2.2207     
287	91    	1.32993    	0.928855   	0.127445   	2.2207     
288	88    	1.57175    	0.87598    	0.127464   	2.2207     
289	86    	1.67385    	0.831344   	0.211848   	2.2207     
290	92    	1.6708     	0.835832   	0.166476   	2.22075    
291	95    	1.46375    	0.903092   	0.12747    	2.22075    
292	86    	1.48069    	0.912218   	0.127486   	2.22075    
293	91    	1.40671    	0.915609   	0.207493   	2.22075    
294	94    	1.7603     	0.794082   	0.207507   	2.22082    
295	92    	1.54001    	0.884284   	0.16659    	2.22108    
296	91    	1.5291     	0.897632   	0.166618   	2.22155    
297	87    	1.59667    	0.865626   	0.165186   	2.222      
298	94    	1.52323    	0.894832   	0.207742   	2.22398    
299	89    	1.63923    	0.845536   	0.125459   	2.22398    
300	85    	1.75752    	0.799044   	0.125586   	2.22407    
Best individuals:
(2.2240671071028597,) 	<--	 //0
p:0.767, -0.684, 1.277, fr=0.109
p:-0.0039627910760441365, -0.524167481276085, -0.5241628202476372, fr=0.872, ing=0.11
p:1.936, 0.126, 1.635, fr=0.342, ing=0.318
p:0.9598704277836081, 1.044698883039835, -1.2070098230436732, fr=0.279, ing=0.041
p:2.206442661935314, -1.1636553985527427, 0.13072284482243512, fr=0.431, ing=0.759
p:0.4136716178618224, 2.1716755318545866, 4.486914295195, fr=1.231, ing=0.658
p:0.6055794531826568, 2.29282477542943, 2.5000337543663083, fr=0.378, ing=0.177
p:1.620410177822432, 1.0300434598378947, 3.3906504569139786, fr=1.183, ing=0.642
p:1.019693353170715, 1.6328372462896188, 0.6921194761950001, fr=1.784, ing=0.178
p:-0.16121777380902036, 3.373638364488408, 5.978218280407676, fr=0.261, ing=0.023
j:0, 2, stif=0.999, rotstif=0.993
j:0, 4, stif=0.998, rotstif=0.84
j:7, 2, rotstif=0.982
j:1, 0, stif=0.982, rotstif=0.942
j:3, 1, stif=0.995, rotstif=0.817
j:4, 2, rotstif=0.86
j:5, 7, rotstif=0.832
j:6, 5, rotstif=0.941
j:8, 2, stif=0.909, rotstif=0.904
j:3, 8, rotstif=0.888
j:6, 7, stif=0.904, rotstif=0.908
j:8, 6, rotstif=0.884
j:9, 5, rotstif=0.927

Saved 'C:\Users\alex3\Projects\AI sem 1\sem-1\BIA\Evolutionary Design\runs\2026-09-07_213255\gens\HoF-f0-5.gen' (1)
C:\Users\alex3\Projects\AI sem 1\sem-1\BIA\Evolutionary Design\stats\2026-09-07_21\HoF-f0-5.logbook.pkl
VMNeuronManager.autoload: Neuro classes added: Delay Light Nn PIDP PIDV SeeLight SeeLight2 S0 S1 Thr 
UserScripts.autoload: 20 user scripts added.
