Argument values: path=C:\Users\alex3\Projects\AI sem 1\sem-1\BIA\Evolutionary Design\Framsticks55, lib=None, sim=eval-allcriteria.sim;deterministic.sim;sample-period-2.sim;only-body.sim;uneven-ground.sim, genformat=9, initialgenotype=None, opt=vertpos, popsize=100, generations=300, tournament=10, pmut=0.9, pxov=0.2, hof_size=1, hof_savefile=C:\Users\alex3\Projects\AI sem 1\sem-1\BIA\Evolutionary Design\runs\2026-09-07_213255\gens\HoF-f9-5.gen, save_stats=C:\Users\alex3\Projects\AI sem 1\sem-1\BIA\Evolutionary Design\stats, max_numparts=30, max_numjoints=None, max_numneurons=None, max_numconnections=None, max_numgenochars=None
Using Framsticks version: 5.5
Home (writable) dir     : C:\Users\alex3\Projects\AI sem 1\sem-1\BIA\Evolutionary Design\Framsticks55\data
Resources dir           : C:\Users\alex3\Projects\AI sem 1\sem-1\BIA\Evolutionary Design\Framsticks55\data

Available objects: ['CheckpointEvent', 'Collision', 'CrCollision', 'Creature', 'CreatureSettings', 'CreatureSignals', 'CreatureSnapshot', 'Dictionary', 'ExpProperties', 'ExpState', 'ExtValue', 'File', 'FunctionReference', 'GenMan', 'GenManStats', 'GenePool', 'GenePools', 'Geno', 'GenoConverters', 'Genotype', 'Interface', 'Joint', 'Loader', 'Math', 'MechJoint', 'MechPart', 'MessageCatcher', 'Model', 'ModelGeometry', 'ModelSymmetry', 'Neuro', 'NeuroClass', 'NeuroClassLibrary', 'NeuroDef', 'NeuroSignals', 'NeuronsSimEnabled', 'ODE', 'Orient', 'Part', 'Population', 'Populations', 'Ref', 'Signal', 'SignalView', 'SimilMeasure', 'SimilMeasureDistribution', 'SimilMeasureGreedy', 'SimilMeasureHungarian', 'Simulator', 'SlaveSimulators', 'StopEvent', 'String', 'UserScripts', 'Vector', 'WireframeAppearance', 'World', 'WorldMap', 'WorldSignals', 'XYZ', '__builtins__', '__cached__', '__doc__', '__file__', '__loader__', '__name__', '__package__', '__spec__', 'c_api', 'ctypes', 'home_dir', 'init', 'os', 're', 'res_dir', 'sim_params', 'stats', 'sys']

Basic tests OK. Using settings: ['eval-allcriteria.sim', 'deterministic.sim', 'sample-period-2.sim', 'only-body.sim', 'uneven-ground.sim']

Simulator.load: Loading from 'eval-allcriteria.sim'
Loader.load: Comments read from file follow:
Loader.load:  Sample settings for evaluating many criteria of performance of a Framsticks creature.
Loader.load:  See the "evalcount" parameter if you want to speed the evaluation up or have a more stable result.
Loader.load:  Other important parameters are "Energy0" and "perfperiod".
Loader.load:  Put this file in the "data" subdirectory within the Framsticks distribution.
Simulator.load: Loaded genepool settings, 2 population settings, simulator settings from 'eval-allcriteria.sim'
Simulator.load: Loading from 'deterministic.sim'
Loader.load: Comments read from file follow:
Loader.load:  Parameter values that make the evaluation of a Framsticks creature deterministic.
Loader.load:  The values turn off random noise, so evaluation of the same genotype will always yield the same performance.
Loader.load:  The advantage is that you do not need to evaluate a genotype many times, and performance values are reliable.
Loader.load:  The disadvantage is that evolved creatures are "overfitting", i.e. rely entirely on the specific environment,
Loader.load:  and their behavior may be different in any other environment or (even slightly) changed conditions or parameter values,
Loader.load:  so each creature evolved using these settings must be later inspected using exactly the same setup.
Loader.load: 
Loader.load:  Before loading this file, load base settings, e.g. "eval-allcriteria.sim".
Loader.load:  Put this file in the "data" subdirectory within the Framsticks distribution.
Simulator.load: Loaded simulator settings from 'deterministic.sim'
Simulator.load: Loading from 'sample-period-2.sim'
Loader.load: Comments read from file follow:
Loader.load:  Very low "performance sampling period" in the first population to sample performance very often during lifespan
Loader.load:  and avoid overlooking some behavior. Averaged performance of sampled values is returned as the final value.
Loader.load:  See http://www.framsticks.com/a/al_params.html#exper-perfcalc
Loader.load: 
Loader.load:  Before loading this file, load base settings, e.g. "eval-allcriteria.sim".
Loader.load:  Put this file in the "data" subdirectory within the Framsticks distribution.
Simulator.load: Loaded population settings from 'sample-period-2.sim'
Simulator.load: Loading from 'only-body.sim'
Loader.load: Comments read from file follow:
Loader.load:  Turns off mutations in f0, f1, f4, fH related to brain (disables adding and modifying neurons)
Simulator.load: Loaded simulator settings from 'only-body.sim'
Simulator.load: Loading from 'uneven-ground.sim'
Loader.load: Comments read from file follow:
Loader.load:  Produces a microscopically uneven underlying heightfield, where the resting height ("vertpos") is sensitive to the shape of structures,
Loader.load:  because individual Parts settle at different elevations depending on the (world-centered) geometry of the structure.
Simulator.load: Loaded simulator settings from 'uneven-ground.sim'
gen	nevals	avg        	stddev     	min        	max        
0  	100   	-0.00966667	3.46945e-18	-0.00966667	-0.00966667
1  	98    	-0.00953333	0.000163299	-0.00966667	-0.00933333
2  	94    	0.00185778 	0.0451248  	-0.00966667	0.20898    
3  	92    	0.0452651  	0.100336   	-0.00966667	0.44613    
4  	91    	0.142794   	0.134083   	-0.00933333	0.453761   
5  	94    	0.167433   	0.133161   	-0.00933333	0.455006   
6  	92    	0.195388   	0.135422   	-0.009     	0.455006   
7  	93    	0.223389   	0.160179   	-0.00933333	0.753528   
8  	88    	0.255783   	0.1817     	-0.009     	0.758917   
9  	96    	0.280074   	0.195836   	-0.009     	0.758921   
10 	91    	0.298029   	0.22132    	-0.00866667	0.758921   
11 	92    	0.33805    	0.247714   	-0.00866667	0.758917   
12 	93    	0.385433   	0.244242   	-0.00866667	0.758921   
13 	94    	0.358063   	0.244898   	-0.009     	0.758921   
14 	94    	0.343874   	0.254854   	-0.00866667	0.758917   
15 	95    	0.37599    	0.272143   	-0.009     	0.758929   
16 	86    	0.347571   	0.263057   	-0.00866667	0.758929   
17 	92    	0.350739   	0.240106   	-0.00866667	0.758929   
18 	93    	0.350239   	0.251791   	-0.009     	0.758921   
19 	88    	0.387429   	0.241525   	-0.00866667	0.758921   
20 	91    	0.401685   	0.237949   	-0.00866667	0.758929   
21 	93    	0.350238   	0.239639   	-0.00866667	0.758921   
22 	87    	0.411248   	0.265796   	-0.00866667	0.758921   
23 	95    	0.391483   	0.250684   	-0.00866667	0.758921   
24 	93    	0.420038   	0.254038   	-0.00866667	0.758921   
25 	96    	0.394516   	0.251976   	-0.00866667	0.758921   
26 	94    	0.43786    	0.24301    	-0.00866667	0.758921   
27 	95    	0.402416   	0.251285   	-0.00866667	0.758921   
28 	91    	0.364763   	0.252174   	-0.00866667	0.758921   
29 	90    	0.364567   	0.239326   	-0.00866667	0.758921   
30 	87    	0.420495   	0.264902   	-0.00866667	0.758979   
31 	92    	0.413062   	0.247293   	-0.00866667	0.758921   
32 	93    	0.42542    	0.240264   	-0.00866667	0.758921   
33 	96    	0.406687   	0.245748   	-0.00866667	0.758979   
34 	94    	0.39094    	0.255395   	-0.00866667	0.758979   
35 	94    	0.401295   	0.263971   	-0.00866667	0.758979   
36 	90    	0.390549   	0.242132   	-0.00866667	0.758979   
37 	92    	0.361487   	0.256459   	-0.00866667	0.758921   
38 	91    	0.439213   	0.258114   	-0.00866667	0.758979   
39 	95    	0.444796   	0.242292   	-0.00866667	0.758979   
40 	94    	0.364668   	0.25605    	-0.00866667	0.758979   
41 	91    	0.434779   	0.248226   	-0.00866667	0.758979   
42 	91    	0.442352   	0.242532   	-0.00866667	0.758979   
43 	95    	0.43138    	0.221947   	-0.00866667	0.758979   
44 	92    	0.452101   	0.211452   	-0.00866667	0.758979   
45 	93    	0.4405     	0.236189   	-0.00866667	0.758979   
46 	88    	0.481298   	0.230175   	-0.00866667	0.758979   
47 	89    	0.437465   	0.234534   	-0.00866667	0.758979   
48 	89    	0.436224   	0.249545   	-0.00866667	0.758979   
49 	88    	0.45218    	0.222592   	-0.00833333	0.758979   
50 	85    	0.469211   	0.224792   	-0.00866667	0.758979   
51 	93    	0.412648   	0.246898   	-0.00866667	0.758979   
52 	97    	0.393121   	0.22198    	-0.00866667	0.758979   
53 	89    	0.413042   	0.245383   	-0.00866667	0.758979   
54 	93    	0.411899   	0.240661   	-0.00833333	0.758979   
55 	93    	0.393961   	0.238776   	-0.00866667	0.758979   
56 	96    	0.397557   	0.228168   	-0.00866667	0.758979   
57 	95    	0.421745   	0.251068   	-0.00866667	0.758979   
58 	91    	0.454208   	0.226959   	-0.00866667	0.794212   
59 	95    	0.413492   	0.221862   	-0.00866667	0.794177   
60 	91    	0.44156    	0.220345   	-0.00866667	0.794406   
61 	91    	0.418447   	0.259069   	-0.00866667	0.79492    
62 	96    	0.449844   	0.224167   	-0.00866667	0.758979   
63 	90    	0.437801   	0.246231   	-0.00866667	0.758979   
64 	88    	0.443924   	0.244589   	-0.00866667	0.758979   
65 	88    	0.453616   	0.240141   	-0.009     	0.758979   
66 	94    	0.424961   	0.259751   	-0.00866667	0.794212   
67 	92    	0.427771   	0.258155   	-0.009     	0.793684   
68 	89    	0.445402   	0.263928   	-0.009     	0.793898   
69 	89    	0.464701   	0.246073   	-0.00866667	0.794212   
70 	91    	0.441966   	0.266158   	-0.00866667	0.794212   
71 	96    	0.435159   	0.24604    	-0.00866667	0.793898   
72 	91    	0.419089   	0.220352   	-0.00866667	0.793898   
73 	92    	0.432553   	0.235653   	-0.00833333	0.794339   
74 	89    	0.447174   	0.248423   	-0.00833333	0.794339   
75 	91    	0.378172   	0.262696   	-0.00866667	0.794339   
76 	95    	0.422166   	0.25643    	-0.00866667	0.794339   
77 	89    	0.428317   	0.26011    	-0.00866667	0.794339   
78 	94    	0.446965   	0.262597   	-0.00866667	0.794339   
79 	96    	0.39837    	0.256581   	-0.00866667	0.794339   
80 	91    	0.452193   	0.253183   	-0.00866667	0.794339   
81 	94    	0.416869   	0.268853   	-0.00866667	0.794339   
82 	93    	0.413269   	0.265426   	-0.00866667	0.794339   
83 	98    	0.376833   	0.24106    	-0.00866667	0.794339   
84 	95    	0.4246     	0.250284   	-0.00833333	0.794339   
85 	91    	0.454646   	0.252159   	-0.00866667	0.794339   
86 	89    	0.485352   	0.246448   	-0.00866667	0.794339   
87 	96    	0.442214   	0.247138   	-0.00833333	0.794339   
88 	92    	0.40426    	0.260112   	-0.00866667	0.794339   
89 	97    	0.375663   	0.25592    	-0.00866667	0.866504   
90 	94    	0.41566    	0.238151   	-0.00833333	0.866504   
91 	91    	0.437699   	0.249676   	-0.009     	0.866504   
92 	95    	0.394236   	0.245176   	-0.00866667	0.866504   
93 	92    	0.428928   	0.249271   	-0.00866667	0.794339   
94 	95    	0.395778   	0.248341   	-0.00866667	0.866504   
95 	93    	0.402876   	0.250694   	-0.00866667	0.794339   
96 	93    	0.424367   	0.250011   	-0.00866667	0.794339   
97 	90    	0.438771   	0.272691   	-0.008     	0.794339   
98 	88    	0.443795   	0.263045   	-0.00866667	0.794339   
99 	97    	0.377311   	0.268908   	-0.00866667	0.794339   
100	92    	0.40425    	0.257741   	-0.00866667	0.794339   
101	91    	0.463608   	0.249034   	-0.00866667	0.866504   
102	97    	0.42059    	0.262109   	-0.00866667	0.866504   
103	94    	0.450873   	0.262734   	-0.00866667	0.866504   
104	93    	0.372295   	0.269539   	-0.00833333	0.866504   
105	90    	0.380996   	0.276246   	-0.00866667	0.866504   
106	86    	0.410317   	0.280784   	-0.008     	0.866504   
107	96    	0.352082   	0.269362   	-0.00833333	0.866504   
108	91    	0.380159   	0.272947   	-0.00833333	0.866504   
109	93    	0.332815   	0.278426   	0.0370069  	0.866504   
110	93    	0.368706   	0.263545   	0.0423418  	0.866504   
111	94    	0.374542   	0.26988    	-0.00833333	0.866504   
112	95    	0.3774     	0.26412    	0.0367405  	0.866504   
113	91    	0.42007    	0.269      	0.0422583  	0.866504   
114	91    	0.408802   	0.286633   	-0.00866667	0.866504   
115	93    	0.335436   	0.275103   	-0.00766667	0.866504   
116	88    	0.41263    	0.286293   	0.042392   	0.866504   
117	96    	0.336607   	0.268328   	-0.008     	0.866504   
118	90    	0.453808   	0.285949   	-0.00866667	0.866504   
119	92    	0.320739   	0.249239   	0.0369817  	0.866504   
120	95    	0.391295   	0.241463   	-0.008     	0.866504   
121	94    	0.400626   	0.265293   	-0.00866667	0.866504   
122	91    	0.401557   	0.27654    	-0.00866667	0.866504   
123	94    	0.435174   	0.282109   	-0.00866667	0.867293   
124	89    	0.377133   	0.296959   	-0.00866667	0.867293   
125	90    	0.342051   	0.27464    	-0.00866667	0.867293   
126	91    	0.392771   	0.279846   	0.0369464  	0.867293   
127	89    	0.416241   	0.289857   	-0.00766667	0.867293   
128	93    	0.36027    	0.273752   	-0.00733333	0.867293   
129	94    	0.347364   	0.256264   	-0.00766667	0.867293   
130	89    	0.405693   	0.288252   	0.0327517  	0.867293   
131	91    	0.3733     	0.283532   	0.0367293  	0.866504   
132	90    	0.349853   	0.282559   	-0.00766667	0.866504   
133	93    	0.330487   	0.259283   	-0.008     	0.866504   
134	96    	0.321421   	0.260944   	-0.00833333	0.866504   
135	94    	0.366758   	0.265817   	0.0420705  	0.866504   
136	94    	0.365294   	0.266503   	-0.00866667	0.866504   
137	90    	0.380019   	0.271526   	-0.00766667	0.866504   
138	90    	0.382952   	0.262871   	-0.00833333	0.866504   
139	92    	0.399975   	0.247008   	0.0421276  	0.866504   
140	90    	0.410417   	0.266632   	-0.008     	0.866504   
141	91    	0.419257   	0.28323    	0.0422612  	0.866504   
142	94    	0.363734   	0.293598   	-0.008     	0.866504   
143	92    	0.404621   	0.298329   	0.0422795  	0.866504   
144	95    	0.335609   	0.279628   	-0.008     	0.866504   
145	92    	0.408739   	0.274897   	0.0369885  	0.866504   
146	93    	0.385314   	0.300165   	0.0369322  	0.866504   
147	91    	0.39526    	0.305551   	0.0422237  	0.866504   
148	91    	0.360296   	0.286619   	-0.00866667	0.866504   
149	95    	0.397761   	0.276479   	0.0370192  	0.866504   
150	95    	0.387057   	0.281762   	-0.00833333	0.866504   
151	90    	0.32231    	0.264286   	-0.008     	0.866504   
152	91    	0.361259   	0.267605   	0.0422237  	0.866504   
153	98    	0.38821    	0.261457   	-0.00833333	0.866504   
154	85    	0.440499   	0.285196   	-0.00866667	0.868118   
155	97    	0.348657   	0.256238   	-0.00833333	0.868118   
156	90    	0.391683   	0.255251   	-0.00866667	0.868118   
157	90    	0.394546   	0.263382   	-0.008     	0.868118   
158	93    	0.379757   	0.258883   	-0.00866667	0.868118   
159	92    	0.383544   	0.253711   	-0.00833333	0.868118   
160	89    	0.420455   	0.279045   	-0.00866667	0.868118   
161	88    	0.373141   	0.267191   	-0.00833333	0.868118   
162	93    	0.3717     	0.275011   	0.0422612  	0.868118   
163	88    	0.372905   	0.284068   	-0.00866667	0.868118   
164	91    	0.386389   	0.272315   	0.0370367  	0.868118   
165	91    	0.321967   	0.272888   	-0.00833333	0.868118   
166	91    	0.399213   	0.268879   	0.0422583  	0.868118   
167	96    	0.376014   	0.269109   	0.0422246  	0.868118   
168	90    	0.389601   	0.265098   	0.0424302  	0.868118   
169	94    	0.388188   	0.268495   	-0.008     	0.868118   
170	90    	0.405182   	0.291862   	-0.00866667	0.868118   
171	96    	0.345818   	0.269434   	-0.00866667	0.868118   
172	91    	0.384216   	0.271752   	-0.00766667	0.868118   
173	89    	0.346731   	0.280905   	-0.00866667	0.868118   
174	91    	0.341755   	0.256527   	-0.00766667	0.868118   
175	94    	0.33448    	0.253558   	-0.00866667	0.868118   
176	95    	0.3465     	0.249716   	0.0366216  	0.868118   
177	96    	0.360897   	0.223589   	0.0420127  	0.868118   
178	93    	0.373629   	0.246201   	0.0423346  	0.868118   
179	95    	0.354548   	0.279641   	-0.008     	0.868118   
180	89    	0.374927   	0.283461   	0.0420373  	0.868118   
181	95    	0.324647   	0.248979   	0.0420373  	0.868118   
182	89    	0.384603   	0.263744   	-0.00866667	0.868118   
183	88    	0.384662   	0.288482   	0.0366216  	0.868118   
184	96    	0.302767   	0.255524   	0.0369728  	0.868118   
185	93    	0.374021   	0.255863   	-0.008     	0.868118   
186	92    	0.351975   	0.25128    	-0.00833333	0.868118   
187	92    	0.426935   	0.277572   	-0.008     	0.868118   
188	95    	0.340965   	0.260816   	0.0370049  	0.868118   
189	89    	0.392604   	0.26516    	0.0489228  	0.868118   
190	91    	0.359767   	0.282625   	-0.00766667	0.868118   
191	94    	0.391524   	0.261121   	0.0421849  	0.868118   
192	92    	0.418998   	0.261343   	-0.00833333	0.868118   
193	96    	0.372401   	0.263058   	-0.00866667	0.868118   
194	93    	0.398603   	0.243779   	0.0424557  	0.868118   
195	89    	0.377327   	0.255508   	-0.00866667	0.868118   
196	87    	0.397359   	0.268922   	-0.00766667	0.868118   
197	92    	0.359148   	0.265778   	-0.00866667	0.868118   
198	86    	0.402561   	0.286419   	0.0420373  	0.868118   
199	94    	0.320426   	0.269388   	0.0369728  	0.868118   
200	94    	0.34586    	0.271529   	-0.00833333	0.868118   
201	95    	0.34871    	0.262024   	-0.00866667	0.868118   
202	87    	0.370137   	0.281289   	-0.00866667	0.868118   
203	94    	0.357076   	0.264514   	-0.00766667	0.868118   
204	93    	0.377473   	0.275626   	-0.00866667	0.868118   
205	93    	0.392254   	0.281364   	-0.008     	0.868118   
206	91    	0.374358   	0.298226   	0.0420859  	0.868118   
207	91    	0.309338   	0.263481   	-0.00766667	0.868118   
208	91    	0.357004   	0.269474   	-0.00866667	0.868118   
209	94    	0.321755   	0.247704   	-0.00833333	0.868118   
210	88    	0.361611   	0.275914   	-0.008     	0.868118   
211	93    	0.34566    	0.265197   	-0.008     	0.868118   
212	90    	0.388535   	0.268695   	0.0420373  	0.868118   
213	96    	0.35172    	0.271251   	0.042327   	0.868118   
214	91    	0.387242   	0.275114   	-0.008     	0.868118   
215	95    	0.414902   	0.267836   	-0.008     	0.868118   
216	91    	0.382942   	0.263893   	0.0421849  	0.868118   
217	90    	0.373408   	0.27145    	-0.00833333	0.868118   
218	86    	0.421069   	0.304654   	-0.00866667	0.868118   
219	91    	0.365847   	0.282429   	-0.00866667	0.868118   
220	92    	0.42516    	0.280043   	-0.00833333	0.868118   
221	88    	0.399063   	0.276892   	0.0489228  	0.868118   
222	94    	0.391399   	0.274284   	0.0366216  	0.868118   
223	95    	0.379303   	0.272276   	0.0371407  	0.868118   
224	93    	0.370576   	0.271      	-0.00833333	0.868118   
225	92    	0.388231   	0.258224   	0.0420373  	0.868118   
226	87    	0.408879   	0.282398   	-0.008     	0.868118   
227	93    	0.397303   	0.300652   	-0.008     	0.868118   
228	90    	0.390112   	0.285423   	0.0422246  	0.868118   
229	94    	0.38762    	0.28132    	-0.00833333	0.868118   
230	85    	0.419223   	0.293005   	-0.00866667	0.868118   
231	91    	0.391682   	0.288185   	0.0421478  	0.868118   
232	91    	0.313839   	0.275823   	0.0371064  	0.868118   
233	92    	0.392284   	0.279759   	0.0421633  	0.868118   
234	92    	0.382693   	0.289563   	-0.008     	0.868118   
235	94    	0.396548   	0.289136   	-0.00833333	0.868118   
236	88    	0.418008   	0.297511   	0.0370049  	0.868118   
237	97    	0.344704   	0.265479   	0.0423776  	0.868118   
238	97    	0.394003   	0.23822    	-0.008     	0.868118   
239	93    	0.371085   	0.25061    	-0.00866667	0.868118   
240	94    	0.440073   	0.245281   	-0.00833333	0.868118   
241	94    	0.38302    	0.268841   	-0.00866667	0.868118   
242	91    	0.394806   	0.256589   	-0.00833333	0.868118   
243	94    	0.394026   	0.258475   	-0.00833333	0.868118   
244	90    	0.385997   	0.283912   	-0.008     	0.868118   
245	93    	0.333029   	0.277318   	0.0422246  	0.868118   
246	95    	0.41274    	0.281217   	0.0422254  	0.868118   
247	94    	0.383435   	0.285836   	-0.008     	0.890876   
248	89    	0.361613   	0.281705   	-0.00833333	0.890876   
249	96    	0.317692   	0.24446    	-0.00833333	0.891422   
250	86    	0.360169   	0.246911   	-0.00866667	0.891422   
251	95    	0.353917   	0.27662    	-0.00866667	0.891422   
252	92    	0.376871   	0.268314   	-0.009     	0.891422   
253	95    	0.310461   	0.236139   	-0.008     	0.891422   
254	95    	0.366413   	0.22703    	-0.00833333	0.891422   
255	90    	0.37702    	0.254053   	-0.00833333	0.891422   
256	93    	0.430121   	0.264698   	-0.00833333	0.891422   
257	92    	0.369306   	0.239918   	-0.00833333	0.891422   
258	96    	0.373585   	0.263619   	-0.00833333	0.891422   
259	97    	0.383587   	0.250128   	-0.00833333	0.890876   
260	92    	0.383612   	0.254497   	-0.00766667	0.891422   
261	91    	0.374824   	0.249231   	-0.008     	0.891422   
262	94    	0.372783   	0.245992   	-0.008     	0.891422   
263	92    	0.341004   	0.253242   	-0.00866667	0.891422   
264	93    	0.383529   	0.270925   	-0.00833333	0.891422   
265	96    	0.387607   	0.267923   	-0.00833333	0.891422   
266	84    	0.393156   	0.266558   	-0.00833333	0.891422   
267	93    	0.372173   	0.244931   	-0.00833333	0.891422   
268	93    	0.389599   	0.264432   	-0.00833333	0.891422   
269	95    	0.365435   	0.239946   	-0.00833333	0.891422   
270	92    	0.341019   	0.246914   	-0.008     	0.891422   
271	93    	0.355593   	0.270628   	-0.00833333	0.891422   
272	92    	0.404602   	0.266689   	-0.00833333	0.891422   
273	91    	0.366531   	0.269408   	-0.00833333	0.891422   
274	94    	0.397119   	0.286418   	-0.00833333	0.891422   
275	96    	0.391805   	0.24944    	0.056746   	0.891422   
276	89    	0.381851   	0.27135    	-0.00833333	0.891422   
277	92    	0.394304   	0.270459   	-0.00833333	0.891422   
278	93    	0.401665   	0.270805   	-0.00833333	0.891422   
279	96    	0.303749   	0.248894   	-0.00833333	0.891422   
280	88    	0.390676   	0.268655   	-0.00866667	0.891422   
281	93    	0.40335    	0.279729   	-0.00833333	0.891422   
282	93    	0.346963   	0.285532   	-0.00833333	0.891422   
283	90    	0.377055   	0.26035    	-0.00766667	0.891422   
284	94    	0.353648   	0.253552   	-0.00833333	0.964594   
285	94    	0.33746    	0.233746   	-0.00833333	0.964594   
286	94    	0.3588     	0.251094   	-0.00866667	0.964594   
287	95    	0.334982   	0.233395   	-0.00833333	0.964594   
288	95    	0.388029   	0.263198   	-0.008     	0.964594   
289	91    	0.424879   	0.286412   	-0.00833333	0.964594   
290	91    	0.397636   	0.276688   	-0.008     	0.964594   
291	97    	0.386685   	0.265543   	0.0575087  	0.964594   
292	92    	0.409472   	0.27752    	-0.00866667	0.964594   
293	91    	0.350574   	0.298466   	-0.00833333	0.964594   
294	88    	0.385445   	0.28086    	-0.00766667	0.964594   
295	92    	0.368726   	0.281449   	-0.00766667	0.964594   
296	90    	0.401563   	0.276637   	-0.008     	0.964594   
297	96    	0.344071   	0.261879   	-0.00866667	0.964594   
298	93    	0.368614   	0.25694    	-0.00833333	0.964153   
299	91    	0.390602   	0.275396   	-0.00833333	0.964594   
300	94    	0.421868   	0.267227   	0.057465   	0.964594   
Best individuals:
(0.964594088663543,) 	<--	 /*9*/FBLRUUUL
Saved 'C:\Users\alex3\Projects\AI sem 1\sem-1\BIA\Evolutionary Design\runs\2026-09-07_213255\gens\HoF-f9-5.gen' (1)
C:\Users\alex3\Projects\AI sem 1\sem-1\BIA\Evolutionary Design\stats\2026-09-07_22\HoF-f9-5.logbook.pkl
VMNeuronManager.autoload: Neuro classes added: Delay Light Nn PIDP PIDV SeeLight SeeLight2 S0 S1 Thr 
UserScripts.autoload: 20 user scripts added.
