Argument values: path=C:\Users\alex3\Projects\AI sem 1\sem-1\BIA\Evolutionary Design\Framsticks55, lib=None, sim=eval-allcriteria.sim;deterministic.sim;sample-period-2.sim;only-body.sim;uneven-ground.sim, genformat=0, initialgenotype=None, opt=vertpos, popsize=100, generations=300, tournament=10, pmut=0.9, pxov=0.2, hof_size=1, hof_savefile=C:\Users\alex3\Projects\AI sem 1\sem-1\BIA\Evolutionary Design\runs\2026-09-07_213255\gens\HoF-f0-2.gen, save_stats=C:\Users\alex3\Projects\AI sem 1\sem-1\BIA\Evolutionary Design\stats, max_numparts=30, max_numjoints=None, max_numneurons=None, max_numconnections=None, max_numgenochars=None
Using Framsticks version: 5.5
Home (writable) dir     : C:\Users\alex3\Projects\AI sem 1\sem-1\BIA\Evolutionary Design\Framsticks55\data
Resources dir           : C:\Users\alex3\Projects\AI sem 1\sem-1\BIA\Evolutionary Design\Framsticks55\data

Available objects: ['CheckpointEvent', 'Collision', 'CrCollision', 'Creature', 'CreatureSettings', 'CreatureSignals', 'CreatureSnapshot', 'Dictionary', 'ExpProperties', 'ExpState', 'ExtValue', 'File', 'FunctionReference', 'GenMan', 'GenManStats', 'GenePool', 'GenePools', 'Geno', 'GenoConverters', 'Genotype', 'Interface', 'Joint', 'Loader', 'Math', 'MechJoint', 'MechPart', 'MessageCatcher', 'Model', 'ModelGeometry', 'ModelSymmetry', 'Neuro', 'NeuroClass', 'NeuroClassLibrary', 'NeuroDef', 'NeuroSignals', 'NeuronsSimEnabled', 'ODE', 'Orient', 'Part', 'Population', 'Populations', 'Ref', 'Signal', 'SignalView', 'SimilMeasure', 'SimilMeasureDistribution', 'SimilMeasureGreedy', 'SimilMeasureHungarian', 'Simulator', 'SlaveSimulators', 'StopEvent', 'String', 'UserScripts', 'Vector', 'WireframeAppearance', 'World', 'WorldMap', 'WorldSignals', 'XYZ', '__builtins__', '__cached__', '__doc__', '__file__', '__loader__', '__name__', '__package__', '__spec__', 'c_api', 'ctypes', 'home_dir', 'init', 'os', 're', 'res_dir', 'sim_params', 'stats', 'sys']

Basic tests OK. Using settings: ['eval-allcriteria.sim', 'deterministic.sim', 'sample-period-2.sim', 'only-body.sim', 'uneven-ground.sim']

Simulator.load: Loading from 'eval-allcriteria.sim'
Loader.load: Comments read from file follow:
Loader.load:  Sample settings for evaluating many criteria of performance of a Framsticks creature.
Loader.load:  See the "evalcount" parameter if you want to speed the evaluation up or have a more stable result.
Loader.load:  Other important parameters are "Energy0" and "perfperiod".
Loader.load:  Put this file in the "data" subdirectory within the Framsticks distribution.
Simulator.load: Loaded genepool settings, 2 population settings, simulator settings from 'eval-allcriteria.sim'
Simulator.load: Loading from 'deterministic.sim'
Loader.load: Comments read from file follow:
Loader.load:  Parameter values that make the evaluation of a Framsticks creature deterministic.
Loader.load:  The values turn off random noise, so evaluation of the same genotype will always yield the same performance.
Loader.load:  The advantage is that you do not need to evaluate a genotype many times, and performance values are reliable.
Loader.load:  The disadvantage is that evolved creatures are "overfitting", i.e. rely entirely on the specific environment,
Loader.load:  and their behavior may be different in any other environment or (even slightly) changed conditions or parameter values,
Loader.load:  so each creature evolved using these settings must be later inspected using exactly the same setup.
Loader.load: 
Loader.load:  Before loading this file, load base settings, e.g. "eval-allcriteria.sim".
Loader.load:  Put this file in the "data" subdirectory within the Framsticks distribution.
Simulator.load: Loaded simulator settings from 'deterministic.sim'
Simulator.load: Loading from 'sample-period-2.sim'
Loader.load: Comments read from file follow:
Loader.load:  Very low "performance sampling period" in the first population to sample performance very often during lifespan
Loader.load:  and avoid overlooking some behavior. Averaged performance of sampled values is returned as the final value.
Loader.load:  See http://www.framsticks.com/a/al_params.html#exper-perfcalc
Loader.load: 
Loader.load:  Before loading this file, load base settings, e.g. "eval-allcriteria.sim".
Loader.load:  Put this file in the "data" subdirectory within the Framsticks distribution.
Simulator.load: Loaded population settings from 'sample-period-2.sim'
Simulator.load: Loading from 'only-body.sim'
Loader.load: Comments read from file follow:
Loader.load:  Turns off mutations in f0, f1, f4, fH related to brain (disables adding and modifying neurons)
Simulator.load: Loaded simulator settings from 'only-body.sim'
Simulator.load: Loading from 'uneven-ground.sim'
Loader.load: Comments read from file follow:
Loader.load:  Produces a microscopically uneven underlying heightfield, where the resting height ("vertpos") is sensitive to the shape of structures,
Loader.load:  because individual Parts settle at different elevations depending on the (world-centered) geometry of the structure.
Simulator.load: Loaded simulator settings from 'uneven-ground.sim'
gen	nevals	avg        	stddev     	min        	max        
0  	100   	-0.00966667	3.46945e-18	-0.00966667	-0.00966667
1  	91    	-0.00968   	0.000114698	-0.01      	-0.00933333
2  	93    	-0.00868917	0.00645799 	-0.01      	0.0465621  
3  	88    	0.00236909 	0.0310048  	-0.01      	0.238616   
4  	96    	0.045141   	0.0522424  	-0.00966667	0.238616   
5  	89    	0.13619    	0.0846834  	-0.00966667	0.312389   
6  	95    	0.201863   	0.0963195  	-0.00933333	0.519579   
Problem "'NoneType' object is not subscriptable" so could not evaluate genotype "//0
p:fr=0.975
p:ing=0.139
p:1.0
p:-0.143, -0.943, -1.238
j:2, 0
j:1, 0, rotstif=0.864
j:1, 2
j:3, 1, rotstif=0.861
", hence assigned it a special ("infeasible solution") fitness value: [-999999.0]
7  	90    	0.264775   	0.108936   	-0.00933333	0.519579   
Selection: ignoring 1 infeasible solution in a population of size 100
8  	100   	0.377591   	0.131404   	-0.00933333	0.63635    
9  	95    	0.447733   	0.150247   	-0.00933333	0.720285   
10 	93    	0.534035   	0.164364   	-0.00866667	0.776798   
11 	94    	0.621468   	0.147303   	0.146145   	0.796415   
12 	90    	0.637748   	0.208861   	-0.00933333	0.824258   
13 	91    	0.721446   	0.166203   	0.0312235  	0.929595   
14 	92    	0.732408   	0.224704   	-0.009     	1.00587    
15 	95    	0.814452   	0.249595   	0.0200454  	1.32665    
16 	89    	0.880515   	0.27303    	0.0900721  	1.32665    
17 	91    	0.916478   	0.376088   	0.0892335  	1.32676    
18 	94    	1.12606    	0.373406   	0.126294   	1.34527    
19 	90    	1.15414    	0.350704   	0.212227   	1.35799    
20 	94    	1.06465    	0.436762   	0.160975   	1.39842    
21 	93    	1.06597    	0.455334   	0.153858   	1.41272    
22 	91    	1.12333    	0.431431   	0.16573    	1.41767    
23 	89    	1.15087    	0.412983   	0.212641   	1.41767    
24 	86    	1.08673    	0.462003   	0.249545   	1.44076    
25 	95    	1.10447    	0.462803   	0.271437   	1.44076    
26 	97    	1.08347    	0.490115   	0.26164    	1.44076    
27 	96    	1.08369    	0.488268   	0.147749   	1.45554    
28 	92    	1.18816    	0.451053   	0.147764   	1.49304    
29 	86    	1.18989    	0.443986   	0.150498   	1.49304    
30 	91    	1.19003    	0.461238   	0.148965   	1.49304    
31 	89    	1.20228    	0.466602   	0.234399   	1.49304    
32 	95    	1.20956    	0.453653   	0.227185   	1.5125     
33 	91    	1.16889    	0.495951   	0.143922   	1.5125     
34 	93    	1.1985     	0.480395   	0.143816   	1.53275    
35 	89    	1.14647    	0.514193   	0.2078     	1.53275    
36 	93    	1.15485    	0.529378   	0.208139   	1.53397    
37 	96    	1.12238    	0.538957   	0.171546   	1.55359    
38 	94    	1.16543    	0.535247   	0.17147    	1.55359    
39 	92    	1.16833    	0.547794   	0.244544   	1.58305    
40 	89    	1.21285    	0.518521   	0.246467   	1.58305    
41 	92    	1.04092    	0.576539   	0.246013   	1.59567    
Problem "'NoneType' object is not subscriptable" so could not evaluate genotype "//0
p:-0.465, 0.336, 0.463, ing=0.043
p:1.484914343347558, 0.060479133438743615, 0.8110263577615869, ing=0.19
p:0.61908904135432, 1.1863380935580574, -0.9864399322012345, fr=0.518, ing=0.028
p:-0.27118519671165847, -0.7413309335937541, -1.2106170175844626
p:-0.994, 1.237, -0.952, ing=0.331
p:-0.23274523622962762, -0.8512861237817257, 1.2774271772424466, fr=0.571
p:-0.775, 0.389, 2.417, fr=0.451
p:-0.8108243351671026, 1.492012424881846, 4.08471707659486
p:-0.465, 0.336, 0.463
j:0, 1, stif=0.834
j:3, 0, rotstif=0.993
j:5, 1
j:4, 0, rotstif=0.947
j:2, 0, rotstif=0.979
j:6, 0
j:7, 6
j:8, 0
", hence assigned it a special ("infeasible solution") fitness value: [-999999.0]
42 	94    	1.14249    	0.578472   	0.169959   	1.59567    
Selection: ignoring 1 infeasible solution in a population of size 100
43 	95    	1.1294     	0.588108   	0.173659   	1.60948    
44 	91    	1.1436     	0.597755   	0.187001   	1.61454    
45 	93    	1.16223    	0.586166   	0.172899   	1.61454    
46 	92    	1.00366    	0.61167    	0.172678   	1.61454    
47 	93    	1.11646    	0.596701   	0.24189    	1.61454    
48 	89    	1.07271    	0.603389   	0.239283   	1.61482    
49 	92    	1.09668    	0.605414   	0.248077   	1.61482    
50 	87    	1.00248    	0.618413   	0.239225   	1.61482    
51 	95    	1.17744    	0.579607   	0.242122   	1.61482    
52 	95    	1.12807    	0.600103   	0.239372   	1.61559    
53 	89    	1.19123    	0.575309   	0.239372   	1.61559    
54 	93    	1.0402     	0.620435   	0.172555   	1.61559    
55 	92    	1.10627    	0.607366   	0.239476   	1.61559    
56 	95    	1.15382    	0.600503   	0.231831   	1.61559    
57 	95    	1.07755    	0.604237   	0.172555   	1.61559    
58 	90    	1.12967    	0.597736   	0.17262    	1.61559    
59 	94    	1.00209    	0.608849   	0.25453    	1.61559    
60 	93    	1.18919    	0.5822     	0.239312   	1.61559    
61 	87    	1.06953    	0.604047   	0.242135   	1.61559    
62 	93    	1.09189    	0.611623   	0.172579   	1.61559    
63 	88    	1.17628    	0.591394   	0.242115   	1.61559    
64 	85    	1.12071    	0.592386   	0.224249   	1.61751    
65 	95    	1.09097    	0.611831   	0.23268    	1.61751    
66 	95    	1.14173    	0.595041   	0.247973   	1.61853    
67 	86    	1.2691     	0.545648   	0.243349   	1.61968    
68 	83    	1.18628    	0.58059    	0.242717   	1.61968    
69 	94    	1.06121    	0.613909   	0.172672   	1.61968    
70 	93    	1.1517     	0.600889   	0.17263    	1.61968    
71 	92    	1.09502    	0.604882   	0.172494   	1.61968    
72 	92    	1.12745    	0.609704   	0.248468   	1.63382    
73 	89    	1.19109    	0.587769   	0.249087   	1.63536    
74 	93    	1.09886    	0.616454   	0.182406   	1.63536    
75 	97    	1.03666    	0.627479   	0.238713   	1.64761    
76 	88    	1.21203    	0.588725   	0.243375   	1.64761    
77 	91    	1.18877    	0.597687   	0.238716   	1.64787    
78 	96    	1.10638    	0.622305   	0.182338   	1.64787    
79 	91    	1.09328    	0.607269   	0.238757   	1.64787    
80 	92    	1.17072    	0.610356   	0.23944    	1.64793    
81 	89    	1.18674    	0.606416   	0.245738   	1.64793    
82 	96    	0.981855   	0.626662   	0.245542   	1.64793    
83 	89    	1.20588    	0.595111   	0.263524   	1.64793    
84 	93    	1.12669    	0.617173   	0.272028   	1.64793    
85 	92    	1.17964    	0.590907   	0.269223   	1.64845    
86 	93    	1.13012    	0.606562   	0.264735   	1.64845    
87 	93    	1.22687    	0.575509   	0.276709   	1.64851    
88 	91    	1.20173    	0.602426   	0.244585   	1.64859    
89 	94    	0.977774   	0.629723   	0.182308   	1.64863    
90 	92    	1.1211     	0.62701    	0.182199   	1.64863    
91 	94    	1.12237    	0.603231   	0.244984   	1.64868    
92 	92    	1.05487    	0.628013   	0.182299   	1.64869    
93 	93    	1.18692    	0.612394   	0.239584   	1.64879    
94 	94    	1.24184    	0.583214   	0.239584   	1.64879    
95 	94    	1.05012    	0.636692   	0.239584   	1.64879    
96 	95    	1.13528    	0.618427   	0.245715   	1.64881    
97 	92    	1.24904    	0.584466   	0.267981   	1.64881    
98 	94    	1.18563    	0.595506   	0.244496   	1.64983    
99 	94    	1.22168    	0.602123   	0.261707   	1.64983    
100	96    	1.10117    	0.618303   	0.261707   	1.65044    
101	91    	1.13299    	0.602247   	0.18477    	1.65125    
102	92    	1.16272    	0.606554   	0.240903   	1.65125    
103	95    	1.09931    	0.626145   	0.176741   	1.65125    
104	90    	1.16149    	0.609833   	0.184624   	1.65157    
105	90    	1.06131    	0.634612   	0.176491   	1.65157    
106	92    	1.06152    	0.628175   	0.241261   	1.65157    
107	88    	1.2146     	0.597981   	0.176568   	1.65158    
108	91    	1.30019    	0.549481   	0.176884   	1.65196    
109	93    	1.12294    	0.622525   	0.176882   	1.65196    
110	95    	1.12313    	0.621599   	0.178557   	1.65196    
111	89    	1.13029    	0.610833   	0.176884   	1.65196    
112	93    	1.0226     	0.621063   	0.176587   	1.65196    
113	93    	1.04691    	0.636956   	0.176884   	1.65196    
114	94    	1.1057     	0.62713    	0.176802   	1.65196    
115	87    	1.1573     	0.605061   	0.184747   	1.65196    
116	96    	1.04158    	0.626152   	0.176884   	1.65196    
117	92    	1.07152    	0.633618   	0.176683   	1.65196    
118	92    	1.01364    	0.636211   	0.176883   	1.65196    
119	89    	1.04701    	0.635638   	0.176693   	1.65196    
120	91    	1.05247    	0.619807   	0.251518   	1.65196    
121	95    	1.10331    	0.623485   	0.176884   	1.65196    
122	94    	1.1077     	0.61343    	0.240937   	1.65196    
123	86    	1.16753    	0.621838   	0.177875   	1.65196    
124	92    	1.07419    	0.63302    	0.176884   	1.65196    
125	93    	1.20227    	0.579308   	0.184674   	1.65196    
126	94    	1.13613    	0.62143    	0.176799   	1.65198    
127	97    	1.23356    	0.588111   	0.238467   	1.65198    
128	89    	1.15368    	0.613451   	0.176892   	1.65198    
129	87    	1.15535    	0.603015   	0.268603   	1.652      
130	92    	1.1199     	0.597323   	0.272714   	1.652      
131	95    	1.0838     	0.617786   	0.184642   	1.652      
132	94    	1.16088    	0.612617   	0.184642   	1.652      
133	94    	1.0106     	0.629048   	0.236022   	1.652      
134	91    	1.18251    	0.611891   	0.224539   	1.652      
135	93    	1.16273    	0.616985   	0.184642   	1.652      
136	90    	1.13085    	0.607376   	0.236501   	1.65202    
137	85    	1.13686    	0.617906   	0.18464    	1.65202    
138	94    	1.10442    	0.616673   	0.236227   	1.65202    
139	93    	1.10041    	0.61773    	0.184755   	1.65203    
140	92    	1.22833    	0.597921   	0.240105   	1.65203    
141	93    	1.20662    	0.601398   	0.268495   	1.65203    
142	91    	1.12324    	0.63141    	0.24025    	1.65203    
143	91    	1.14835    	0.625417   	0.237518   	1.65203    
144	98    	1.02932    	0.628344   	0.184752   	1.65203    
145	86    	1.20564    	0.600285   	0.247024   	1.65208    
146	88    	1.04806    	0.629123   	0.247491   	1.65208    
147	93    	1.0717     	0.629009   	0.208732   	1.65208    
148	95    	1.20478    	0.598774   	0.247477   	1.65211    
149	94    	1.22049    	0.585738   	0.236554   	1.65218    
150	91    	1.1346     	0.610515   	0.197302   	1.65218    
151	88    	1.02449    	0.63181    	0.235118   	1.65218    
152	94    	1.14231    	0.610844   	0.268422   	1.65218    
153	92    	1.13448    	0.621565   	0.236059   	1.65218    
154	92    	1.13968    	0.622618   	0.184627   	1.65218    
155	95    	1.08591    	0.622345   	0.240239   	1.65223    
156	93    	1.16087    	0.603292   	0.18455    	1.65223    
157	89    	1.10197    	0.628079   	0.240228   	1.65223    
158	94    	1.12273    	0.621798   	0.235911   	1.65223    
159	91    	1.15549    	0.585658   	0.272779   	1.65226    
160	93    	1.09613    	0.611386   	0.240273   	1.65226    
161	92    	1.14312    	0.617609   	0.184494   	1.65384    
162	95    	1.02873    	0.631932   	0.235205   	1.65384    
163	91    	1.15669    	0.624028   	0.184494   	1.6576     
164	88    	1.07092    	0.63265    	0.265727   	1.6576     
165	90    	1.17058    	0.618422   	0.22589    	1.6576     
166	94    	1.08668    	0.630135   	0.183823   	1.6576     
167	91    	1.05176    	0.633763   	0.239866   	1.6576     
168	91    	1.11353    	0.638114   	0.183818   	1.6576     
169	95    	1.10209    	0.622633   	0.225613   	1.6576     
170	91    	1.19145    	0.613073   	0.183818   	1.6576     
171	89    	1.09209    	0.616677   	0.249516   	1.6576     
172	91    	1.11108    	0.6227     	0.183928   	1.6576     
173	93    	1.09467    	0.623788   	0.246625   	1.6576     
174	90    	1.09798    	0.619682   	0.234157   	1.6576     
175	91    	1.13383    	0.617901   	0.276765   	1.6576     
176	83    	1.18277    	0.609244   	0.235423   	1.6576     
177	91    	1.05692    	0.638229   	0.176798   	1.6576     
178	88    	1.22855    	0.59114    	0.226029   	1.6576     
179	94    	1.03959    	0.635612   	0.18787    	1.6576     
180	94    	1.14875    	0.619299   	0.207558   	1.6576     
181	94    	1.12136    	0.610453   	0.205166   	1.6576     
182	93    	0.987367   	0.62214    	0.233594   	1.6576     
183	93    	1.22365    	0.584534   	0.249241   	1.6576     
184	91    	1.18022    	0.612007   	0.184089   	1.6576     
185	98    	1.03416    	0.619975   	0.30667    	1.6576     
186	95    	1.06469    	0.63595    	0.183964   	1.6576     
187	91    	1.0936     	0.642219   	0.184094   	1.6576     
188	89    	1.12997    	0.61744    	0.246705   	1.6576     
189	92    	1.07658    	0.627855   	0.233866   	1.6576     
190	92    	1.14785    	0.616226   	0.24675    	1.6576     
191	91    	0.973595   	0.626321   	0.184058   	1.6576     
192	90    	0.988348   	0.624222   	0.233866   	1.6576     
193	93    	1.03081    	0.634055   	0.18422    	1.6576     
194	89    	1.19464    	0.613575   	0.184058   	1.6576     
195	92    	1.15006    	0.606137   	0.247732   	1.6576     
196	88    	1.09675    	0.638415   	0.183771   	1.6576     
197	96    	1.06079    	0.615639   	0.233652   	1.6576     
198	95    	1.02033    	0.634206   	0.180972   	1.6576     
199	95    	1.08596    	0.626023   	0.180972   	1.6576     
200	94    	1.12963    	0.614562   	0.233652   	1.6576     
201	94    	1.00932    	0.640889   	0.231394   	1.6576     
202	89    	1.17382    	0.595497   	0.233534   	1.6576     
203	92    	1.09383    	0.63105    	0.249993   	1.6576     
204	89    	1.15259    	0.617076   	0.265073   	1.6576     
205	95    	1.02039    	0.640556   	0.246595   	1.6576     
206	90    	1.25441    	0.58119    	0.24964    	1.6576     
207	91    	1.2064     	0.587144   	0.183708   	1.6576     
208	90    	1.12408    	0.629233   	0.233343   	1.6576     
209	86    	1.21058    	0.588321   	0.233534   	1.6576     
210	88    	1.09302    	0.632632   	0.249893   	1.6576     
211	93    	1.13468    	0.609592   	0.239444   	1.6576     
212	94    	1.03345    	0.631453   	0.183629   	1.6576     
213	94    	1.08341    	0.648114   	0.183696   	1.6576     
214	96    	1.10529    	0.618474   	0.265053   	1.6576     
215	90    	1.12743    	0.608084   	0.265046   	1.6576     
216	92    	1.04532    	0.635106   	0.183815   	1.6576     
217	93    	1.19173    	0.602734   	0.23961    	1.6576     
218	91    	1.10607    	0.62524    	0.239359   	1.6576     
219	99    	1.07092    	0.638743   	0.24643    	1.6576     
220	92    	1.09844    	0.628163   	0.233885   	1.6576     
221	93    	1.19227    	0.602031   	0.183636   	1.6576     
222	94    	1.0395     	0.640005   	0.246878   	1.6576     
223	96    	1.00496    	0.637125   	0.183623   	1.6576     
224	95    	1.12258    	0.625284   	0.183747   	1.6576     
225	93    	1.04793    	0.627642   	0.18378    	1.6576     
226	94    	1.24838    	0.576056   	0.254081   	1.6576     
227	89    	1.09751    	0.615722   	0.183857   	1.6576     
228	95    	1.07047    	0.625803   	0.234026   	1.6576     
229	94    	1.08137    	0.634424   	0.233613   	1.6576     
230	91    	1.1803     	0.606326   	0.23363    	1.6576     
231	88    	1.11063    	0.629796   	0.20876    	1.6576     
232	91    	1.12703    	0.603116   	0.26506    	1.6576     
233	87    	1.0704     	0.633058   	0.239726   	1.6576     
234	90    	1.17042    	0.606254   	0.225889   	1.6576     
235	94    	1.09376    	0.628738   	0.211146   	1.6576     
236	94    	0.972879   	0.604729   	0.239726   	1.6576     
237	86    	1.11682    	0.632292   	0.183852   	1.6576     
238	95    	1.13028    	0.613005   	0.233076   	1.6576     
239	94    	1.21897    	0.599975   	0.233656   	1.6576     
240	89    	1.08525    	0.622572   	0.183826   	1.6576     
241	95    	1.10469    	0.613735   	0.233446   	1.6576     
242	95    	1.11333    	0.625008   	0.183796   	1.6576     
243	91    	1.19385    	0.58498    	0.234718   	1.6576     
244	92    	1.09205    	0.630803   	0.233674   	1.6576     
245	93    	1.12869    	0.62083    	0.183858   	1.6576     
246	91    	1.16732    	0.609849   	0.226352   	1.6576     
247	92    	1.12888    	0.616477   	0.234383   	1.6576     
248	89    	1.13961    	0.601646   	0.20573    	1.6576     
249	91    	1.08205    	0.621428   	0.239578   	1.6576     
250	92    	1.11379    	0.616209   	0.183734   	1.6576     
251	92    	1.21389    	0.595031   	0.183854   	1.6576     
252	91    	1.16291    	0.606617   	0.197634   	1.6576     
253	96    	1.12772    	0.604211   	0.183637   	1.6576     
254	94    	1.07636    	0.62739    	0.183696   	1.6576     
255	93    	1.16421    	0.611552   	0.183711   	1.6576     
256	93    	1.06828    	0.632323   	0.2258     	1.6576     
257	93    	1.20324    	0.596696   	0.18368    	1.6576     
258	93    	1.16576    	0.622801   	0.183851   	1.6576     
259	92    	1.17971    	0.590355   	0.230531   	1.6576     
260	92    	1.13904    	0.611285   	0.200323   	1.6576     
Problem "'NoneType' object is not subscriptable" so could not evaluate genotype "//0
p:-0.465, 0.336, 0.463, fr=0.142, ing=0.178
p:1.4132884874151832, 0.2997660719320324, 1.1485067472318187, fr=0.819, ing=0.028
p:0.61908904135432, 1.1863380935580574, -0.9864399322012345, fr=1.067, ing=0.28
p:-0.27118519671165847, -0.7413309335937541, -1.2106170175844626, fr=1.62, ing=0.483
p:-0.994, 1.237, -0.952, fr=0.376, ing=0.015
p:-0.2889852916439717, -0.7122481169197482, 1.4265198812566977, fr=2.314, ing=0.066
p:-0.775, 0.389, 2.417, fr=1.091, ing=0.554
p:-0.8108243351671026, 1.492012424881846, 4.08471707659486, fr=0.361, ing=0.033
p:-0.465, 0.336, 0.463
j:0, 1, stif=0.994, rotstif=0.884
j:3, 0, stif=0.993, rotstif=0.872
j:5, 1, stif=0.732, rotstif=0.86
j:4, 0, stif=0.949, rotstif=0.822
j:2, 0, stif=0.988, rotstif=0.652
j:6, 0, rotstif=0.958
j:7, 6, rotstif=0.952
j:8, 0
", hence assigned it a special ("infeasible solution") fitness value: [-999999.0]
261	88    	1.08098    	0.621221   	0.239718   	1.6576     
Selection: ignoring 1 infeasible solution in a population of size 100
262	90    	1.22141    	0.585307   	0.200323   	1.6576     
263	89    	1.03561    	0.605865   	0.183864   	1.6576     
264	89    	1.02747    	0.613781   	0.240296   	1.6576     
265	88    	1.14556    	0.612385   	0.199638   	1.6576     
266	95    	1.0492     	0.624421   	0.200323   	1.6576     
267	99    	1.21937    	0.587112   	0.201202   	1.6576     
268	91    	1.12847    	0.593185   	0.198145   	1.6576     
269	92    	1.11893    	0.621099   	0.183776   	1.6576     
270	94    	1.11047    	0.623095   	0.18375    	1.6576     
271	88    	1.22475    	0.587954   	0.198227   	1.6576     
272	92    	1.09962    	0.620244   	0.18378    	1.6576     
273	95    	1.14379    	0.606525   	0.198882   	1.6576     
274	92    	1.13569    	0.629252   	0.172633   	1.6576     
275	94    	1.07816    	0.610228   	0.199887   	1.6576     
276	90    	1.10923    	0.623378   	0.200547   	1.6576     
277	96    	1.16131    	0.601527   	0.235892   	1.6576     
278	91    	1.09799    	0.620465   	0.197494   	1.6576     
279	94    	1.21436    	0.584515   	0.198882   	1.6576     
280	87    	1.08215    	0.631964   	0.198408   	1.67005    
281	93    	1.20271    	0.60256    	0.198882   	1.67085    
282	90    	1.17857    	0.632701   	0.178585   	1.67444    
283	95    	1.1183     	0.619366   	0.178585   	1.67444    
284	95    	1.18336    	0.617078   	0.224521   	1.67444    
285	92    	1.22538    	0.615397   	0.179232   	1.67573    
286	91    	1.27348    	0.57672    	0.178639   	1.67647    
287	87    	1.31419    	0.582314   	0.178644   	1.67647    
288	90    	1.34831    	0.550899   	0.212927   	1.68134    
289	89    	1.22241    	0.604923   	0.176779   	1.68134    
290	91    	1.23766    	0.615143   	0.176779   	1.69769    
291	92    	1.15604    	0.631344   	0.241419   	1.69769    
292	93    	1.19007    	0.636797   	0.178234   	1.69848    
293	92    	1.22752    	0.629073   	0.241573   	1.69853    
294	91    	1.21812    	0.62572    	0.230864   	1.6989     
295	94    	1.12928    	0.659574   	0.246056   	1.69972    
296	94    	1.14345    	0.652146   	0.260343   	1.69972    
297	94    	1.22378    	0.634123   	0.238895   	1.69972    
298	94    	1.05331    	0.661264   	0.260341   	1.70013    
299	91    	1.20113    	0.63583    	0.260538   	1.70013    
300	92    	1.20256    	0.640457   	0.224821   	1.70013    
Best individuals:
(1.7001331562764885,) 	<--	 //0
p:-0.465, 0.336, 0.463, fr=0.261, ing=0.097
p:1.374, 0.274, 1.191, fr=0.819, ing=0.03
p:0.61908904135432, 1.1863380935580574, -0.9864399322012345, fr=0.54, ing=0.191
p:-0.27118519671165847, -0.7413309335937541, -1.2106170175844626, fr=1.627, ing=0.37
p:-0.994, 1.237, -0.952, fr=0.345, ing=0.093
p:-0.16664236908222718, -0.6172607632461515, 1.9621899240583054, fr=1.399, ing=0.03
p:-0.8229875258339089, 0.43059773998719875, 2.4282216767928833, fr=0.977, ing=0.71
p:-0.8108243351671026, 1.492012424881846, 4.08471707659486, fr=0.287, ing=0.259
j:0, 1, stif=0.994, rotstif=0.898
j:2, 0, stif=0.993, rotstif=0.961
j:5, 1, stif=0.851, rotstif=0.575
j:4, 0, stif=0.991, rotstif=0.728
j:3, 0, stif=0.988, rotstif=0.78
j:6, 0, rotstif=0.958
j:7, 6, rotstif=0.952

Saved 'C:\Users\alex3\Projects\AI sem 1\sem-1\BIA\Evolutionary Design\runs\2026-09-07_213255\gens\HoF-f0-2.gen' (1)
C:\Users\alex3\Projects\AI sem 1\sem-1\BIA\Evolutionary Design\stats\2026-09-07_21\HoF-f0-2.logbook.pkl
VMNeuronManager.autoload: Neuro classes added: Delay Light Nn PIDP PIDV SeeLight SeeLight2 S0 S1 Thr 
UserScripts.autoload: 20 user scripts added.
