Argument values: path=C:\Users\alex3\Projects\AI sem 1\sem-1\BIA\Evolutionary Design\Framsticks55, lib=None, sim=eval-allcriteria.sim;deterministic.sim;sample-period-2.sim;only-body.sim;uneven-ground.sim, genformat=0, initialgenotype=None, opt=vertpos, popsize=100, generations=300, tournament=10, pmut=0.9, pxov=0.2, hof_size=1, hof_savefile=C:\Users\alex3\Projects\AI sem 1\sem-1\BIA\Evolutionary Design\runs\2026-09-07_213255\gens\HoF-f0-4.gen, save_stats=C:\Users\alex3\Projects\AI sem 1\sem-1\BIA\Evolutionary Design\stats, max_numparts=30, max_numjoints=None, max_numneurons=None, max_numconnections=None, max_numgenochars=None
Using Framsticks version: 5.5
Home (writable) dir     : C:\Users\alex3\Projects\AI sem 1\sem-1\BIA\Evolutionary Design\Framsticks55\data
Resources dir           : C:\Users\alex3\Projects\AI sem 1\sem-1\BIA\Evolutionary Design\Framsticks55\data

Available objects: ['CheckpointEvent', 'Collision', 'CrCollision', 'Creature', 'CreatureSettings', 'CreatureSignals', 'CreatureSnapshot', 'Dictionary', 'ExpProperties', 'ExpState', 'ExtValue', 'File', 'FunctionReference', 'GenMan', 'GenManStats', 'GenePool', 'GenePools', 'Geno', 'GenoConverters', 'Genotype', 'Interface', 'Joint', 'Loader', 'Math', 'MechJoint', 'MechPart', 'MessageCatcher', 'Model', 'ModelGeometry', 'ModelSymmetry', 'Neuro', 'NeuroClass', 'NeuroClassLibrary', 'NeuroDef', 'NeuroSignals', 'NeuronsSimEnabled', 'ODE', 'Orient', 'Part', 'Population', 'Populations', 'Ref', 'Signal', 'SignalView', 'SimilMeasure', 'SimilMeasureDistribution', 'SimilMeasureGreedy', 'SimilMeasureHungarian', 'Simulator', 'SlaveSimulators', 'StopEvent', 'String', 'UserScripts', 'Vector', 'WireframeAppearance', 'World', 'WorldMap', 'WorldSignals', 'XYZ', '__builtins__', '__cached__', '__doc__', '__file__', '__loader__', '__name__', '__package__', '__spec__', 'c_api', 'ctypes', 'home_dir', 'init', 'os', 're', 'res_dir', 'sim_params', 'stats', 'sys']

Basic tests OK. Using settings: ['eval-allcriteria.sim', 'deterministic.sim', 'sample-period-2.sim', 'only-body.sim', 'uneven-ground.sim']

Simulator.load: Loading from 'eval-allcriteria.sim'
Loader.load: Comments read from file follow:
Loader.load:  Sample settings for evaluating many criteria of performance of a Framsticks creature.
Loader.load:  See the "evalcount" parameter if you want to speed the evaluation up or have a more stable result.
Loader.load:  Other important parameters are "Energy0" and "perfperiod".
Loader.load:  Put this file in the "data" subdirectory within the Framsticks distribution.
Simulator.load: Loaded genepool settings, 2 population settings, simulator settings from 'eval-allcriteria.sim'
Simulator.load: Loading from 'deterministic.sim'
Loader.load: Comments read from file follow:
Loader.load:  Parameter values that make the evaluation of a Framsticks creature deterministic.
Loader.load:  The values turn off random noise, so evaluation of the same genotype will always yield the same performance.
Loader.load:  The advantage is that you do not need to evaluate a genotype many times, and performance values are reliable.
Loader.load:  The disadvantage is that evolved creatures are "overfitting", i.e. rely entirely on the specific environment,
Loader.load:  and their behavior may be different in any other environment or (even slightly) changed conditions or parameter values,
Loader.load:  so each creature evolved using these settings must be later inspected using exactly the same setup.
Loader.load: 
Loader.load:  Before loading this file, load base settings, e.g. "eval-allcriteria.sim".
Loader.load:  Put this file in the "data" subdirectory within the Framsticks distribution.
Simulator.load: Loaded simulator settings from 'deterministic.sim'
Simulator.load: Loading from 'sample-period-2.sim'
Loader.load: Comments read from file follow:
Loader.load:  Very low "performance sampling period" in the first population to sample performance very often during lifespan
Loader.load:  and avoid overlooking some behavior. Averaged performance of sampled values is returned as the final value.
Loader.load:  See http://www.framsticks.com/a/al_params.html#exper-perfcalc
Loader.load: 
Loader.load:  Before loading this file, load base settings, e.g. "eval-allcriteria.sim".
Loader.load:  Put this file in the "data" subdirectory within the Framsticks distribution.
Simulator.load: Loaded population settings from 'sample-period-2.sim'
Simulator.load: Loading from 'only-body.sim'
Loader.load: Comments read from file follow:
Loader.load:  Turns off mutations in f0, f1, f4, fH related to brain (disables adding and modifying neurons)
Simulator.load: Loaded simulator settings from 'only-body.sim'
Simulator.load: Loading from 'uneven-ground.sim'
Loader.load: Comments read from file follow:
Loader.load:  Produces a microscopically uneven underlying heightfield, where the resting height ("vertpos") is sensitive to the shape of structures,
Loader.load:  because individual Parts settle at different elevations depending on the (world-centered) geometry of the structure.
Simulator.load: Loaded simulator settings from 'uneven-ground.sim'
gen	nevals	avg        	stddev     	min        	max        
0  	100   	-0.00966667	3.46945e-18	-0.00966667	-0.00966667
1  	93    	-0.00965667	0.000119768	-0.01      	-0.00933333
2  	90    	-0.00936537	0.00136721 	-0.01      	0.00412966 
3  	87    	-0.00508278	0.0256999  	-0.00966667	0.235206   
4  	89    	0.0350897  	0.0764386  	-0.00966667	0.236557   
Problem "'NoneType' object is not subscriptable" so could not evaluate genotype "//0
p:1.0
p:0.225, -0.063, 0.122
p:
p:1.0
p:0.635, -1.202, 0.176
j:1, 0
j:2, 1
j:3, 1
j:3, 0, rotstif=0.88
j:2, 3, stif=0.818
j:4, 3
", hence assigned it a special ("infeasible solution") fitness value: [-999999.0]
5  	96    	0.155379   	0.0834033  	-0.00933333	0.271502   
Selection: ignoring 1 infeasible solution in a population of size 100
6  	95    	0.200169   	0.0711011  	-0.00933333	0.271942   
7  	97    	0.214877   	0.0807473  	-0.00933333	0.282445   
8  	91    	0.231139   	0.0751073  	-0.00933333	0.303673   
9  	91    	0.234397   	0.0955735  	-0.00933333	0.380298   
10 	93    	0.256234   	0.0917864  	-0.00933333	0.380298   
11 	92    	0.272198   	0.114388   	-0.00933333	0.481274   
12 	94    	0.33036    	0.107066   	-0.00933333	0.486269   
13 	95    	0.376912   	0.117016   	0.0311505  	0.630493   
14 	93    	0.425747   	0.129932   	0.0635347  	0.660145   
15 	96    	0.467792   	0.175422   	0.109079   	0.662464   
16 	94    	0.509209   	0.188124   	0.100542   	0.746621   
17 	91    	0.562303   	0.181188   	0.131822   	0.851857   
18 	90    	0.573495   	0.213494   	0.0926979  	0.852301   
19 	92    	0.612294   	0.249237   	0.103244   	0.895206   
20 	90    	0.676791   	0.271843   	0.137819   	0.919291   
21 	91    	0.69479    	0.2719     	0.0944535  	0.921041   
22 	95    	0.671868   	0.299856   	0.11745    	0.921891   
23 	92    	0.723036   	0.290489   	0.152046   	0.969297   
24 	88    	0.660262   	0.320969   	0.0943431  	0.98195    
25 	94    	0.75946    	0.299504   	0.131162   	0.996614   
26 	90    	0.806627   	0.299627   	0.131161   	0.997314   
27 	94    	0.71075    	0.356447   	0.102716   	1.03092    
28 	93    	0.66772    	0.381478   	0.101076   	1.03092    
29 	88    	0.751721   	0.376209   	0.0953542  	1.03854    
30 	91    	0.756572   	0.388227   	0.0638407  	1.03931    
31 	93    	0.7283     	0.39405    	0.0635405  	1.04517    
32 	89    	0.805967   	0.366318   	0.0669247  	1.04696    
33 	95    	0.755764   	0.392457   	0.0553514  	1.04793    
34 	92    	0.778758   	0.379939   	0.0884067  	1.0643     
35 	93    	0.790969   	0.381907   	0.068209   	1.0643     
36 	93    	0.7586     	0.406836   	0.100269   	1.0643     
37 	88    	0.802246   	0.390049   	0.0892907  	1.06796    
38 	88    	0.788218   	0.390546   	0.10001    	1.06796    
39 	92    	0.819138   	0.385874   	0.0683168  	1.06909    
40 	90    	0.809577   	0.389181   	0.133929   	1.07027    
41 	91    	0.816002   	0.39103    	0.0968295  	1.07027    
42 	96    	0.801024   	0.392191   	0.0678101  	1.07352    
43 	88    	0.84982    	0.365784   	0.0750017  	1.07627    
44 	89    	0.746682   	0.417677   	0.0750017  	1.07697    
45 	86    	0.788739   	0.389113   	0.098981   	1.07697    
46 	94    	0.729198   	0.425672   	0.0691486  	1.07697    
47 	94    	0.748554   	0.42251    	0.119902   	1.07712    
48 	93    	0.728079   	0.415508   	0.113429   	1.07712    
49 	96    	0.751206   	0.41631    	0.0892426  	1.07712    
50 	95    	0.726912   	0.425618   	0.0966961  	1.07719    
51 	95    	0.772012   	0.412221   	0.0967123  	1.07719    
52 	91    	0.775952   	0.406995   	0.120977   	1.07988    
53 	90    	0.740374   	0.422813   	0.0691417  	1.13983    
54 	91    	0.75195    	0.418203   	0.110898   	1.13983    
55 	90    	0.737531   	0.442079   	0.0881104  	1.14397    
56 	94    	0.733292   	0.459722   	0.0592038  	1.15311    
57 	92    	0.774885   	0.452351   	0.111183   	1.15311    
58 	89    	0.761637   	0.460098   	0.103121   	1.15452    
59 	94    	0.818209   	0.456375   	0.0848584  	1.1567     
60 	88    	0.81354    	0.458671   	0.0850694  	1.15743    
61 	91    	0.740629   	0.482145   	0.100261   	1.15743    
62 	90    	0.817308   	0.456924   	0.100572   	1.15759    
63 	95    	0.763162   	0.475482   	0.0923261  	1.16501    
64 	96    	0.786248   	0.474187   	0.0790646  	1.16501    
65 	90    	0.832881   	0.459083   	0.0856779  	1.17256    
66 	94    	0.709157   	0.491635   	0.0904802  	1.19084    
67 	93    	0.77122    	0.492653   	0.0834148  	1.19084    
68 	87    	0.807847   	0.486711   	0.100962   	1.1918     
69 	96    	0.715084   	0.505519   	0.0841385  	1.1918     
70 	92    	0.695877   	0.510924   	0.0830071  	1.1918     
71 	91    	0.701052   	0.512214   	0.0542654  	1.1918     
72 	93    	0.722083   	0.506346   	0.0856976  	1.1918     
73 	96    	0.668956   	0.513052   	0.0679747  	1.1918     
74 	93    	0.740125   	0.501652   	0.0859737  	1.1918     
75 	90    	0.705617   	0.51253    	0.0389271  	1.1918     
76 	91    	0.682307   	0.514814   	0.0798482  	1.1918     
77 	91    	0.641797   	0.512397   	0.0590243  	1.1918     
78 	94    	0.613979   	0.510888   	0.0917029  	1.1918     
79 	93    	0.703237   	0.510852   	0.0830061  	1.1918     
80 	93    	0.708688   	0.511226   	0.0875827  	1.1918     
81 	94    	0.683986   	0.513306   	0.0540205  	1.1918     
82 	89    	0.565808   	0.49809    	0.0662444  	1.1918     
83 	92    	0.764625   	0.497929   	0.113271   	1.1918     
84 	95    	0.635229   	0.510523   	0.054049   	1.1918     
85 	87    	0.662364   	0.512132   	0.0540266  	1.1918     
86 	91    	0.678315   	0.509408   	0.0540266  	1.1918     
87 	92    	0.692452   	0.51114    	0.0908186  	1.19237    
88 	88    	0.802519   	0.496622   	0.0540219  	1.19237    
89 	88    	0.740025   	0.505311   	0.0830045  	1.19237    
90 	94    	0.605594   	0.50062    	0.0540259  	1.19237    
91 	90    	0.653054   	0.512673   	0.0830006  	1.19237    
92 	91    	0.659562   	0.51058    	0.0830006  	1.19237    
93 	92    	0.607008   	0.505679   	0.0536671  	1.19237    
94 	92    	0.660546   	0.510064   	0.0598094  	1.19237    
95 	91    	0.692686   	0.504883   	0.0870559  	1.19237    
96 	89    	0.716254   	0.503826   	0.118942   	1.19237    
97 	90    	0.803016   	0.492208   	0.0839941  	1.19237    
98 	87    	0.667037   	0.502933   	0.123426   	1.19237    
99 	94    	0.671891   	0.513153   	0.0859883  	1.19237    
100	95    	0.613972   	0.504353   	0.0539465  	1.19237    
101	94    	0.661093   	0.506756   	0.0525245  	1.19237    
102	93    	0.616595   	0.505851   	0.0916726  	1.19237    
103	95    	0.702075   	0.506055   	0.118096   	1.19237    
104	91    	0.761943   	0.504057   	0.0595467  	1.19237    
105	89    	0.792442   	0.490309   	0.0908242  	1.19237    
106	95    	0.598753   	0.49801    	0.0841636  	1.19237    
107	89    	0.745327   	0.501103   	0.0539498  	1.19237    
108	93    	0.680003   	0.506758   	0.0679228  	1.19237    
109	92    	0.620266   	0.499363   	0.0908202  	1.19237    
110	93    	0.656385   	0.511586   	0.0916752  	1.19237    
111	91    	0.655525   	0.509328   	0.0539501  	1.19237    
112	93    	0.886065   	0.463638   	0.0539465  	1.19237    
113	92    	0.697153   	0.511116   	0.0539501  	1.19237    
114	95    	0.617055   	0.495216   	0.0846236  	1.19237    
115	95    	0.644691   	0.511189   	0.0907993  	1.19237    
116	96    	0.718518   	0.500955   	0.122388   	1.19237    
117	89    	0.619622   	0.510774   	0.0540602  	1.19237    
118	90    	0.728432   	0.50837    	0.0960229  	1.19237    
119	95    	0.654794   	0.514129   	0.0830064  	1.19237    
120	90    	0.649273   	0.510514   	0.100236   	1.19237    
121	92    	0.67024    	0.508567   	0.0830033  	1.19237    
122	92    	0.688983   	0.505835   	0.0907276  	1.19237    
123	92    	0.565278   	0.501525   	0.0919001  	1.19237    
124	87    	0.751302   	0.505031   	0.0916778  	1.19237    
125	90    	0.671329   	0.508532   	0.0539266  	1.19237    
126	89    	0.722128   	0.501984   	0.0918895  	1.19237    
127	92    	0.657564   	0.510061   	0.0539934  	1.19237    
128	95    	0.665351   	0.504273   	0.0917039  	1.19237    
129	94    	0.720687   	0.503332   	0.0843297  	1.19237    
130	96    	0.737329   	0.507407   	0.0830119  	1.19237    
131	88    	0.740378   	0.504391   	0.122088   	1.19237    
132	93    	0.669273   	0.505773   	0.0678975  	1.19237    
133	89    	0.823931   	0.485958   	0.121712   	1.19237    
134	90    	0.611154   	0.502674   	0.053994   	1.19237    
135	94    	0.711883   	0.501236   	0.123021   	1.19237    
136	89    	0.730887   	0.507418   	0.0678563  	1.19237    
137	92    	0.704045   	0.505783   	0.0634193  	1.19237    
138	90    	0.680734   	0.509583   	0.084932   	1.19237    
139	88    	0.711519   	0.507102   	0.0679055  	1.19237    
140	93    	0.755008   	0.50489    	0.083015   	1.19237    
141	91    	0.828654   	0.485119   	0.125128   	1.19237    
142	91    	0.750963   	0.506034   	0.0928503  	1.19237    
143	91    	0.697237   	0.514556   	0.0811191  	1.19237    
144	88    	0.728167   	0.505777   	0.09151    	1.19241    
145	96    	0.704624   	0.511873   	0.0678977  	1.19241    
146	93    	0.678999   	0.513023   	0.0830051  	1.19241    
147	95    	0.694321   	0.509662   	0.0679069  	1.1925     
148	93    	0.6229     	0.510665   	0.0540573  	1.1925     
149	88    	0.683614   	0.511581   	0.121734   	1.1925     
150	93    	0.772125   	0.499006   	0.0678861  	1.1925     
151	93    	0.661046   	0.507811   	0.100789   	1.1925     
152	95    	0.586068   	0.49633    	0.0830089  	1.1925     
153	95    	0.702351   	0.507865   	0.0917511  	1.1925     
154	89    	0.655655   	0.513414   	0.0540644  	1.1925     
155	94    	0.61207    	0.501101   	0.0846027  	1.1925     
156	91    	0.781909   	0.495279   	0.123258   	1.1925     
157	91    	0.702237   	0.506988   	0.0540499  	1.1925     
158	97    	0.715536   	0.510897   	0.0706827  	1.1925     
159	95    	0.722291   	0.506515   	0.0632373  	1.1925     
160	89    	0.723618   	0.515888   	0.0652723  	1.1925     
161	95    	0.764443   	0.498396   	0.135902   	1.1925     
162	93    	0.665777   	0.50862    	0.0824443  	1.1925     
163	87    	0.745183   	0.504335   	0.0540216  	1.1925     
164	91    	0.671783   	0.506352   	0.0846667  	1.1925     
165	92    	0.716602   	0.509264   	0.0917602  	1.1925     
166	93    	0.689193   	0.508735   	0.118209   	1.1925     
167	91    	0.644744   	0.514118   	0.0539492  	1.1925     
168	90    	0.70527    	0.506686   	0.0678851  	1.1925     
169	94    	0.7028     	0.510127   	0.0440674  	1.1925     
170	93    	0.622796   	0.501566   	0.121518   	1.1925     
171	93    	0.742656   	0.505788   	0.0830072  	1.1925     
172	92    	0.702606   	0.503253   	0.0540577  	1.1925     
173	93    	0.699568   	0.509641   	0.0540618  	1.1925     
174	92    	0.78032    	0.501806   	0.054048   	1.1925     
175	91    	0.686445   	0.510991   	0.0540632  	1.1925     
176	92    	0.814339   	0.487      	0.0903098  	1.1925     
177	90    	0.713996   	0.513069   	0.0830006  	1.1925     
178	92    	0.610943   	0.505666   	0.0803132  	1.1925     
179	86    	0.764814   	0.508963   	0.0906866  	1.1925     
180	96    	0.638255   	0.507517   	0.091682   	1.1925     
181	86    	0.68828    	0.513594   	0.0916754  	1.1925     
182	90    	0.71901    	0.509234   	0.0813651  	1.1925     
183	96    	0.728881   	0.509157   	0.0678736  	1.1925     
184	93    	0.664655   	0.510663   	0.0678832  	1.1925     
185	97    	0.647197   	0.510084   	0.0915904  	1.1925     
186	91    	0.702562   	0.506913   	0.0803712  	1.1925     
187	93    	0.73182    	0.493005   	0.082705   	1.1925     
188	89    	0.640579   	0.50838    	0.0678832  	1.1925     
189	91    	0.729264   	0.5082     	0.101626   	1.1925     
190	93    	0.709074   	0.509538   	0.0540546  	1.1925     
191	97    	0.696801   	0.511715   	0.0827048  	1.1925     
192	86    	0.723532   	0.509071   	0.0369624  	1.1925     
193	86    	0.705894   	0.515651   	0.0540546  	1.1925     
194	93    	0.711866   	0.51023    	0.104417   	1.1925     
195	93    	0.715136   	0.507929   	0.100833   	1.1925     
196	93    	0.790029   	0.500097   	0.0452803  	1.1925     
197	91    	0.699274   	0.50889    	0.0827078  	1.1925     
198	96    	0.592113   	0.507906   	0.0679018  	1.1925     
199	96    	0.703146   	0.504535   	0.0539964  	1.1925     
200	92    	0.667319   	0.504177   	0.0540553  	1.1925     
201	92    	0.665111   	0.49942    	0.0679075  	1.1925     
202	86    	0.752938   	0.502827   	0.0915829  	1.1925     
203	91    	0.689612   	0.505684   	0.0830045  	1.1925     
204	92    	0.699754   	0.506685   	0.0847399  	1.1925     
205	93    	0.717494   	0.50917    	0.0539964  	1.19325    
206	92    	0.658267   	0.506181   	0.0540173  	1.19325    
207	90    	0.678299   	0.508988   	0.082659   	1.19453    
208	90    	0.586058   	0.494954   	0.091843   	1.19813    
209	95    	0.787953   	0.497451   	0.0848903  	1.20381    
210	93    	0.687971   	0.501738   	0.0852374  	1.20381    
211	92    	0.781771   	0.50134    	0.120791   	1.20406    
212	93    	0.653416   	0.507705   	0.0913664  	1.20408    
213	85    	0.791409   	0.506031   	0.061321   	1.20408    
214	92    	0.693045   	0.508756   	0.1307     	1.20412    
215	94    	0.727622   	0.506512   	0.0805463  	1.20422    
216	94    	0.828686   	0.491068   	0.0613283  	1.20424    
217	94    	0.841047   	0.491448   	0.107139   	1.20424    
218	94    	0.692695   	0.516476   	0.0650144  	1.20424    
219	92    	0.624868   	0.504673   	0.107127   	1.20424    
220	93    	0.689494   	0.51596    	0.0613082  	1.20424    
221	93    	0.661632   	0.521676   	0.0804959  	1.20426    
222	95    	0.735638   	0.504358   	0.090322   	1.20426    
223	89    	0.632327   	0.50834    	0.0903181  	1.20426    
224	92    	0.755652   	0.506797   	0.0853404  	1.20426    
225	98    	0.743042   	0.510086   	0.09316    	1.20434    
226	89    	0.767951   	0.513022   	0.0612791  	1.20434    
227	89    	0.712835   	0.512957   	0.0803506  	1.20437    
228	89    	0.754127   	0.504881   	0.0612791  	1.20437    
229	94    	0.743157   	0.510905   	0.080376   	1.20438    
230	88    	0.713401   	0.512541   	0.080376   	1.20438    
231	90    	0.732518   	0.513801   	0.080376   	1.20439    
232	90    	0.707529   	0.507648   	0.080437   	1.20442    
233	94    	0.842799   	0.493421   	0.0615696  	1.20442    
234	90    	0.652392   	0.509149   	0.0803972  	1.20444    
235	92    	0.825366   	0.494864   	0.120988   	1.20444    
236	96    	0.630156   	0.506554   	0.0579756  	1.20444    
237	90    	0.641948   	0.510142   	0.0901082  	1.20444    
238	94    	0.723572   	0.510754   	0.0884098  	1.20444    
239	90    	0.736696   	0.507604   	0.0901269  	1.20444    
240	93    	0.684644   	0.508425   	0.10729    	1.20444    
241	94    	0.676908   	0.518287   	0.0615735  	1.20445    
242	89    	0.78125    	0.498925   	0.0856059  	1.20446    
243	93    	0.729242   	0.515173   	0.0805107  	1.20446    
244	92    	0.69123    	0.514549   	0.0539963  	1.20446    
245	86    	0.804148   	0.492399   	0.109583   	1.20448    
246	92    	0.744125   	0.506157   	0.0564098  	1.20448    
247	92    	0.663089   	0.508297   	0.0918745  	1.20448    
248	88    	0.776385   	0.503601   	0.0805302  	1.20448    
249	96    	0.74449    	0.508874   	0.0919051  	1.20448    
250	91    	0.620439   	0.506978   	0.0856428  	1.20448    
251	87    	0.828536   	0.490538   	0.0901784  	1.20448    
252	92    	0.705432   	0.50971    	0.0804555  	1.20448    
253	93    	0.723208   	0.511766   	0.0835958  	1.20448    
254	91    	0.759092   	0.503045   	0.0937588  	1.20448    
255	88    	0.76205    	0.509782   	0.0614232  	1.20448    
256	92    	0.789239   	0.508637   	0.061492   	1.20448    
257	95    	0.65944    	0.510233   	0.0900921  	1.20448    
258	90    	0.750781   	0.508438   	0.0856428  	1.20448    
259	94    	0.763547   	0.508522   	0.080531   	1.20448    
260	97    	0.737751   	0.514538   	0.0415795  	1.20448    
261	94    	0.709848   	0.514009   	0.0613561  	1.20448    
262	92    	0.720389   	0.514983   	0.0614043  	1.20448    
263	92    	0.730341   	0.513861   	0.0805301  	1.20448    
264	91    	0.737831   	0.51638    	0.0856428  	1.20448    
265	90    	0.705629   	0.509975   	0.0615291  	1.20448    
266	96    	0.768117   	0.503316   	0.0901631  	1.20448    
267	91    	0.712175   	0.513356   	0.0792919  	1.20448    
268	89    	0.720582   	0.514253   	0.0937594  	1.20448    
269	93    	0.61047    	0.515934   	0.0614921  	1.20448    
270	93    	0.849223   	0.483165   	0.0918995  	1.20448    
271	93    	0.741588   	0.51278    	0.0616068  	1.20448    
272	88    	0.639658   	0.517151   	0.11037    	1.20449    
273	92    	0.712622   	0.513177   	0.0495815  	1.20449    
274	92    	0.775252   	0.50457    	0.110142   	1.20449    
275	94    	0.655628   	0.506562   	0.0614536  	1.20449    
276	84    	0.813932   	0.494246   	0.111094   	1.20449    
277	90    	0.80289    	0.502972   	0.0918392  	1.20449    
278	92    	0.69719    	0.508391   	0.107275   	1.20449    
279	96    	0.664089   	0.50975    	0.11602    	1.20449    
280	90    	0.718653   	0.503695   	0.0614536  	1.20449    
281	86    	0.760302   	0.502751   	0.0900759  	1.20449    
282	86    	0.708564   	0.514694   	0.111078   	1.20449    
283	92    	0.732286   	0.512127   	0.0614536  	1.20449    
284	88    	0.671903   	0.514552   	0.0614536  	1.20449    
285	95    	0.636209   	0.504575   	0.106253   	1.20449    
286	93    	0.775933   	0.514209   	0.068958   	1.20449    
287	87    	0.837431   	0.489539   	0.118368   	1.20449    
288	92    	0.796765   	0.499529   	0.090079   	1.20449    
289	89    	0.739575   	0.512647   	0.0918387  	1.20449    
290	90    	0.721794   	0.512708   	0.0856343  	1.20449    
291	89    	0.729295   	0.512913   	0.0614488  	1.20449    
292	89    	0.768627   	0.510139   	0.0614536  	1.20449    
293	96    	0.787519   	0.500857   	0.0804496  	1.20449    
294	88    	0.706439   	0.516567   	0.124278   	1.20449    
295	96    	0.736862   	0.504851   	0.0879241  	1.20449    
296	90    	0.778161   	0.50045    	0.121309   	1.20449    
297	93    	0.667335   	0.506499   	0.0804639  	1.20449    
298	94    	0.674361   	0.51006    	0.0805392  	1.20449    
299	86    	0.782473   	0.506633   	0.090063   	1.20449    
300	95    	0.691973   	0.516498   	0.0618358  	1.20449    
Best individuals:
(1.204489782039705,) 	<--	 //0
p:1.498, 0.06, 0.373, fr=0.721, ing=0.542
p:0.038, 0.657, 1.541, fr=1.316, ing=0.523
p:-0.4793419511701999, 1.0683286265737022, 2.24637515057588, fr=1.049, ing=0.217
p:0.319, 0.147, -1.211, fr=0.893, ing=0.184
p:-1.3403560090947582, 0.752500389669882, -0.8485572514254127, fr=0.721, ing=0.253
p:-1.157, 1.129, 0.488, fr=0.376, ing=0.207
p:-0.084, 0.079, 0.554, fr=0.755, ing=0.334
p:0.635, -1.202, 0.176, fr=1.352, ing=0.13
p:-0.7080303969169442, 0.8642190603272251, 2.2840916539370135, fr=1.569, ing=0.156
p:-0.603, 1.259, 0.95, fr=0.092, ing=0.038
j:6, 0, stif=0.988, rotstif=0.713
j:1, 0, stif=0.965, rotstif=0.927
j:8, 6, stif=0.959, rotstif=0.998
j:4, 6, stif=0.969, rotstif=0.97
j:3, 6, stif=0.969, rotstif=0.768
j:2, 6, stif=0.998, rotstif=0.998
j:5, 6, stif=0.927, rotstif=0.484
j:7, 6, rotstif=0.961
j:9, 1, stif=0.999, rotstif=0.525

Saved 'C:\Users\alex3\Projects\AI sem 1\sem-1\BIA\Evolutionary Design\runs\2026-09-07_213255\gens\HoF-f0-4.gen' (1)
C:\Users\alex3\Projects\AI sem 1\sem-1\BIA\Evolutionary Design\stats\2026-09-07_21\HoF-f0-4.logbook.pkl
VMNeuronManager.autoload: Neuro classes added: Delay Light Nn PIDP PIDV SeeLight SeeLight2 S0 S1 Thr 
UserScripts.autoload: 20 user scripts added.
